Component: ARM Compiler 5.05 update 1 (build 106) Tool: armlink [4d0efa]

==============================================================================

Section Cross References

    main.o(i.init_all) refers to segger_rtt.o(i.SEGGER_RTT_Init) for SEGGER_RTT_Init
    main.o(i.init_all) refers to segger_rtt_printf.o(i.SEGGER_RTT_printf) for SEGGER_RTT_printf
    main.o(i.init_all) refers to boot.o(i.boot_to_new_appilacation) for boot_to_new_appilacation
    main.o(i.init_all) refers to s132config.o(i.close_all_gpio) for close_all_gpio
    main.o(i.init_all) refers to in_flash_manage.o(i.InitEEprom) for InitEEprom
    main.o(i.init_all) refers to ex_flash.o(i.InitExFlash) for InitExFlash
    main.o(i.init_all) refers to upfile.o(i.InitUiFileCrc) for InitUiFileCrc
    main.o(i.init_all) refers to battery_adc.o(i.InitAdc) for InitAdc
    main.o(i.init_all) refers to lcd.o(i.LCD_Init) for LCD_Init
    main.o(i.init_all) refers to battery_adc.o(i.InitPower) for InitPower
    main.o(i.init_all) refers to wdt.o(i.V_InitWdt) for V_InitWdt
    main.o(i.init_all) refers to app_timer.o(i.app_timer_init) for app_timer_init
    main.o(i.init_all) refers to bsp.o(i.RtcTimeInit) for RtcTimeInit
    main.o(i.init_all) refers to ui_time.o(i.init_ui_time) for init_ui_time
    main.o(i.init_all) refers to hr_app.o(i.InitHeatRate) for InitHeatRate
    main.o(i.init_all) refers to bsp.o(i.InitMotor) for InitMotor
    main.o(i.init_all) refers to rfid52.o(i.Open32768) for Open32768
    main.o(i.init_all) refers to sleep.o(i.SleepInit) for SleepInit
    main.o(i.init_all) refers to lis3dh_driver.o(i.AccSensorConfig) for AccSensorConfig
    main.o(i.init_all) refers to lis3dh_driver.o(i.SetAccPowerOff) for SetAccPowerOff
    main.o(i.init_all) refers to bsp.o(i.ManagePowerOn) for ManagePowerOn
    main.o(i.init_all) refers to bsp.o(i.init_acc_time) for init_acc_time
    main.o(i.init_all) refers to bsp.o(i.start_acc_time) for start_acc_time
    main.o(i.init_all) refers to rfid52.o(i.InitRfid) for InitRfid
    main.o(i.init_all) refers to pedometer_klx.o(i.InitStep) for InitStep
    main.o(i.init_all) refers to rfid52.o(i.ChangeToRfid) for ChangeToRfid
    main.o(i.init_all) refers to hr_app.o(i.HrCheckWear) for HrCheckWear
    main.o(i.init_all) refers to in_flash_manage.o(.ARM.__AT_0x20007E00) for StuEeprom
    main.o(i.init_all) refers to in_flash_manage.o(i.Flash_ReadData) for Flash_ReadData
    main.o(i.init_all) refers to in_flash_manage.o(i.Flash_Erase_Page) for Flash_Erase_Page
    main.o(i.init_all) refers to in_flash_manage.o(i.Flash_Write_World) for Flash_Write_World
    main.o(i.init_all) refers to bsp.o(.data) for g_sensor_ok
    main.o(i.init_all) refers to utility.o(i.delay_ms) for delay_ms
    main.o(i.init_all) refers to s132config.o(i.s132_config_enable) for s132_config_enable
    main.o(i.main) refers to main.o(i.init_all) for init_all
    main.o(i.main) refers to s132config.o(i.power_manage) for power_manage
    main.o(i.main) refers to wdt.o(i.V_FeedWdog) for V_FeedWdog
    main.o(i.main) refers to protocol.o(i.task_and_ble_data) for task_and_ble_data
    main.o(i.main) refers to ui_app.o(i.task_ui) for task_ui
    main.o(i.main) refers to upfile.o(i.TaskBleUpfile) for TaskBleUpfile
    utility.o(i.delay_ms) refers to utility.o(i.delay_us) for delay_us
    data_use_api.o(i.ble_send_current_step) refers to data_use_api.o(i.ble_send_wait_to_success) for ble_send_wait_to_success
    data_use_api.o(i.ble_send_current_step) refers to softwarertc.o(.data) for time
    data_use_api.o(i.ble_send_current_step) refers to in_flash_manage.o(.ARM.__AT_0x20007E00) for StuEeprom
    data_use_api.o(i.ble_send_history_step) refers to softwarertc.o(i.ConvertToUTCTime) for ConvertToUTCTime
    data_use_api.o(i.ble_send_history_step) refers to data_use_api.o(i.ble_send_wait_to_success) for ble_send_wait_to_success
    data_use_api.o(i.ble_send_history_step) refers to in_flash_manage.o(.ARM.__AT_0x20007E00) for StuEeprom
    data_use_api.o(i.ble_send_hr) refers to softwarertc.o(i.ConvertToUTCTime) for ConvertToUTCTime
    data_use_api.o(i.ble_send_hr) refers to data_use_api.o(i.ble_send_wait_to_success) for ble_send_wait_to_success
    data_use_api.o(i.ble_send_hr) refers to memseta.o(.text) for __aeabi_memclr
    data_use_api.o(i.ble_send_hr) refers to data_use_api.o(.data) for len
    data_use_api.o(i.ble_send_step) refers to softwarertc.o(i.ConvertToUTCTime) for ConvertToUTCTime
    data_use_api.o(i.ble_send_step) refers to data_use_api.o(i.ble_send_wait_to_success) for ble_send_wait_to_success
    data_use_api.o(i.ble_send_wait_to_success) refers to s132config.o(i.power_manage) for power_manage
    data_use_api.o(i.ble_send_wait_to_success) refers to wdt.o(i.V_FeedWdog) for V_FeedWdog
    data_use_api.o(i.ble_send_wait_to_success) refers to ui_app.o(i.task_ui) for task_ui
    data_use_api.o(i.ble_send_wait_to_success) refers to s132config.o(i.is_ble_tx_enable) for is_ble_tx_enable
[...]
    0x0002abe6   0x00000002   PAD
    0x0002abe8   0x00000210   Code   RO         6999    i.SEGGER_RTT_vprintf  segger_rtt_printf.o
    0x0002adf8   0x00000018   Code   RO         6619    i.SPIM0_SPIS0_TWIM0_TWIS0_SPI0_TWI0_IRQHandler  nrf_drv_spi.o
    0x0002ae10   0x00000014   Code   RO         6620    i.SPIM1_SPIS1_TWIM1_TWIS1_SPI1_TWI1_IRQHandler  nrf_drv_spi.o
    0x0002ae24   0x0000009c   Code   RO         8562    i.SPI_FLASH_ReadCont  ex_flash.o
    0x0002aec0   0x0000003c   Code   RO         8563    i.SPI_FLASH_WaitForWriteEnd  ex_flash.o
    0x0002aefc   0x000000ac   Code   RO         8564    i.SPI_FLASH_WriteCont  ex_flash.o
    0x0002afa8   0x00000008   Code   RO         5339    i.SWI0_EGU0_IRQHandler  app_timer.o
    0x0002afb0   0x00000038   Code   RO         7054    i.SWI2_EGU2_IRQHandler  softdevice_handler.o
    0x0002afe8   0x00000014   Code   RO          840    i.SemEmpty          sem.o
    0x0002affc   0x000000c8   Code   RO         7720    i.SendAlarm         protocol.o
    0x0002b0c4   0x0000003c   Code   RO         7721    i.SendItems         protocol.o
    0x0002b100   0x00000034   Code   RO         7722    i.SendMsg           protocol.o
    0x0002b134   0x00000038   Code   RO         7572    i.SendPack          upfile.o
    0x0002b16c   0x00000014   Code   RO         8500    i.SendPower20Notice  alarm.o
    0x0002b180   0x00000014   Code   RO         8501    i.SendSedentaryNotice  alarm.o
    0x0002b194   0x0000002c   Code   RO          841    i.SendSem           sem.o
    0x0002b1c0   0x000001e8   Code   RO         7723    i.SendSleepIndex    protocol.o
    0x0002b3a8   0x0000018c   Code   RO         7724    i.SendSleepRecord   protocol.o
    0x0002b534   0x00000044   Code   RO         8148    i.SetAccPowerOff    lis3dh_driver.o
    0x0002b578   0x00000094   Code   RO         7725    i.SetBandPara       protocol.o
    0x0002b60c   0x00000144   Code   RO         7726    i.SetBandParaAlarm  protocol.o
    0x0002b750   0x0000014c   Code   RO         7727    i.SetBandParaAlarm_new  protocol.o
    0x0002b89c   0x00000178   Code   RO         7728    i.SetBandParaSendentary  protocol.o
    0x0002ba14   0x00000028   Code   RO         7729    i.SetHighSpeed      protocol.o
    0x0002ba3c   0x0000002c   Code   RO         8149    i.SetPowerMode      lis3dh_driver.o
    0x0002ba68   0x00000014   Code   RO         7458    i.SetRssi           rfid52.o
    0x0002ba7c   0x0000004c   Code   RO         7730    i.SetSendentarypara  protocol.o
    0x0002bac8   0x00000084   Code   RO         7731    i.SetTime           protocol.o
    0x0002bb4c   0x00000158   Code   RO         8678    i.ShowIcon          lcd.o
    0x0002bca4   0x00000058   Code   RO         8837    i.ShowPowerLow      ui_app.o
    0x0002bcfc   0x00000064   Code   RO         7948    i.SleepInit         sleep.o
    0x0002bd60   0x0000002c   Code   RO         8565    i.SpiSend           ex_flash.o
    0x0002bd8c   0x000000e8   Code   RO         7888    i.SportsProcess     pedometer_klx.o
    0x0002be74   0x00000098   Code   RO         5024    i.StartAdc          battery_adc.o
    0x0002bf0c   0x000000a0   Code   RO         7201    i.StartAdv          s132config.o
    0x0002bfac   0x000000d4   Code   RO         8566    i.StartFlashSpi     ex_flash.o
    0x0002c080   0x00000074   Code   RO         9185    i.StartHeatRate     hr_app.o
    0x0002c0f4   0x00000010   Code   RO         1140    i.SystemCoreClockUpdate  system_nrf52.o
    0x0002c104   0x00000250   Code   RO         1141    i.SystemInit        system_nrf52.o
    0x0002c354   0x000000b4   Code   RO         8682    i.TFT_ShowBmp_Flash  lcd.o
    0x0002c408   0x00000100   Code   RO         8683    i.TFT_ShowBmp_Flash_POINT  lcd.o
    0x0002c508   0x000000d4   Code   RO         8502    i.TaskAlarmCheck    alarm.o
    0x0002c5dc   0x00000050   Code   RO         9186    i.TaskAutoDetectHeartRate  hr_app.o
    0x0002c62c   0x00000228   Code   RO         7573    i.TaskBleUpfile     upfile.o
    0x0002c854   0x00000070   Code   RO         9187    i.TaskCheckWearAndTestHr  hr_app.o
    0x0002c8c4   0x000000c0   Code   RO         5025    i.TaskGetPower      battery_adc.o
    0x0002c984   0x00000284   Code   RO         7574    i.TaskP24UpdataFile  upfile.o
    0x0002cc08   0x000000e0   Code   RO         7575    i.TaskPrintfFile    upfile.o
    0x0002cce8   0x00000070   Code   RO         8503    i.TaskSendentaryCheck  alarm.o
    0x0002cd58   0x00000198   Code   RO         7949    i.TaskSleep         sleep.o
    0x0002cef0   0x000000fc   Code   RO          882    i.TaskSport         bsp.o
    0x0002cfec   0x00000034   Code   RO         7576    i.TaskUpFile        upfile.o
    0x0002d020   0x00000108   Code   RO         7950    i.TestPrintfSleep   sleep.o
    0x0002d128   0x0000028c   Code   RO         7951    i.TestPrintfaddr    sleep.o
    0x0002d3b4   0x00000024   Code   RO         4513    i.UARTE0_UART0_IRQHandler  nrf_drv_uart.o
    0x0002d3d8   0x00000020   Code   RO          800    i.V_FeedWdog        wdt.o
    0x0002d3f8   0x00000058   Code   RO          801    i.V_InitWdt         wdt.o
    0x0002d450   0x00000044   Code   RO         7577    i.WriteBvkFlash     upfile.o
    0x0002d494   0x00000034   Code   RO          627    i.WriteDataToQueue  queueu51822.o
    0x0002d4c8   0x00000028   Code   RO         8567    i.WriteEn           ex_flash.o
    0x0002d4f0   0x000000a4   Code   RO         7578    i.WriteFlgBootSys   upfile.o
    0x0002d594   0x0000005c   Code   RO         9188    i.WriteHeatRate     hr_app.o
    0x0002d5f0   0x00000070   Code   RO         6863    i._DoInit           segger_rtt.o
    0x0002d660   0x0000001c   Code   RO         6864    i._GetAvailWriteSpace  segger_rtt.o
    0x0002d67c   0x000000ec   Code   RO         7000    i._PrintInt         segger_rtt_printf.o
    0x0002d768   0x000000ec   Code   RO         7001    i._PrintUnsigned    segger_rtt_printf.o
    0x0002d854   0x00000044   Code   RO         7002    i._StoreChar        segger_rtt_printf.o
    0x0002d898   0x00000072   Code   RO         6866    i._WriteBlocking    segger_rtt.o
    0x0002d90a   0x0000004c   Code   RO         6867    i._WriteNoCheck     segger_rtt.o
    0x0002d956   0x00000002   PAD
    0x0002d958   0x00000028   Code   RO         9940    i.__0sprintf$8      mc_w.l(printf8.o)
    0x0002d980   0x0000007a   Code   RO         9694    i.__hardfp_sqrt     m_wm.l(sqrt.o)
    0x0002d9fa   0x0000000e   Code   RO        10050    i.__scatterload_copy  mc_w.l(handlers.o)
    0x0002da08   0x00000002   Code   RO        10051    i.__scatterload_null  mc_w.l(handlers.o)
    0x0002da0a   0x0000000e   Code   RO        10052    i.__scatterload_zeroinit  mc_w.l(handlers.o)
    0x0002da18   0x00000038   Code   RO          484    i.__sd_nvic_app_accessible_irq  in_flash_manage.o
    0x0002da50   0x00000038   Code   RO         7055    i.__sd_nvic_app_accessible_irq  softdevice_handler.o
    0x0002da88   0x0000000c   Code   RO         5630    i.__sd_nvic_irq_disable  app_util_platform.o
    0x0002da94   0x0000000c   Code   RO        10023    i.__set_errno       mc_w.l(errno.o)
    0x0002daa0   0x00000410   Code   RO         9945    i._printf_core      mc_w.l(printf8.o)
    0x0002deb0   0x00000024   Code   RO         9946    i._printf_post_padding  mc_w.l(printf8.o)
    0x0002ded4   0x0000002e   Code   RO         9947    i._printf_pre_padding  mc_w.l(printf8.o)
    0x0002df02   0x0000000a   Code   RO         9949    i._sputc            mc_w.l(printf8.o)
    0x0002df0c   0x0000000e   Code   RO         8150    i.acc_click_irq     lis3dh_driver.o
    0x0002df1a   0x00000002   PAD
    0x0002df1c   0x0000001c   Code   RO          883    i.acc_time_event_handler  bsp.o
    0x0002df38   0x00000032   Code   RO         1998    i.addr_compare      id_manager.o
    0x0002df6a   0x00000018   Code   RO         1331    i.addr_is_valid     ble_advertising.o
    0x0002df82   0x00000002   PAD
    0x0002df84   0x0000002c   Code   RO         5962    i.address_is_valid  fds.o
    0x0002dfb0   0x0000016c   Code   RO         1221    i.adv_data_encode   ble_advdata.o
    0x0002e11c   0x00000060   Code   RO         1332    i.adv_mode_next_avail_get  ble_advertising.o
    0x0002e17c   0x00000012   Code   RO         1333    i.adv_mode_next_get  ble_advertising.o
    0x0002e18e   0x00000012   Code   RO         1222    i.advdata_check     ble_advdata.o
    0x0002e1a0   0x00000110   Code   RO         7202    i.advertising_init  s132config.o
    0x0002e2b0   0x00000056   Code   RO         1999    i.ah                id_manager.o
    0x0002e306   0x00000010   Code   RO         3855    i.all_req_attrs_parsed  ancs_attr_parser.o
    0x0002e316   0x00000002   PAD
    0x0002e318   0x00000050   Code   RO          884    i.ana_step_datas_in_500ms  bsp.o
    0x0002e368   0x00000154   Code   RO         7732    i.ana_time_point    protocol.o
    0x0002e4bc   0x000000ba   Code   RO         3856    i.ancs_parse_get_attrs_response  ancs_attr_parser.o
    0x0002e576   0x00000008   Code   RO         7203    i.app_attr_print    s132config.o
    0x0002e57e   0x00000002   PAD
    0x0002e580   0x00000038   Code   RO          885    i.app_error_fault_handler  bsp.o
    0x0002e5b8   0x0000009c   Code   RO          886    i.app_error_handler  bsp.o
    0x0002e654   0x00000034   Code   RO         3857    i.app_id_parse      ancs_attr_parser.o
    0x0002e688   0x0000003c   Code   RO         5342    i.app_timer_create  app_timer.o
    0x0002e6c4   0x0000005c   Code   RO         5343    i.app_timer_init    app_timer.o
    0x0002e720   0x00000054   Code   RO         5346    i.app_timer_start   app_timer.o
    0x0002e774   0x00000030   Code   RO         5347    i.app_timer_stop    app_timer.o
    0x0002e7a4   0x0000000c   Code   RO         5631    i.app_util_critical_region_enter  app_util_platform.o
    0x0002e7b0   0x00000048   Code   RO         5632    i.app_util_critical_region_exit  app_util_platform.o
    0x0002e7f8   0x00000052   Code   RO         1223    i.appearance_encode  ble_advdata.o
    0x0002e84a   0x00000002   PAD
    0x0002e84c   0x00000038   Code   RO         7204    i.apple_notification_error_handler  s132config.o
    0x0002e884   0x00000070   Code   RO         7205    i.apple_notification_setup  s132config.o
    0x0002e8f4   0x00000058   Code   RO         3424    i.apply_pending_flags_check  gatt_cache_manager.o
    0x0002e94c   0x000000c2   Code   RO         3858    i.attr_data_parse   ancs_attr_parser.o
    0x0002ea0e   0x00000060   Code   RO         3859    i.attr_id_parse     ancs_attr_parser.o
    0x0002ea6e   0x0000001c   Code   RO         3860    i.attr_is_requested  ancs_attr_parser.o
    0x0002ea8a   0x00000014   Code   RO         3861    i.attr_len1_parse   ancs_attr_parser.o
    0x0002ea9e   0x00000078   Code   RO         3862    i.attr_len2_parse   ancs_attr_parser.o
    0x0002eb16   0x0000005e   Code   RO         3863    i.attr_skip         ancs_attr_parser.o
    0x0002eb74   0x00000014   Code   RO         3135    i.auth_status_failure_process  security_dispatcher.o
    0x0002eb88   0x0000001c   Code   RO         3136    i.auth_status_process  security_dispatcher.o
    0x0002eba4   0x000000bc   Code   RO         3137    i.auth_status_success_process  security_dispatcher.o
    0x0002ec60   0x00000094   Code   RO         1224    i.ble_advdata_set   ble_advdata.o
    0x0002ecf4   0x0000017c   Code   RO         1335    i.ble_advertising_init  ble_advertising.o
    0x0002ee70   0x00000032   Code   RO         1336    i.ble_advertising_on_ble_evt  ble_advertising.o
    0x0002eea2   0x00000002   PAD
    0x0002eea4   0x0000004c   Code   RO         1337    i.ble_advertising_on_sys_evt  ble_advertising.o
    0x0002eef0   0x00000170   Code   RO         1340    i.ble_advertising_start  ble_advertising.o
    0x0002f060   0x00000030   Code   RO         1341    i.ble_advertising_whitelist_reply  ble_advertising.o
    0x0002f090   0x00000010   Code   RO         3609    i.ble_ancs_c_data_source_notif_enable  nrf_ble_ancs_c.o
    0x0002f0a0   0x000000d0   Code   RO         3610    i.ble_ancs_c_init   nrf_ble_ancs_c.o
    0x0002f170   0x00000010   Code   RO         3613    i.ble_ancs_c_notif_source_notif_enable  nrf_ble_ancs_c.o
    0x0002f180   0x0000003a   Code   RO         3614    i.ble_ancs_c_on_ble_evt  nrf_ble_ancs_c.o
    0x0002f1ba   0x000000ee   Code   RO         3615    i.ble_ancs_c_on_db_disc_evt  nrf_ble_ancs_c.o
    0x0002f2a8   0x000000b8   Code   RO         3616    i.ble_ancs_get_notif_attrs  nrf_ble_ancs_c.o
    0x0002f360   0x00000016   Code   RO         3617    i.ble_ancs_verify_notification_format  nrf_ble_ancs_c.o
    0x0002f376   0x00000002   PAD
    0x0002f378   0x00000084   Code   RO         1465    i.ble_conn_params_init  ble_conn_params.o
    0x0002f3fc   0x0000003e   Code   RO         1466    i.ble_conn_params_on_ble_evt  ble_conn_params.o
    0x0002f43a   0x00000002   PAD
    0x0002f43c   0x00000010   Code   RO         1467    i.ble_conn_params_stop  ble_conn_params.o
    0x0002f44c   0x00000018   Code   RO         1548    i.ble_conn_state_conn_handles  ble_conn_state.o
    0x0002f464   0x00000018   Code   RO         1549    i.ble_conn_state_encrypted  ble_conn_state.o
    0x0002f47c   0x00000018   Code   RO         1551    i.ble_conn_state_mitm_protected  ble_conn_state.o
    0x0002f494   0x000000cc   Code   RO         1555    i.ble_conn_state_on_ble_evt  ble_conn_state.o
    0x0002f560   0x00000038   Code   RO         1557    i.ble_conn_state_role  ble_conn_state.o
    0x0002f598   0x0000003c   Code   RO         1558    i.ble_conn_state_status  ble_conn_state.o
    0x0002f5d4   0x00000024   Code   RO         1559    i.ble_conn_state_user_flag_acquire  ble_conn_state.o
    0x0002f5f8   0x0000001c   Code   RO         1560    i.ble_conn_state_user_flag_collection  ble_conn_state.o
    0x0002f614   0x00000028   Code   RO         1561    i.ble_conn_state_user_flag_get  ble_conn_state.o
    0x0002f63c   0x00000028   Code   RO         1562    i.ble_conn_state_user_flag_set  ble_conn_state.o
    0x0002f664   0x00000034   Code   RO         1705    i.ble_db_discovery_evt_register  ble_db_discovery.o
    0x0002f698   0x00000038   Code   RO         1706    i.ble_db_discovery_init  ble_db_discovery.o
    0x0002f6d0   0x0000006c   Code   RO         1707    i.ble_db_discovery_on_ble_evt  ble_db_discovery.o
    0x0002f73c   0x0000009c   Code   RO         1708    i.ble_db_discovery_start  ble_db_discovery.o
    0x0002f7d8   0x00000076   Code   RO         1225    i.ble_device_addr_encode  ble_advdata.o
    0x0002f84e   0x00000002   PAD
    0x0002f850   0x00000054   Code   RO         7207    i.ble_evt_dispatch  s132config.o
    0x0002f8a4   0x00000098   Code   RO         3542    i.ble_nus_init      ble_nus.o
    0x0002f93c   0x00000042   Code   RO         3543    i.ble_nus_on_ble_evt  ble_nus.o
    0x0002f97e   0x00000056   Code   RO         3544    i.ble_nus_string_send  ble_nus.o
    0x0002f9d4   0x000000fc   Code   RO          395    i.ble_send_current_step  data_use_api.o
    0x0002fad0   0x00000178   Code   RO          396    i.ble_send_history_step  data_use_api.o
    0x0002fc48   0x000000e4   Code   RO          397    i.ble_send_hr       data_use_api.o
    0x0002fd2c   0x00000062   Code   RO          398    i.ble_send_step     data_use_api.o
    0x0002fd8e   0x00000002   PAD
    0x0002fd90   0x00000060   Code   RO          399    i.ble_send_wait_to_success  data_use_api.o
    0x0002fdf0   0x00000012   Code   RO         1833    i.ble_srv_is_notification_enabled  ble_srv_common.o
    0x0002fe02   0x00000002   PAD
    0x0002fe04   0x00000128   Code   RO         7208    i.ble_stack_init    s132config.o
    0x0002ff2c   0x000000e4   Code   RO         9349    i.blood_presure_meas_timeout_handler  hrs3300.o
    0x00030010   0x00000068   Code   RO          722    i.boot_to_new_appilacation  boot.o
    0x00030078   0x00000002   Code   RO          887    i.button_event_handler  bsp.o
    0x0003007a   0x00000002   PAD
    0x0003007c   0x00000078   Code   RO         5026    i.cal_percentage    battery_adc.o
    0x000300f4   0x00000050   Code   RO          889    i.calc_step_time    bsp.o
    0x00030144   0x00000054   Code   RO         3618    i.cccd_configure    nrf_ble_ancs_c.o
    0x00030198   0x00000020   Code   RO         3425    i.cccd_written      gatt_cache_manager.o
    0x000301b8   0x00000020   Code   RO         4227    i.channel_free      nrf_drv_gpiote.o
    0x000301d8   0x00000010   Code   RO         4228    i.channel_handler_get  nrf_drv_gpiote.o
    0x000301e8   0x00000080   Code   RO         4229    i.channel_port_alloc  nrf_drv_gpiote.o
    0x00030268   0x0000000c   Code   RO         4230    i.channel_port_get  nrf_drv_gpiote.o
    0x00030274   0x00000060   Code   RO         1709    i.characteristics_discover  ble_db_discovery.o
    0x000302d4   0x0000004c   Code   RO         5027    i.charger_status    battery_adc.o
    0x00030320   0x00000020   Code   RO         5708    i.check_config      fstorage.o
    0x00030340   0x000000a4   Code   RO         8504    i.check_in_sedentary  alarm.o
    0x000303e4   0x00000090   Code   RO         7733    i.check_send_hr_real_time  protocol.o
    0x00030474   0x00000022   Code   RO         5963    i.chunk_is_aligned  fds.o
    0x00030496   0x00000002   PAD
    0x00030498   0x00000030   Code   RO         5964    i.chunk_queue_get_and_advance  fds.o
    0x000304c8   0x00000020   Code   RO         5965    i.chunk_queue_next  fds.o
    0x000304e8   0x0000002c   Code   RO         5966    i.chunk_queue_skip  fds.o
    0x00030514   0x00000046   Code   RO         2662    i.claim             peer_id.o
    0x0003055a   0x00000002   PAD
    0x0003055c   0x00000030   Code   RO         3973    i.clock_clk_started_notify  nrf_drv_clock.o
    0x0003058c   0x00000038   Code   RO         7209    i.close_all_gpio    s132config.o
    0x000305c4   0x00000052   Code   RO         3864    i.command_id_parse  ancs_attr_parser.o
    0x00030616   0x00000002   PAD
    0x00030618   0x00000090   Code   RO         5349    i.compare_reg_update  app_timer.o
    0x000306a8   0x0000005a   Code   RO         1226    i.conn_int_check    ble_advdata.o
    0x00030702   0x00000068   Code   RO         1227    i.conn_int_encode   ble_advdata.o
    0x0003076a   0x00000002   PAD
    0x0003076c   0x00000038   Code   RO         7210    i.conn_params_error_handler  s132config.o
    0x000307a4   0x0000007c   Code   RO         7211    i.conn_params_init  s132config.o
    0x00030820   0x00000084   Code   RO         1468    i.conn_params_negotiation  ble_conn_params.o
    0x000308a4   0x00000058   Code   RO         3138    i.conn_sec_update_process  security_dispatcher.o
    0x000308fc   0x000000f0   Code   RO          762    i.convert_time_to_Second  softwarertc.o
    0x000309ec   0x00000030   Code   RO         2199    i.data_length_update  nrf_ble_gatt.o
    0x00030a1c   0x000000d0   Code   RO          890    i.data_process_if_change_day  bsp.o
    0x00030aec   0x0000003c   Code   RO          400    i.data_use_packet_data  data_use_api.o
    0x00030b28   0x00000014   Code   RO         7212    i.db_disc_handler   s132config.o
    0x00030b3c   0x00000048   Code   RO         7213    i.db_discovery_init  s132config.o
    0x00030b84   0x00000018   Code   RO          365    i.delay_ms          utility.o
    0x00030b9c   0x00000024   Code   RO          366    i.delay_us          utility.o
    0x00030bc0   0x00000044   Code   RO         7214    i.delete_bonds      s132config.o
    0x00030c04   0x0000004a   Code   RO         5967    i.delete_execute    fds.o
    0x00030c4e   0x00000002   PAD
    0x00030c50   0x00000064   Code   RO          891    i.delete_history_data_same_to_today  bsp.o
    0x00030cb4   0x000000b6   Code   RO         1710    i.descriptors_discover  ble_db_discovery.o
    0x00030d6a   0x00000022   Code   RO         3139    i.disconnect_process  security_dispatcher.o
    0x00030d8c   0x000000c8   Code   RO         1711    i.discovery_complete_evt_trigger  ble_db_discovery.o
    0x00030e54   0x0000003e   Code   RO         1712    i.discovery_error_evt_trigger  ble_db_discovery.o
    0x00030e92   0x00000002   PAD
    0x00030e94   0x000000b8   Code   RO         8838    i.display_in_sleep_mode  ui_app.o
    0x00030f4c   0x00000064   Code   RO         5350    i.elapsed_ticks_acquire  app_timer.o
    0x00030fb0   0x00000038   Code   RO         3140    i.encryption_failure  security_dispatcher.o
    0x00030fe8   0x0000000a   Code   RO         5709    i.erase_execute     fstorage.o
    0x00030ff2   0x00000002   PAD
    0x00030ff4   0x00000020   Code   RO         7952    i.erase_sleep_flash  sleep.o
    0x00031014   0x00000024   Code   RO         7215    i.err_code_print    s132config.o
    0x00031038   0x00000054   Code   RO         1142    i.errata_108        system_nrf52.o
    0x0003108c   0x00000054   Code   RO         1143    i.errata_12         system_nrf52.o
    0x000310e0   0x00000030   Code   RO         1144    i.errata_16         system_nrf52.o
    0x00031110   0x00000054   Code   RO         1145    i.errata_31         system_nrf52.o
    0x00031164   0x00000030   Code   RO         1146    i.errata_32         system_nrf52.o
    0x00031194   0x00000054   Code   RO         1147    i.errata_36         system_nrf52.o
    0x000311e8   0x00000030   Code   RO         1148    i.errata_37         system_nrf52.o
    0x00031218   0x00000030   Code   RO         1149    i.errata_57         system_nrf52.o
    0x00031248   0x00000030   Code   RO         1150    i.errata_66         system_nrf52.o
    0x00031278   0x00000076   Code   RO         5969    i.event_prepare     fds.o
    0x000312ee   0x00000002   PAD
    0x000312f0   0x00000028   Code   RO         5970    i.event_send        fds.o
    0x00031318   0x00000042   Code   RO         3285    i.events_send_from_err_code  security_manager.o
    0x0003135a   0x00000002   PAD
    0x0003135c   0x00000020   Code   RO         1899    i.evt_send          gatts_cache_manager.o
    0x0003137c   0x00000020   Code   RO         2000    i.evt_send          id_manager.o
    0x0003139c   0x00000028   Code   RO         2757    i.evt_send          peer_manager.o
    0x000313c4   0x00000020   Code   RO         3141    i.evt_send          security_dispatcher.o
    0x000313e4   0x00000020   Code   RO         3286    i.evt_send          security_manager.o
    0x00031404   0x00000020   Code   RO         3426    i.evt_send          gatt_cache_manager.o
    0x00031424   0x00000058   Code   RO         5351    i.expired_timers_handler  app_timer.o
    0x0003147c   0x0000013c   Code   RO         2315    i.fds_evt_handler   peer_data_storage.o
    0x000315b8   0x00000048   Code   RO         5972    i.fds_file_delete   fds.o
    0x00031600   0x00000040   Code   RO         5973    i.fds_gc            fds.o
    0x00031640   0x000000ae   Code   RO         5974    i.fds_init          fds.o
    0x000316ee   0x00000002   PAD
    0x000316f0   0x00000058   Code   RO         5975    i.fds_record_close  fds.o
    0x00031748   0x00000016   Code   RO         5977    i.fds_record_find   fds.o
    0x0003175e   0x00000014   Code   RO         5978    i.fds_record_find_by_key  fds.o
    0x00031772   0x00000014   Code   RO         5979    i.fds_record_find_in_file  fds.o
    0x00031786   0x00000012   Code   RO         5980    i.fds_record_id_from_desc  fds.o
    0x00031798   0x0000004c   Code   RO         5982    i.fds_record_open   fds.o
    0x000317e4   0x0000001a   Code   RO         5983    i.fds_record_update  fds.o
    0x000317fe   0x00000014   Code   RO         5984    i.fds_record_write  fds.o
    0x00031812   0x0000001c   Code   RO         5985    i.fds_record_write_reserved  fds.o
    0x0003182e   0x00000002   PAD
    0x00031830   0x00000030   Code   RO         5986    i.fds_register      fds.o
    0x00031860   0x00000030   Code   RO         5987    i.fds_reserve       fds.o
    0x00031890   0x00000050   Code   RO         5988    i.fds_reserve_cancel  fds.o
    0x000318e0   0x00000034   Code   RO         5990    i.file_find_and_delete  fds.o
    0x00031914   0x0000000a   Code   RO         2316    i.file_id_to_peer_id  peer_data_storage.o
    0x0003191e   0x00000018   Code   RO         2317    i.file_id_within_pm_range  peer_data_storage.o
    0x00031936   0x00000022   Code   RO         6621    i.finish_transfer   nrf_drv_spi.o
    0x00031958   0x00000010   Code   RO         5991    i.flag_clear        fds.o
    0x00031968   0x00000012   Code   RO         3142    i.flag_id_init      security_dispatcher.o
    0x0003197a   0x00000012   Code   RO         3287    i.flag_id_init      security_manager.o
    0x0003198c   0x00000018   Code   RO         5992    i.flag_is_set       fds.o
    0x000319a4   0x00000010   Code   RO         5993    i.flag_set          fds.o
    0x000319b4   0x00000036   Code   RO         1228    i.flags_encode      ble_advdata.o
    0x000319ea   0x00000002   PAD
    0x000319ec   0x0000009c   Code   RO         3288    i.flags_set_from_err_code  security_manager.o
    0x00031a88   0x00000014   Code   RO         1342    i.flash_access_in_progress  ble_advertising.o
    0x00031a9c   0x00000038   Code   RO          724    i.flash_nvic_word_write  boot.o
    0x00031ad4   0x00000080   Code   RO         5710    i.fs_erase          fstorage.o
    0x00031b54   0x0000000e   Code   RO         5994    i.fs_event_handler  fds.o
    0x00031b62   0x00000018   Code   RO         5712    i.fs_flash_page_end_addr  fstorage.o
    0x00031b7a   0x00000002   PAD
    0x00031b7c   0x000000c0   Code   RO         5713    i.fs_init           fstorage.o
    0x00031c3c   0x00000018   Code   RO         5716    i.fs_queued_op_count_get  fstorage.o
    0x00031c54   0x00000094   Code   RO         5717    i.fs_store          fstorage.o
    0x00031ce8   0x0000006c   Code   RO         5718    i.fs_sys_event_handler  fstorage.o
    0x00031d54   0x00000078   Code   RO         7216    i.gap_params_init   s132config.o
    0x00031dcc   0x0000004c   Code   RO         7217    i.gatt_init         s132config.o
    0x00031e18   0x00000070   Code   RO         5995    i.gc_execute        fds.o
    0x00031e88   0x0000003c   Code   RO         5996    i.gc_init           fds.o
    0x00031ec4   0x00000028   Code   RO         5997    i.gc_next_page      fds.o
    0x00031eec   0x00000044   Code   RO         5998    i.gc_page_erase     fds.o
    0x00031f30   0x00000048   Code   RO         5999    i.gc_page_next      fds.o
    0x00031f78   0x00000040   Code   RO         6000    i.gc_record_copy    fds.o
    0x00031fb8   0x00000024   Code   RO         6001    i.gc_record_find_next  fds.o
    0x00031fdc   0x00000058   Code   RO         6002    i.gc_state_advance  fds.o
    0x00032034   0x0000002c   Code   RO         6003    i.gc_swap_erase     fds.o
    0x00032060   0x00000044   Code   RO         6004    i.gc_swap_pages     fds.o
    0x000320a4   0x00000020   Code   RO         6005    i.gc_swap_promote   fds.o
    0x000320c4   0x00000018   Code   RO         6006    i.gc_tag_new_swap   fds.o
    0x000320dc   0x00000020   Code   RO         6007    i.gc_update_swap_offset  fds.o
    0x000320fc   0x00000074   Code   RO         3427    i.gcm_ble_evt_handler  gatt_cache_manager.o
    0x00032170   0x00000078   Code   RO         3428    i.gcm_gscm_evt_handler  gatt_cache_manager.o
    0x000321e8   0x00000030   Code   RO         3429    i.gcm_im_evt_handler  gatt_cache_manager.o
    0x00032218   0x00000068   Code   RO         3430    i.gcm_init          gatt_cache_manager.o
    0x00032280   0x0000004c   Code   RO         3431    i.gcm_local_database_has_changed  gatt_cache_manager.o
    0x000322cc   0x00000018   Code   RO         3434    i.gcm_smd_evt_handler  gatt_cache_manager.o
    0x000322e4   0x00000038   Code   RO          892    i.get_acc_data      bsp.o
    0x0003231c   0x0000003c   Code   RO         2001    i.get_connection_by_conn_handle  id_manager.o
    0x00032358   0x00000034   Code   RO         2002    i.get_free_connection  id_manager.o
    0x0003238c   0x00000030   Code   RO         9027    i.get_int           ui_support.o
    0x000323bc   0x00000010   Code   RO         7218    i.get_mac           s132config.o
    0x000323cc   0x00000010   Code   RO         5352    i.get_time_escape_ms  app_timer.o
    0x000323dc   0x0000001c   Code   RO         1900    i.gscm_db_change_notification_done  gatts_cache_manager.o
    0x000323f8   0x00000014   Code   RO         1901    i.gscm_init         gatts_cache_manager.o
    0x0003240c   0x00000018   Code   RO         1902    i.gscm_local_database_has_changed  gatts_cache_manager.o
    0x00032424   0x00000090   Code   RO         1903    i.gscm_local_db_cache_apply  gatts_cache_manager.o
    0x000324b4   0x00000096   Code   RO         1905    i.gscm_local_db_cache_update  gatts_cache_manager.o
    0x0003254a   0x00000002   PAD
    0x0003254c   0x00000058   Code   RO         1906    i.gscm_pdb_evt_handler  gatts_cache_manager.o
    0x000325a4   0x00000024   Code   RO         1907    i.gscm_service_changed_ind_needed  gatts_cache_manager.o
    0x000325c8   0x0000003c   Code   RO         1908    i.gscm_service_changed_ind_send  gatts_cache_manager.o
    0x00032604   0x00000018   Code   RO         6008    i.header_is_valid   fds.o
    0x0003261c   0x000000d0   Code   RO         9350    i.heart_rate_meas_timeout_handler  hrs3300.o
    0x000326ec   0x00000060   Code   RO         9190    i.hr_bp_event_handler  hr_app.o
    0x0003274c   0x0000006c   Code   RO         9191    i.hr_data_in        hr_app.o
    0x000327b8   0x00000030   Code   RO         9192    i.hrs3300_power_on  hr_app.o
    0x000327e8   0x0000004c   Code   RO         2003    i.im_address_resolve  id_manager.o
    0x00032834   0x00000034   Code   RO         2004    i.im_ble_addr_get   id_manager.o
    0x00032868   0x000000ce   Code   RO         2005    i.im_ble_evt_handler  id_manager.o
    0x00032936   0x00000002   PAD
    0x00032938   0x00000030   Code   RO         2006    i.im_conn_handle_get  id_manager.o
    0x00032968   0x0000002c   Code   RO         2010    i.im_init           id_manager.o
    0x00032994   0x00000044   Code   RO         2011    i.im_is_duplicate_bonding_data  id_manager.o
    0x000329d8   0x00000022   Code   RO         2012    i.im_master_id_is_valid  id_manager.o
    0x000329fa   0x00000032   Code   RO         2013    i.im_master_ids_compare  id_manager.o
    0x00032a2c   0x00000010   Code   RO         2014    i.im_new_peer_id    id_manager.o
    0x00032a3c   0x0000007c   Code   RO         2015    i.im_pdb_evt_handler  id_manager.o
    0x00032ab8   0x0000002a   Code   RO         2016    i.im_peer_free      id_manager.o
    0x00032ae2   0x00000002   PAD
    0x00032ae4   0x00000028   Code   RO         2017    i.im_peer_id_get_by_conn_handle  id_manager.o
    0x00032b0c   0x00000040   Code   RO         2018    i.im_peer_id_get_by_master_id  id_manager.o
    0x00032b4c   0x00000048   Code   RO         2021    i.im_whitelist_get  id_manager.o
    0x00032b94   0x00000022   Code   RO         8505    i.in_hour_min       alarm.o
    0x00032bb6   0x00000002   PAD
    0x00032bb8   0x00000034   Code   RO          893    i.init_acc_time     bsp.o
    0x00032bec   0x0000010c   Code   RO            4    i.init_all          main.o
    0x00032cf8   0x00000118   Code   RO         6009    i.init_execute      fds.o
    0x00032e10   0x00000050   Code   RO         8978    i.init_ui_time      ui_time.o
    0x00032e60   0x00000050   Code   RO         5133    i.int_on_pin        app_button.o
    0x00032eb0   0x000000c4   Code   RO         7056    i.intern_softdevice_events_execute  softdevice_handler.o
    0x00032f74   0x00000018   Code   RO         1909    i.internal_state_reset  gatts_cache_manager.o
    0x00032f8c   0x0000002c   Code   RO         2023    i.internal_state_reset  id_manager.o
    0x00032fb8   0x00000020   Code   RO         2483    i.internal_state_reset  peer_database.o
    0x00032fd8   0x00000006   Code   RO         2663    i.internal_state_reset  peer_id.o
    0x00032fde   0x00000002   PAD
    0x00032fe0   0x0000002c   Code   RO         2758    i.internal_state_reset  peer_manager.o
    0x0003300c   0x0000000c   Code   RO         3435    i.internal_state_reset  gatt_cache_manager.o
    0x00033018   0x00000022   Code   RO         6622    i.irq_handler_spi   nrf_drv_spi.o
    0x0003303a   0x00000002   PAD
    0x0003303c   0x0000000c   Code   RO         7219    i.is_ble_tx_enable  s132config.o
    0x00033048   0x00000024   Code   RO         1713    i.is_char_discovery_reqd  ble_db_discovery.o
    0x0003306c   0x00000024   Code   RO         1469    i.is_conn_params_ok  ble_conn_params.o
    0x00033090   0x0000005e   Code   RO         1714    i.is_desc_discovery_reqd  ble_db_discovery.o
    0x000330ee   0x00000018   Code   RO         2024    i.is_valid_irk      id_manager.o
    0x00033106   0x00000010   Code   RO         6010    i.is_word_aligned   fds.o
    0x00033116   0x0000000c   Code   RO         3976    i.item_dequeue      nrf_drv_clock.o
    0x00033122   0x00000002   PAD
    0x00033124   0x00000080   Code   RO         8839    i.key_press_jump_index  ui_app.o
    0x000331a4   0x000000ca   Code   RO         8151    i.kx023Init         lis3dh_driver.o
    0x0003326e   0x000000be   Code   RO         8152    i.kx023softInit     lis3dh_driver.o
    0x0003332c   0x000001ec   Code   RO         9028    i.lcd_show_HR       ui_support.o
    0x00033518   0x0000008c   Code   RO         9029    i.lcd_show_K        ui_support.o
    0x000335a4   0x00000164   Code   RO         9030    i.lcd_show_alarm    ui_support.o
    0x00033708   0x000000e8   Code   RO         9031    i.lcd_show_battery  ui_support.o
    0x000337f0   0x00000026   Code   RO         9032    i.lcd_show_battery_charging  ui_support.o
    0x00033816   0x00000002   PAD
    0x00033818   0x0000016c   Code   RO         9033    i.lcd_show_distance  ui_support.o
    0x00033984   0x00000098   Code   RO         9034    i.lcd_show_pair     ui_support.o
    0x00033a1c   0x00000144   Code   RO         9035    i.lcd_show_sleep    ui_support.o
    0x00033b60   0x00000118   Code   RO         9036    i.lcd_show_sport_time  ui_support.o
    0x00033c78   0x00000118   Code   RO         9037    i.lcd_show_step     ui_support.o
    0x00033d90   0x000003bc   Code   RO         9038    i.lcd_show_time     ui_support.o
    0x0003414c   0x0000003a   Code   RO         8684    i.lcd_spi_send      lcd.o
    0x00034186   0x00000030   Code   RO         8685    i.lcd_swap_buf      lcd.o
    0x000341b6   0x00000002   PAD
    0x000341b8   0x0000001c   Code   RO         3979    i.lfclk_stop        nrf_drv_clock.o
    0x000341d4   0x00000014   Code   RO         2200    i.link_init         nrf_ble_gatt.o
    0x000341e8   0x000000c4   Code   RO         3289    i.link_secure       security_manager.o
    0x000342ac   0x0000008e   Code   RO         3143    i.link_secure_central  security_dispatcher.o
    0x0003433a   0x000000e8   Code   RO         3144    i.link_secure_central_existing_peer  security_dispatcher.o
    0x00034422   0x0000007c   Code   RO         3145    i.link_secure_central_new_peer  security_dispatcher.o
    0x0003449e   0x00000002   PAD
    0x000344a0   0x00000058   Code   RO         3146    i.link_secure_failure  security_dispatcher.o
    0x000344f8   0x00000080   Code   RO         3290    i.link_secure_pending_process  security_manager.o
    0x00034578   0x00000012   Code   RO         3147    i.link_secure_peripheral  security_dispatcher.o
    0x0003458a   0x00000002   PAD
    0x0003458c   0x0000013c   Code   RO         5353    i.list_insertions_handler  app_timer.o
    0x000346c8   0x000000a0   Code   RO         3436    i.local_db_apply_in_evt  gatt_cache_manager.o
    0x00034768   0x000000b8   Code   RO         3437    i.local_db_update_in_evt  gatt_cache_manager.o
    0x00034820   0x00000034   Code   RO         3082    i.lock_by_mask      pm_mutex.o
    0x00034854   0x0000001c   Code   RO            5    i.main              main.o
    0x00034870   0x00000076   Code   RO         1229    i.manuf_specific_data_encode  ble_advdata.o
    0x000348e6   0x00000022   Code   RO          763    i.monthLength       softwarertc.o
    0x00034908   0x000000b8   Code   RO          894    i.motor_timeout_handler  bsp.o
    0x000349c0   0x000000c2   Code   RO         1230    i.name_encode       ble_advdata.o
    0x00034a82   0x00000002   PAD
    0x00034a84   0x00000070   Code   RO         2025    i.new_connection    id_manager.o
    0x00034af4   0x00000034   Code   RO         2664    i.next_id_get       peer_id.o
    0x00034b28   0x00000310   Code   RO         7220    i.notif_attr_print  s132config.o
    0x00034e38   0x000000d8   Code   RO         7221    i.notif_print       s132config.o
    0x00034f10   0x0000002c   Code   RO         3865    i.notif_uid_parse   ancs_attr_parser.o
    0x00034f3c   0x00000016   Code   RO         4231    i.nrf_bitmask_bit_is_set  nrf_drv_gpiote.o
    0x00034f52   0x0000003c   Code   RO         3623    i.nrf_ble_ancs_c_attr_add  nrf_ble_ancs_c.o
    0x00034f8e   0x0000002a   Code   RO         3625    i.nrf_ble_ancs_c_handles_assign  nrf_ble_ancs_c.o
    0x00034fb8   0x00000036   Code   RO         3626    i.nrf_ble_ancs_c_request_attrs  nrf_ble_ancs_c.o
    0x00034fee   0x00000034   Code   RO         2206    i.nrf_ble_gatt_init  nrf_ble_gatt.o
    0x00035022   0x000000a8   Code   RO         2207    i.nrf_ble_gatt_on_ble_evt  nrf_ble_gatt.o
    0x000350ca   0x00000012   Code   RO         3980    i.nrf_clock_event_check  nrf_drv_clock.o
    0x000350dc   0x00000012   Code   RO         3981    i.nrf_clock_event_clear  nrf_drv_clock.o
    0x000350ee   0x00000002   PAD
    0x000350f0   0x0000000c   Code   RO         3983    i.nrf_clock_int_disable  nrf_drv_clock.o
    0x000350fc   0x00000010   Code   RO         3985    i.nrf_clock_lf_is_running  nrf_drv_clock.o
    0x0003510c   0x00000008   Code   RO         3986    i.nrf_clock_task_trigger  nrf_drv_clock.o
    0x00035114   0x00000068   Code   RO         3992    i.nrf_drv_clock_init  nrf_drv_clock.o
    0x0003517c   0x00000030   Code   RO         3996    i.nrf_drv_clock_lfclk_release  nrf_drv_clock.o
    0x000351ac   0x00000010   Code   RO         3998    i.nrf_drv_clock_on_sd_disable  nrf_drv_clock.o
    0x000351bc   0x00000034   Code   RO         3999    i.nrf_drv_clock_on_sd_enable  nrf_drv_clock.o
    0x000351f0   0x0000000e   Code   RO         4000    i.nrf_drv_clock_on_soc_event  nrf_drv_clock.o
    0x000351fe   0x00000002   PAD
    0x00035200   0x00000060   Code   RO         4180    i.nrf_drv_common_irq_enable  nrf_drv_common.o
    0x00035260   0x000000ac   Code   RO         4236    i.nrf_drv_gpiote_in_event_enable  nrf_drv_gpiote.o
    0x0003530c   0x000000dc   Code   RO         4237    i.nrf_drv_gpiote_in_init  nrf_drv_gpiote.o
    0x000353e8   0x00000060   Code   RO         4240    i.nrf_drv_gpiote_init  nrf_drv_gpiote.o
    0x00035448   0x00000014   Code   RO         4241    i.nrf_drv_gpiote_is_init  nrf_drv_gpiote.o
    0x0003545c   0x000000c0   Code   RO         6449    i.nrf_drv_saadc_buffer_convert  nrf_drv_saadc.o
    0x0003551c   0x00000088   Code   RO         6451    i.nrf_drv_saadc_channel_init  nrf_drv_saadc.o
    0x000355a4   0x000000a4   Code   RO         6453    i.nrf_drv_saadc_init  nrf_drv_saadc.o
    0x00035648   0x00000030   Code   RO         6456    i.nrf_drv_saadc_sample  nrf_drv_saadc.o
    0x00035678   0x00000164   Code   RO         6624    i.nrf_drv_spi_init  nrf_drv_spi.o
    0x000357dc   0x0000002c   Code   RO         6625    i.nrf_drv_spi_transfer  nrf_drv_spi.o
    0x00035808   0x00000058   Code   RO         6626    i.nrf_drv_spi_uninit  nrf_drv_spi.o
    0x00035860   0x00000088   Code   RO         6627    i.nrf_drv_spi_xfer  nrf_drv_spi.o
    0x000358e8   0x00000028   Code   RO         4255    i.nrf_gpio_cfg      nrf_drv_gpiote.o
    0x00035910   0x00000028   Code   RO         6628    i.nrf_gpio_cfg      nrf_drv_spi.o
    0x00035938   0x00000028   Code   RO         9436    i.nrf_gpio_cfg      iic_gpio.o
    0x00035960   0x0000002e   Code   RO         5028    i.nrf_gpio_cfg_input  battery_adc.o
    0x0003598e   0x0000001a   Code   RO         9437    i.nrf_gpio_cfg_input  iic_gpio.o
    0x000359a8   0x00000018   Code   RO         6629    i.nrf_gpio_cfg_output  nrf_drv_spi.o
    0x000359c0   0x00000030   Code   RO         7222    i.nrf_gpio_cfg_output  s132config.o
    0x000359f0   0x00000030   Code   RO         8153    i.nrf_gpio_cfg_output  lis3dh_driver.o
    0x00035a20   0x00000030   Code   RO         8686    i.nrf_gpio_cfg_output  lcd.o
    0x00035a50   0x00000030   Code   RO         9193    i.nrf_gpio_cfg_output  hr_app.o
    0x00035a80   0x00000018   Code   RO         9438    i.nrf_gpio_cfg_output  iic_gpio.o
    0x00035a98   0x00000032   Code   RO         4257    i.nrf_gpio_cfg_sense_set  nrf_drv_gpiote.o
    0x00035aca   0x00000016   Code   RO          895    i.nrf_gpio_pin_clear  bsp.o
    0x00035ae0   0x00000016   Code   RO         6630    i.nrf_gpio_pin_clear  nrf_drv_spi.o
    0x00035af6   0x00000016   Code   RO         7223    i.nrf_gpio_pin_clear  s132config.o
    0x00035b0c   0x00000016   Code   RO         8154    i.nrf_gpio_pin_clear  lis3dh_driver.o
    0x00035b22   0x00000016   Code   RO         8568    i.nrf_gpio_pin_clear  ex_flash.o
    0x00035b38   0x00000016   Code   RO         8687    i.nrf_gpio_pin_clear  lcd.o
    0x00035b4e   0x00000016   Code   RO         9194    i.nrf_gpio_pin_clear  hr_app.o
    0x00035b64   0x00000016   Code   RO         9439    i.nrf_gpio_pin_clear  iic_gpio.o
    0x00035b7a   0x00000018   Code   RO         4259    i.nrf_gpio_pin_read  nrf_drv_gpiote.o
    0x00035b92   0x00000018   Code   RO         5029    i.nrf_gpio_pin_read  battery_adc.o
    0x00035baa   0x00000018   Code   RO         8840    i.nrf_gpio_pin_read  ui_app.o
    0x00035bc2   0x00000018   Code   RO         9195    i.nrf_gpio_pin_read  hr_app.o
    0x00035bda   0x00000018   Code   RO         9440    i.nrf_gpio_pin_read  iic_gpio.o
    0x00035bf2   0x00000016   Code   RO          896    i.nrf_gpio_pin_set  bsp.o
    0x00035c08   0x00000016   Code   RO         6631    i.nrf_gpio_pin_set  nrf_drv_spi.o
    0x00035c1e   0x00000016   Code   RO         8155    i.nrf_gpio_pin_set  lis3dh_driver.o
    0x00035c34   0x00000016   Code   RO         8569    i.nrf_gpio_pin_set  ex_flash.o
    0x00035c4a   0x00000016   Code   RO         8688    i.nrf_gpio_pin_set  lcd.o
    0x00035c60   0x00000016   Code   RO         9196    i.nrf_gpio_pin_set  hr_app.o
    0x00035c76   0x00000016   Code   RO         9441    i.nrf_gpio_pin_set  iic_gpio.o
    0x00035c8c   0x00000028   Code   RO         4261    i.nrf_gpio_ports_read  nrf_drv_gpiote.o
    0x00035cb4   0x0000000c   Code   RO         4262    i.nrf_gpiote_event_addr_get  nrf_drv_gpiote.o
    0x00035cc0   0x0000001c   Code   RO         4263    i.nrf_gpiote_event_clear  nrf_drv_gpiote.o
    0x00035cdc   0x00000016   Code   RO         4264    i.nrf_gpiote_event_is_set  nrf_drv_gpiote.o
    0x00035cf2   0x00000002   PAD
    0x00035cf4   0x0000000c   Code   RO         4265    i.nrf_gpiote_int_enable  nrf_drv_gpiote.o
    0x00035d00   0x00000010   Code   RO         6460    i.nrf_saadc_buffer_init  nrf_drv_saadc.o
    0x00035d10   0x00000070   Code   RO         6592    i.nrf_saadc_channel_init  nrf_saadc.o
    0x00035d80   0x00000018   Code   RO         6461    i.nrf_saadc_channel_input_set  nrf_drv_saadc.o
    0x00035d98   0x00000014   Code   RO         6462    i.nrf_saadc_event_check  nrf_drv_saadc.o
    0x00035dac   0x00000018   Code   RO         6463    i.nrf_saadc_event_clear  nrf_drv_saadc.o
    0x00035dc4   0x0000000c   Code   RO         6464    i.nrf_saadc_int_disable  nrf_drv_saadc.o
    0x00035dd0   0x0000000c   Code   RO         6465    i.nrf_saadc_int_enable  nrf_drv_saadc.o
    0x00035ddc   0x0000000c   Code   RO         6467    i.nrf_saadc_task_trigger  nrf_drv_saadc.o
    0x00035de8   0x0000000e   Code   RO         6632    i.nrf_spi_event_clear  nrf_drv_spi.o
    0x00035df6   0x00000006   Code   RO         6633    i.nrf_spi_int_disable  nrf_drv_spi.o
    0x00035dfc   0x00000006   Code   RO         6634    i.nrf_spi_int_enable  nrf_drv_spi.o
    0x00035e02   0x00000006   Code   RO         6635    i.nrf_spi_txd_set   nrf_drv_spi.o
    0x00035e08   0x0000000c   Code   RO         4539    i.nrf_uart_errorsrc_get_and_clear  nrf_drv_uart.o
    0x00035e14   0x0000000e   Code   RO         4540    i.nrf_uart_event_check  nrf_drv_uart.o
    0x00035e22   0x0000000e   Code   RO         4541    i.nrf_uart_event_clear  nrf_drv_uart.o
    0x00035e30   0x00000006   Code   RO         4543    i.nrf_uart_int_disable  nrf_drv_uart.o
    0x00035e36   0x00000012   Code   RO         4545    i.nrf_uart_int_enable_check  nrf_drv_uart.o
    0x00035e48   0x00000006   Code   RO         4546    i.nrf_uart_task_trigger  nrf_drv_uart.o
    0x00035e4e   0x0000000c   Code   RO         4548    i.nrf_uarte_errorsrc_get_and_clear  nrf_drv_uart.o
    0x00035e5a   0x0000000e   Code   RO         4549    i.nrf_uarte_event_check  nrf_drv_uart.o
    0x00035e68   0x0000000e   Code   RO         4550    i.nrf_uarte_event_clear  nrf_drv_uart.o
    0x00035e76   0x0000000a   Code   RO         4554    i.nrf_uarte_rx_amount_get  nrf_drv_uart.o
    0x00035e80   0x00000012   Code   RO         7224    i.nus_data_handler  s132config.o
    0x00035e92   0x00000002   PAD
    0x00035e94   0x00000060   Code   RO         8689    i.oled_display_on   lcd.o
    0x00035ef4   0x0000005c   Code   RO         9040    i.oled_show_version  ui_support.o
    0x00035f50   0x000000a0   Code   RO         7225    i.on_adv_evt        s132config.o
    0x00035ff0   0x000000a0   Code   RO         7226    i.on_ancs_c_evt     s132config.o
    0x00036090   0x000000e0   Code   RO         7227    i.on_ble_evt        s132config.o
    0x00036170   0x00000180   Code   RO         1715    i.on_characteristic_discovery_rsp  ble_db_discovery.o
    0x000362f0   0x00000018   Code   RO         1470    i.on_conn_params_update  ble_conn_params.o
    0x00036308   0x00000038   Code   RO         1471    i.on_connect        ble_conn_params.o
    0x00036340   0x00000006   Code   RO         3545    i.on_connect        ble_nus.o
    0x00036346   0x00000002   PAD
    0x00036348   0x00000014   Code   RO         1343    i.on_connected      ble_advertising.o
    0x0003635c   0x00000066   Code   RO         2208    i.on_connected_evt  nrf_ble_gatt.o
    0x000363c2   0x0000001e   Code   RO         3627    i.on_ctrlpt_error_rsp  nrf_ble_ancs_c.o
    0x000363e0   0x00000054   Code   RO         2209    i.on_data_length_update_evt  nrf_ble_gatt.o
    0x00036434   0x00000044   Code   RO         2210    i.on_data_length_update_request_evt  nrf_ble_gatt.o
    0x00036478   0x00000130   Code   RO         1716    i.on_descriptor_discovery_rsp  ble_db_discovery.o
    0x000365a8   0x00000040   Code   RO         1472    i.on_disconnect     ble_conn_params.o
    0x000365e8   0x00000008   Code   RO         3546    i.on_disconnect     ble_nus.o
    0x000365f0   0x0000003c   Code   RO         1344    i.on_disconnected   ble_advertising.o
    0x0003662c   0x00000012   Code   RO         1717    i.on_disconnected   ble_db_discovery.o
    0x0003663e   0x00000010   Code   RO         3628    i.on_disconnected   nrf_ble_ancs_c.o
    0x0003664e   0x00000014   Code   RO         2211    i.on_disconnected_evt  nrf_ble_gatt.o
    0x00036662   0x0000003e   Code   RO         3629    i.on_evt_gattc_notif  nrf_ble_ancs_c.o
    0x000366a0   0x0000006c   Code   RO         2212    i.on_exchange_mtu_request_evt  nrf_ble_gatt.o
    0x0003670c   0x00000064   Code   RO         2213    i.on_exchange_mtu_rsp_evt  nrf_ble_gatt.o
    0x00036770   0x0000002c   Code   RO         5719    i.on_operation_failure  fstorage.o
    0x0003679c   0x00000078   Code   RO         5720    i.on_operation_success  fstorage.o
    0x00036814   0x00000080   Code   RO         1718    i.on_primary_srv_discovery_rsp  ble_db_discovery.o
    0x00036894   0x0000009c   Code   RO         1719    i.on_srv_disc_completion  ble_db_discovery.o
    0x00036930   0x00000038   Code   RO         1345    i.on_timeout        ble_advertising.o
    0x00036968   0x0000004c   Code   RO         1473    i.on_write          ble_conn_params.o
    0x000369b4   0x00000046   Code   RO         3547    i.on_write          ble_nus.o
    0x000369fa   0x0000002c   Code   RO         3630    i.on_write_rsp      nrf_ble_ancs_c.o
    0x00036a26   0x00000002   PAD
    0x00036a28   0x000000a4   Code   RO         6011    i.op_enqueue        fds.o
    0x00036acc   0x00000040   Code   RO         6012    i.page_from_record  fds.o
    0x00036b0c   0x0000002c   Code   RO         6013    i.page_has_space    fds.o
    0x00036b38   0x0000002c   Code   RO         6014    i.page_identify     fds.o
    0x00036b64   0x0000001e   Code   RO         6015    i.page_is_erased    fds.o
    0x00036b82   0x00000012   Code   RO         6016    i.page_offsets_update  fds.o
    0x00036b94   0x00000068   Code   RO         6017    i.page_scan         fds.o
    0x00036bfc   0x00000020   Code   RO         6018    i.page_tag_write_data  fds.o
    0x00036c1c   0x00000024   Code   RO         6019    i.page_tag_write_swap  fds.o
    0x00036c40   0x00000130   Code   RO         6020    i.pages_init        fds.o
    0x00036d70   0x00000084   Code   RO         3148    i.pairing_failure   security_dispatcher.o
    0x00036df4   0x00000048   Code   RO         3291    i.params_reply_pending_process  security_manager.o
    0x00036e3c   0x000000b4   Code   RO         3631    i.parse_notif       nrf_ble_ancs_c.o
    0x00036ef0   0x00000020   Code   RO         2485    i.pdb_evt_send      peer_database.o
    0x00036f10   0x00000044   Code   RO         2486    i.pdb_init          peer_database.o
    0x00036f54   0x0000000c   Code   RO         2488    i.pdb_next_deleted_peer_id_get  peer_database.o
    0x00036f60   0x0000000c   Code   RO         2489    i.pdb_next_peer_id_get  peer_database.o
    0x00036f6c   0x000001bc   Code   RO         2490    i.pdb_pds_evt_handler  peer_database.o
    0x00037128   0x00000008   Code   RO         2491    i.pdb_peer_allocate  peer_database.o
    0x00037130   0x00000016   Code   RO         2493    i.pdb_peer_data_ptr_get  peer_database.o
    0x00037146   0x00000058   Code   RO         2494    i.pdb_peer_free     peer_database.o
    0x0003719e   0x00000016   Code   RO         2495    i.pdb_raw_store     peer_database.o
    0x000371b4   0x00000134   Code   RO         2496    i.pdb_write_buf_get  peer_database.o
    0x000372e8   0x00000036   Code   RO         2497    i.pdb_write_buf_release  peer_database.o
    0x0003731e   0x00000002   PAD
    0x00037320   0x00000104   Code   RO         2498    i.pdb_write_buf_store  peer_database.o
    0x00037424   0x00000078   Code   RO         2499    i.pdb_write_buf_store_prepare  peer_database.o
    0x0003749c   0x00000020   Code   RO         2318    i.pds_evt_send      peer_data_storage.o
    0x000374bc   0x00000038   Code   RO         2319    i.pds_init          peer_data_storage.o
    0x000374f4   0x0000000c   Code   RO         2320    i.pds_next_deleted_peer_id_get  peer_data_storage.o
    0x00037500   0x0000000c   Code   RO         2321    i.pds_next_peer_id_get  peer_data_storage.o
    0x0003750c   0x0000005c   Code   RO         2324    i.pds_peer_data_iterate  peer_data_storage.o
    0x00037568   0x00000010   Code   RO         2325    i.pds_peer_data_iterate_prepare  peer_data_storage.o
    0x00037578   0x00000088   Code   RO         2326    i.pds_peer_data_read  peer_data_storage.o
    0x00037600   0x000000be   Code   RO         2327    i.pds_peer_data_store  peer_data_storage.o
    0x000376be   0x0000000c   Code   RO         2328    i.pds_peer_id_allocate  peer_data_storage.o
    0x000376ca   0x0000001e   Code   RO         2329    i.pds_peer_id_free  peer_data_storage.o
    0x000376e8   0x0000000c   Code   RO         2330    i.pds_peer_id_is_allocated  peer_data_storage.o
    0x000376f4   0x0000003c   Code   RO         2331    i.pds_space_reserve  peer_data_storage.o
    0x00037730   0x00000014   Code   RO         2332    i.pds_space_reserve_cancel  peer_data_storage.o
    0x00037744   0x0000001c   Code   RO         2500    i.peer_data_const_point_to_buffer  peer_database.o
    0x00037760   0x000000a4   Code   RO         2333    i.peer_data_delete  peer_data_storage.o
    0x00037804   0x00000040   Code   RO         2334    i.peer_data_find    peer_data_storage.o
    0x00037844   0x00000022   Code   RO         2335    i.peer_data_id_is_valid  peer_data_storage.o
    0x00037866   0x0000000a   Code   RO         2336    i.peer_data_id_to_record_key  peer_data_storage.o
    0x00037870   0x0000001a   Code   RO         2501    i.peer_data_point_to_buffer  peer_database.o
    0x0003788a   0x00000002   PAD
    0x0003788c   0x00000014   Code   RO         2665    i.peer_id_allocate  peer_id.o
    0x000378a0   0x0000002c   Code   RO         2666    i.peer_id_delete    peer_id.o
    0x000378cc   0x0000001c   Code   RO         2667    i.peer_id_free      peer_id.o
    0x000378e8   0x00000014   Code   RO         2668    i.peer_id_get_next_deleted  peer_id.o
    0x000378fc   0x00000038   Code   RO         2669    i.peer_id_get_next_used  peer_id.o
    0x00037934   0x00000020   Code   RO         2670    i.peer_id_init      peer_id.o
    0x00037954   0x0000001c   Code   RO         2671    i.peer_id_is_allocated  peer_id.o
    0x00037970   0x0000001c   Code   RO         2672    i.peer_id_is_deleted  peer_id.o
    0x0003798c   0x00000024   Code   RO         2026    i.peer_id_set       id_manager.o
    0x000379b0   0x0000000a   Code   RO         2337    i.peer_id_to_file_id  peer_data_storage.o
    0x000379ba   0x00000046   Code   RO         2338    i.peer_ids_load     peer_data_storage.o
    0x00037a00   0x00000130   Code   RO         7228    i.peer_manager_init  s132config.o
    0x00037b30   0x000000d2   Code   RO         2027    i.peers_id_keys_get  id_manager.o
    0x00037c02   0x00000002   PAD
    0x00037c04   0x00000044   Code   RO         1720    i.pending_user_evts_send  ble_db_discovery.o
    0x00037c48   0x0000001c   Code   RO         4268    i.pin_in_use_by_gpiote  nrf_drv_gpiote.o
    0x00037c64   0x00000018   Code   RO         4269    i.pin_in_use_by_port  nrf_drv_gpiote.o
    0x00037c7c   0x00000020   Code   RO         4270    i.pin_in_use_by_te  nrf_drv_gpiote.o
    0x00037c9c   0x0000000c   Code   RO         4271    i.pin_in_use_clear  nrf_drv_gpiote.o
    0x00037ca8   0x00000062   Code   RO         3040    i.pm_buffer_block_acquire  pm_buffer.o
    0x00037d0a   0x0000004e   Code   RO         3041    i.pm_buffer_init    pm_buffer.o
    0x00037d58   0x00000030   Code   RO         3042    i.pm_buffer_ptr_get  pm_buffer.o
    0x00037d88   0x00000028   Code   RO         3043    i.pm_buffer_release  pm_buffer.o
    0x00037db0   0x00000010   Code   RO         2760    i.pm_conn_sec_config_reply  peer_manager.o
    0x00037dc0   0x0000007c   Code   RO         2761    i.pm_conn_sec_status_get  peer_manager.o
    0x00037e3c   0x00000028   Code   RO         2762    i.pm_conn_secure    peer_manager.o
    0x00037e64   0x00000128   Code   RO         7229    i.pm_evt_handler    s132config.o
    0x00037f8c   0x000000be   Code   RO         2764    i.pm_gcm_evt_handler  peer_manager.o
    0x0003804a   0x00000002   PAD
    0x0003804c   0x00000058   Code   RO         2767    i.pm_im_evt_handler  peer_manager.o
    0x000380a4   0x000000a4   Code   RO         2768    i.pm_init           peer_manager.o
    0x00038148   0x0000001c   Code   RO         2770    i.pm_local_database_has_changed  peer_manager.o
    0x00038164   0x00000014   Code   RO         3083    i.pm_mutex_init     pm_mutex.o
    0x00038178   0x00000020   Code   RO         3084    i.pm_mutex_lock     pm_mutex.o
    0x00038198   0x00000030   Code   RO         3085    i.pm_mutex_lock_first_available  pm_mutex.o
    0x000381c8   0x00000024   Code   RO         3086    i.pm_mutex_lock_status_get  pm_mutex.o
    0x000381ec   0x00000038   Code   RO         3087    i.pm_mutex_unlock   pm_mutex.o
    0x00038224   0x0000002c   Code   RO         2772    i.pm_on_ble_evt     peer_manager.o
    0x00038250   0x000001c8   Code   RO         2773    i.pm_pdb_evt_handler  peer_manager.o
    0x00038418   0x00000020   Code   RO         2784    i.pm_peer_delete    peer_manager.o
    0x00038438   0x00000098   Code   RO         2789    i.pm_peers_delete   peer_manager.o
    0x000384d0   0x00000040   Code   RO         2792    i.pm_register       peer_manager.o
    0x00038510   0x00000024   Code   RO         2794    i.pm_sec_params_set  peer_manager.o
    0x00038534   0x000001b0   Code   RO         2795    i.pm_sm_evt_handler  peer_manager.o
    0x000386e4   0x00000040   Code   RO         2796    i.pm_whitelist_get  peer_manager.o
    0x00038724   0x0000003c   Code   RO         5030    i.power_charge_statues  battery_adc.o
    0x00038760   0x00000054   Code   RO         7230    i.power_manage      s132config.o
    0x000387b4   0x00000060   Code   RO         8156    i.print_ket_state   lis3dh_driver.o
    0x00038814   0x00000034   Code   RO         5721    i.queue_advance     fstorage.o
    0x00038848   0x00000048   Code   RO         6021    i.queue_advance     fds.o
    0x00038890   0x00000068   Code   RO         5722    i.queue_get_next_free  fstorage.o
    0x000388f8   0x0000006c   Code   RO         5723    i.queue_process     fstorage.o
    0x00038964   0x000000a4   Code   RO         6022    i.queue_process     fds.o
    0x00038a08   0x0000002c   Code   RO         5724    i.queue_start       fstorage.o
    0x00038a34   0x00000018   Code   RO         6023    i.queue_start       fds.o
    0x00038a4c   0x0000002c   Code   RO          485    i.read_history_items  in_flash_manage.o
    0x00038a78   0x00000048   Code   RO         1564    i.record_activate   ble_conn_state.o
    0x00038ac0   0x00000088   Code   RO         6024    i.record_find       fds.o
    0x00038b48   0x0000003a   Code   RO         6025    i.record_find_and_delete  fds.o
    0x00038b82   0x00000002   PAD
    0x00038b84   0x0000007c   Code   RO         6026    i.record_find_by_desc  fds.o
    0x00038c00   0x00000060   Code   RO         6027    i.record_find_next  fds.o
    0x00038c60   0x00000038   Code   RO         6028    i.record_header_flag_dirty  fds.o
    0x00038c98   0x0000002c   Code   RO         6029    i.record_header_write_begin  fds.o
    0x00038cc4   0x00000038   Code   RO         6030    i.record_header_write_finalize  fds.o
    0x00038cfc   0x00000038   Code   RO         6031    i.record_header_write_id  fds.o
    0x00038d34   0x00000014   Code   RO         6032    i.record_id_new     fds.o
    0x00038d48   0x0000001c   Code   RO         1565    i.record_invalidate  ble_conn_state.o
    0x00038d64   0x00000006   Code   RO         2339    i.record_key_to_peer_data_id  peer_data_storage.o
    0x00038d6a   0x00000018   Code   RO         2340    i.record_key_within_pm_range  peer_data_storage.o
    0x00038d82   0x00000002   PAD
    0x00038d84   0x00000044   Code   RO         1566    i.record_purge_disconnected  ble_conn_state.o
    0x00038dc8   0x00000018   Code   RO         1567    i.record_set_disconnected  ble_conn_state.o
    0x00038de0   0x00000050   Code   RO         6033    i.record_write_chunk  fds.o
    0x00038e30   0x00000040   Code   RO         1721    i.registered_handler_get  ble_db_discovery.o
    0x00038e70   0x00000044   Code   RO         1722    i.registered_handler_set  ble_db_discovery.o
    0x00038eb4   0x00000014   Code   RO         2674    i.release           peer_id.o
    0x00038ec8   0x00000024   Code   RO         7734    i.return_to_normal_speed  protocol.o
    0x00038eec   0x0000000c   Code   RO         5354    i.rtc1_compare0_set  app_timer.o
    0x00038ef8   0x0000000c   Code   RO         5355    i.rtc1_counter_get  app_timer.o
    0x00038f04   0x00000018   Code   RO         5356    i.rtc1_init         app_timer.o
    0x00038f1c   0x0000003c   Code   RO         5357    i.rtc1_start        app_timer.o
    0x00038f58   0x00000058   Code   RO         5358    i.rtc1_stop         app_timer.o
    0x00038fb0   0x00000058   Code   RO          897    i.rtc_event_handler  bsp.o
    0x00039008   0x0000003e   Code   RO         4558    i.rx_byte           nrf_drv_uart.o
    0x00039046   0x000000f0   Code   RO         3548    i.rx_char_add       ble_nus.o
    0x00039136   0x0000001e   Code   RO         4559    i.rx_done_event     nrf_drv_uart.o
    0x00039154   0x000000a8   Code   RO         7231    i.s132_config_enable  s132config.o
    0x000391fc   0x0000000e   Code   RO         7953    i.s_abs             sleep.o
    0x0003920a   0x00000002   PAD
    0x0003920c   0x00000088   Code   RO         5031    i.saadc_callback    battery_adc.o
    0x00039294   0x0000005c   Code   RO         9197    i.save_hr_or_redetect  hr_app.o
    0x000392f0   0x000000a0   Code   RO          486    i.sd_nvic_EnableIRQ  in_flash_manage.o
    0x00039390   0x0000008c   Code   RO         7057    i.sd_nvic_EnableIRQ  softdevice_handler.o
    0x0003941c   0x00000068   Code   RO         5637    i.sd_nvic_critical_region_enter  app_util_platform.o
    0x00039484   0x0000000c   Code   RO         3292    i.sdk_mapped_flags_any_set  security_manager.o
    0x00039490   0x0000000c   Code   RO         3438    i.sdk_mapped_flags_any_set  gatt_cache_manager.o
    0x0003949c   0x0000007c   Code   RO         6388    i.sdk_mapped_flags_bulk_update_by_key  sdk_mapped_flags.o
    0x00039518   0x00000024   Code   RO         6389    i.sdk_mapped_flags_first_key_index_get  sdk_mapped_flags.o
    0x0003953c   0x00000012   Code   RO         6390    i.sdk_mapped_flags_get_by_index  sdk_mapped_flags.o
    0x0003954e   0x0000002e   Code   RO         6391    i.sdk_mapped_flags_get_by_key  sdk_mapped_flags.o
    0x0003957c   0x00000042   Code   RO         6392    i.sdk_mapped_flags_key_list_get  sdk_mapped_flags.o
    0x000395be   0x0000001a   Code   RO         6394    i.sdk_mapped_flags_update_by_key  sdk_mapped_flags.o
    0x000395d8   0x000000d8   Code   RO         3149    i.sec_info_request_process  security_dispatcher.o
    0x000396b0   0x0000001a   Code   RO         3150    i.sec_params_request_process  security_dispatcher.o
    0x000396ca   0x000000e8   Code   RO         3293    i.sec_params_verify  security_manager.o
    0x000397b2   0x00000002   PAD
    0x000397b4   0x0000005c   Code   RO         3151    i.sec_proc_start    security_dispatcher.o
    0x00039810   0x00000034   Code   RO         3152    i.sec_request_process  security_dispatcher.o
    0x00039844   0x00000024   Code   RO         3153    i.sec_start_send    security_dispatcher.o
    0x00039868   0x00000020   Code   RO         7232    i.send_ble_data     s132config.o
    0x00039888   0x0000001e   Code   RO         3294    i.send_config_req   security_manager.o
    0x000398a6   0x0000005c   Code   RO         5725    i.send_event        fstorage.o
    0x00039902   0x00000002   PAD
    0x00039904   0x00000120   Code   RO         7735    i.send_real_time_datas  protocol.o
    0x00039a24   0x000000bc   Code   RO         7736    i.send_time_point   protocol.o
    0x00039ae0   0x0000006c   Code   RO         3439    i.service_changed_pending_flags_check  gatt_cache_manager.o
    0x00039b4c   0x00000050   Code   RO         1910    i.service_changed_pending_set  gatts_cache_manager.o
    0x00039b9c   0x000000b8   Code   RO         3440    i.service_changed_send_in_evt  gatt_cache_manager.o
    0x00039c54   0x00000096   Code   RO         1231    i.service_data_encode  ble_advdata.o
    0x00039cea   0x00000002   PAD
    0x00039cec   0x000000e0   Code   RO         7233    i.services_init     s132config.o
    0x00039dcc   0x00000054   Code   RO         7234    i.services_nus_init  s132config.o
    0x00039e20   0x00000024   Code   RO         7235    i.set_addr          s132config.o
    0x00039e44   0x00000020   Code   RO         1346    i.set_adv_mode_directed  ble_advertising.o
    0x00039e64   0x0000002c   Code   RO         1347    i.set_adv_mode_directed_slow  ble_advertising.o
    0x00039e90   0x00000060   Code   RO         1348    i.set_adv_mode_fast  ble_advertising.o
    0x00039ef0   0x00000060   Code   RO         1349    i.set_adv_mode_slow  ble_advertising.o
    0x00039f50   0x000001f4   Code   RO         9041    i.showUpgredePersent  ui_support.o
    0x0003a144   0x0000017c   Code   RO         8841    i.show_test_mode    ui_app.o
    0x0003a2c0   0x00000018   Code   RO         3295    i.sm_ble_evt_handler  security_manager.o
    0x0003a2d8   0x00000024   Code   RO         3296    i.sm_conn_sec_config_reply  security_manager.o
    0x0003a2fc   0x00000064   Code   RO         3297    i.sm_init           security_manager.o
    0x0003a360   0x00000018   Code   RO         3299    i.sm_link_secure    security_manager.o
    0x0003a378   0x00000060   Code   RO         3300    i.sm_pdb_evt_handler  security_manager.o
    0x0003a3d8   0x00000038   Code   RO         3302    i.sm_sec_params_set  security_manager.o
    0x0003a410   0x000000a4   Code   RO         3303    i.sm_smd_evt_handler  security_manager.o
    0x0003a4b4   0x00000058   Code   RO         3154    i.smd_ble_evt_handler  security_dispatcher.o
    0x0003a50c   0x0000004c   Code   RO         3155    i.smd_init          security_dispatcher.o
    0x0003a558   0x00000038   Code   RO         3156    i.smd_link_secure   security_dispatcher.o
    0x0003a590   0x0000012c   Code   RO         3157    i.smd_params_reply  security_dispatcher.o
    0x0003a6bc   0x00000090   Code   RO         3304    i.smd_params_reply_perform  security_manager.o
    0x0003a74c   0x00000034   Code   RO         3158    i.smd_pdb_evt_handler  security_dispatcher.o
    0x0003a780   0x00000014   Code   RO         7058    i.softdevice_app_ram_start_get  softdevice_handler.o
    0x0003a794   0x00000018   Code   RO         7059    i.softdevice_ble_evt_handler_set  softdevice_handler.o
    0x0003a7ac   0x0000001c   Code   RO         7060    i.softdevice_enable  softdevice_handler.o
    0x0003a7c8   0x00000014   Code   RO         7061    i.softdevice_fault_handler  softdevice_handler.o
    0x0003a7dc   0x000000a0   Code   RO         7062    i.softdevice_handler_init  softdevice_handler.o
    0x0003a87c   0x0000000c   Code   RO         7063    i.softdevice_handler_is_enabled  softdevice_handler.o
    0x0003a888   0x0000001c   Code   RO         7066    i.softdevice_handler_sd_disable  softdevice_handler.o
    0x0003a8a4   0x00000018   Code   RO         7068    i.softdevice_sys_evt_handler_set  softdevice_handler.o
    0x0003a8bc   0x0000000c   Code   RO         8056    i.spi_event_handler  spi52.o
    0x0003a8c8   0x00000070   Code   RO         8057    i.spi_send          spi52.o
    0x0003a938   0x000000a0   Code   RO         6636    i.spi_xfer          nrf_drv_spi.o
    0x0003a9d8   0x0000000e   Code   RO         1232    i.srdata_check      ble_advdata.o
    0x0003a9e6   0x00000002   PAD
    0x0003a9e8   0x00000058   Code   RO          898    i.start_acc_time    bsp.o
    0x0003aa40   0x000000a4   Code   RO         9198    i.start_hr3300      hr_app.o
    0x0003aae4   0x0000005c   Code   RO         9199    i.start_hr_bp_time  hr_app.o
    0x0003ab40   0x000000a8   Code   RO         8979    i.start_sys_time    ui_time.o
    0x0003abe8   0x00000024   Code   RO         8690    i.start_trancs_data  lcd.o
    0x0003ac0c   0x0000012c   Code   RO         7889    i.step_counter      pedometer_klx.o
    0x0003ad38   0x00000032   Code   RO         5726    i.store_execute     fstorage.o
    0x0003ad6a   0x00000012   Code   RO         7236    i.sys_evt_dispatch  s132config.o
    0x0003ad7c   0x0000000c   Code   RO         8980    i.sys_time_event_handler  ui_time.o
    0x0003ad88   0x00000ec8   Code   RO         7737    i.task_and_ble_data  protocol.o
    0x0003bc50   0x000000b4   Code   RO          899    i.task_process_message  bsp.o
    0x0003bd04   0x0000009c   Code   RO         8842    i.task_ui           ui_app.o
    0x0003bda0   0x0000000a   Code   RO         5359    i.ticks_diff_get    app_timer.o
    0x0003bdaa   0x0000000c   Code   RO         5360    i.timeout_handler_exec  app_timer.o
    0x0003bdb6   0x00000002   PAD
    0x0003bdb8   0x00000050   Code   RO         5361    i.timer_list_handler  app_timer.o
    0x0003be08   0x0000000a   Code   RO         5362    i.timer_list_handler_sched  app_timer.o
    0x0003be12   0x00000002   PAD
    0x0003be14   0x00000068   Code   RO         5363    i.timer_list_insert  app_timer.o
    0x0003be7c   0x00000088   Code   RO         5364    i.timer_list_remove  app_timer.o
    0x0003bf04   0x0000005e   Code   RO         5365    i.timer_start_op_schedule  app_timer.o
    0x0003bf62   0x00000042   Code   RO         5366    i.timer_stop_op_schedule  app_timer.o
    0x0003bfa4   0x00000098   Code   RO         5367    i.timer_timeouts_check  app_timer.o
    0x0003c03c   0x0000000a   Code   RO         5368    i.timer_timeouts_check_sched  app_timer.o
    0x0003c046   0x0000008e   Code   RO         6637    i.transfer_byte     nrf_drv_spi.o
    0x0003c0d4   0x00000014   Code   RO         3933    i.tx_buffer_init    ancs_tx_buffer.o
    0x0003c0e8   0x000000e0   Code   RO         3934    i.tx_buffer_insert  ancs_tx_buffer.o
    0x0003c1c8   0x00000090   Code   RO         3935    i.tx_buffer_process  ancs_tx_buffer.o
    0x0003c258   0x00000026   Code   RO         4561    i.tx_byte           nrf_drv_uart.o
    0x0003c27e   0x00000136   Code   RO         3549    i.tx_char_add       ble_nus.o
    0x0003c3b4   0x00000022   Code   RO         4562    i.tx_done_event     nrf_drv_uart.o
    0x0003c3d6   0x00000036   Code   RO         1233    i.tx_power_level_encode  ble_advdata.o
    0x0003c40c   0x00000024   Code   RO          487    i.u32equel          in_flash_manage.o
    0x0003c430   0x00000142   Code   RO         4563    i.uart_irq_handler  nrf_drv_uart.o
    0x0003c572   0x0000010c   Code   RO         4564    i.uarte_irq_handler  nrf_drv_uart.o
    0x0003c67e   0x0000000c   Code   RO         1838    i.uint16_decode     ble_srv_common.o
    0x0003c68a   0x0000000c   Code   RO         1234    i.uint16_encode     ble_advdata.o
    0x0003c696   0x00000014   Code   RO         3632    i.uint32_encode     nrf_ble_ancs_c.o
    0x0003c6aa   0x00000002   PAD
    0x0003c6ac   0x00000064   Code   RO          900    i.updateDateInMin   bsp.o
    0x0003c710   0x00000058   Code   RO         3441    i.update_pending_flags_check  gatt_cache_manager.o
    0x0003c768   0x00000090   Code   RO         1474    i.update_timeout_handler  ble_conn_params.o
    0x0003c7f8   0x00000014   Code   RO         1568    i.user_flag_acquire  ble_conn_state.o
    0x0003c80c   0x0000001c   Code   RO         1569    i.user_flag_is_acquired  ble_conn_state.o
    0x0003c828   0x0000003c   Code   RO         5369    i.user_op_alloc     app_timer.o
    0x0003c864   0x0000000c   Code   RO         5370    i.user_op_enque     app_timer.o
    0x0003c870   0x000000cc   Code   RO          628    i.usr_api_read      queueu51822.o
    0x0003c93c   0x00000084   Code   RO          401    i.usr_api_write     data_use_api.o
    0x0003c9c0   0x0000004e   Code   RO         1235    i.uuid_list_encode  ble_advdata.o
    0x0003ca0e   0x000000dc   Code   RO         1236    i.uuid_list_sized_encode  ble_advdata.o
    0x0003caea   0x00000002   PAD
    0x0003caec   0x00000114   Code   RO         8843    i.wait_key_to_power_off  ui_app.o
    0x0003cc00   0x00000004   Code   RO          901    i.wait_key_to_power_on  bsp.o
    0x0003cc04   0x0000000c   Code   RO         1350    i.whitelist_has_entries  ble_advertising.o
    0x0003cc10   0x00000038   Code   RO         2502    i.write_buf_length_words_set  peer_database.o
    0x0003cc48   0x00000032   Code   RO         2503    i.write_buffer_record_find  peer_database.o
    0x0003cc7a   0x00000002   PAD
    0x0003cc7c   0x00000030   Code   RO         2504    i.write_buffer_record_find_next  peer_database.o
    0x0003ccac   0x0000000e   Code   RO         2505    i.write_buffer_record_find_unused  peer_database.o
    0x0003ccba   0x00000024   Code   RO         2506    i.write_buffer_record_get  peer_database.o
    0x0003ccde   0x0000002e   Code   RO         2507    i.write_buffer_record_invalidate  peer_database.o
    0x0003cd0c   0x00000028   Code   RO         2508    i.write_buffer_record_release  peer_database.o
    0x0003cd34   0x00000104   Code   RO         6034    i.write_enqueue     fds.o
    0x0003ce38   0x000000c0   Code   RO         6035    i.write_execute     fds.o
    0x0003cef8   0x0000022c   Code   RO          488    i.write_para_history  in_flash_manage.o
    0x0003d124   0x0000001c   Code   RO         6036    i.write_space_free  fds.o
    0x0003d140   0x0000006c   Code   RO         6037    i.write_space_reserve  fds.o
    0x0003d1ac   0x0000000c   Data   RO          903    .constdata          bsp.o
    0x0003d1b8   0x00000004   Data   RO         1476    .constdata          ble_conn_params.o
    0x0003d1bc   0x00000018   Data   RO         1911    .constdata          gatts_cache_manager.o
    0x0003d1d4   0x00000008   Data   RO         2029    .constdata          id_manager.o
    0x0003d1dc   0x00000016   Data   RO         2214    .constdata          nrf_ble_gatt.o
    0x0003d1f2   0x00000002   PAD
    0x0003d1f4   0x00000004   Data   RO         2341    .constdata          peer_data_storage.o
    0x0003d1f8   0x00000014   Data   RO         2510    .constdata          peer_database.o
    0x0003d20c   0x00000044   Data   RO         3160    .constdata          security_dispatcher.o
    0x0003d250   0x00000004   Data   RO         3305    .constdata          security_manager.o
    0x0003d254   0x00000010   Data   RO         3550    .constdata          ble_nus.o
    0x0003d264   0x00000040   Data   RO         3633    .constdata          nrf_ble_ancs_c.o
    0x0003d2a4   0x00000004   Data   RO         4273    .constdata          nrf_drv_gpiote.o
    0x0003d2a8   0x00000021   Data   RO         5032    .constdata          battery_adc.o
    0x0003d2c9   0x00000003   PAD
    0x0003d2cc   0x0000000c   Data   RO         5135    .constdata          app_button.o
    0x0003d2d8   0x00000014   Data   RO         6039    .constdata          fds.o
    0x0003d2ec   0x00000004   Data   RO         6469    .constdata          nrf_drv_saadc.o
    0x0003d2f0   0x00000010   Data   RO         7004    .constdata          segger_rtt_printf.o
    0x0003d300   0x00000004   Data   RO         7238    .constdata          s132config.o
    0x0003d304   0x00000020   Data   RO         8058    .constdata          spi52.o
    0x0003d324   0x00002796   Data   RO         8645    .constdata          font_band.o
    0x0003faba   0x00000002   PAD
    0x0003fabc   0x00000012   Data   RO         8844    .constdata          ui_app.o
    0x0003face   0x00000002   PAD
    0x0003fad0   0x00000004   Data   RO         8982    .constdata          ui_time.o
    0x0003fad4   0x00000030   Data   RO         9042    .constdata          ui_support.o
    0x0003fb04   0x00000004   Data   RO         9202    .constdata          hr_app.o
    0x0003fb08   0x00000030   Data   RO         9351    .constdata          hrs3300.o
    0x0003fb38   0x00000177   Data   RO         9548    .constdata          m4_keil_20170828_v19_15d..lib(hrs3300_alg_dynamic.o)
    0x0003fcaf   0x00000001   PAD
    0x0003fcb0   0x00000048   Data   RO         7069    .conststring        softdevice_handler.o
    0x0003fcf8   0x0000008b   Data   RO         7954    .conststring        sleep.o
    0x0003fd83   0x00000001   PAD
    0x0003fd84   0x00000020   Data   RO        10048    Region$$Table       anon$$obj.o


    Execution Region RW_IRAM1 (Base: 0x20002180, Size: 0x00005e80, Max: 0x00006000, ABSOLUTE, COMPRESSED[0x000000a4])

    Base Addr    Size         Type   Attr      Idx    E Section Name        Object

    0x20002180   0x00000004   Data   RW          403    .data               data_use_api.o
    0x20002184   0x00000004   Data   RW          490    .data               in_flash_manage.o
    0x20002188   0x00000018   Data   RW          630    .data               queueu51822.o
    0x200021a0   0x00000008   Data   RW          764    .data               softwarertc.o
    0x200021a8   0x00000016   Data   RW          842    .data               sem.o
    0x200021be   0x00000002   PAD
    0x200021c0   0x00000028   Data   RW          904    .data               bsp.o
    0x200021e8   0x00000004   Data   RW         1151    .data               system_nrf52.o
    0x200021ec   0x0000001f   Data   RW         1352    .data               ble_advertising.o
    0x2000220b   0x00000001   PAD
    0x2000220c   0x00000016   Data   RW         1477    .data               ble_conn_params.o
    0x20002222   0x00000002   PAD
    0x20002224   0x0000000d   Data   RW         1724    .data               ble_db_discovery.o
    0x20002231   0x00000003   PAD
    0x20002234   0x0000000a   Data   RW         1912    .data               gatts_cache_manager.o
    0x2000223e   0x00000003   Data   RW         2030    .data               id_manager.o
    0x20002241   0x00000003   PAD
    0x20002244   0x0000000c   Data   RW         2342    .data               peer_data_storage.o
    0x20002250   0x00000009   Data   RW         2511    .data               peer_database.o
    0x20002259   0x00000002   Data   RW         2675    .data               peer_id.o
    0x2000225b   0x00000001   PAD
    0x2000225c   0x00000011   Data   RW         2801    .data               peer_manager.o
    0x2000226d   0x00000004   Data   RW         3161    .data               security_dispatcher.o
    0x20002271   0x00000003   PAD
    0x20002274   0x00000013   Data   RW         3306    .data               security_manager.o
    0x20002287   0x00000001   PAD
    0x20002288   0x00000009   Data   RW         3442    .data               gatt_cache_manager.o
    0x20002291   0x00000003   PAD
    0x20002294   0x00000008   Data   RW         3937    .data               ancs_tx_buffer.o
    0x2000229c   0x00000013   Data   RW         5033    .data               battery_adc.o
    0x200022af   0x00000001   PAD
    0x200022b0   0x00000014   Data   RW         5372    .data               app_timer.o
    0x200022c4   0x00000002   Data   RW         5728    .data               fstorage.o
    0x200022c6   0x00000002   PAD
    0x200022c8   0x0000001a   Data   RW         6040    .data               fds.o
    0x200022e2   0x00000002   PAD
    0x200022e4   0x00000018   Data   RW         7070    .data               softdevice_handler.o
    0x200022fc   0x0000001a   Data   RW         7239    .data               s132config.o
    0x20002316   0x00000002   PAD
    0x20002318   0x00000020   Data   RW         7461    .data               rfid52.o
    0x20002338   0x0000001a   Data   RW         7580    .data               upfile.o
    0x20002352   0x00000002   PAD
    0x20002354   0x0000000e   Data   RW         7739    .data               protocol.o
    0x20002362   0x00000003   Data   RW         7859    .data               ble_fifo.o
    0x20002365   0x00000003   PAD
    0x20002368   0x00000018   Data   RW         7891    .data               pedometer_klx.o
    0x20002380   0x00000024   Data   RW         7955    .data               sleep.o
    0x200023a4   0x00000001   Data   RW         8059    .data               spi52.o
    0x200023a5   0x00000003   Data   RW         8157    .data               lis3dh_driver.o
    0x200023a8   0x00000001   Data   RW         8506    .data               alarm.o
    0x200023a9   0x00000003   PAD
    0x200023ac   0x0000000a   Data   RW         8570    .data               ex_flash.o
    0x200023b6   0x00000005   Data   RW         8692    .data               lcd.o
    0x200023bb   0x00000001   PAD
    0x200023bc   0x0000004e   Data   RW         8845    .data               ui_app.o
    0x2000240a   0x00000002   PAD
    0x2000240c   0x00000004   Data   RW         8983    .data               ui_time.o
    0x20002410   0x0000000d   Data   RW         9043    .data               ui_support.o
    0x2000241d   0x00000001   PAD
    0x2000241e   0x00000008   Data   RW         9203    .data               hr_app.o
    0x20002426   0x0000000a   Data   RW         9352    .data               hrs3300.o
    0x20002430   0x00000001   Data   RW         9442    .data               iic_gpio.o
    0x20002431   0x00000003   PAD
    0x20002434   0x0000000c   Data   RW         9549    .data               m4_keil_20170828_v19_15d..lib(hrs3300_alg_dynamic.o)
    0x20002440   0x0000000e   Data   RW         9644    .data               m4_keil_20170828_v19_15d..lib(hrs3300_alg_bp.o)
    0x2000244e   0x00000002   PAD
    0x20002450   0x00000004   Data   RW         9715    .data               mc_w.l(rand.o)
    0x20002454   0x00000004   Data   RW        10024    .data               mc_w.l(errno.o)
    0x20002458   0x00000010   Data   RW         6041    fs_data             fds.o
    0x20002468   0x00000010   Zero   RW          402    .bss                data_use_api.o
    0x20002478   0x00000010   Zero   RW          629    .bss                queueu51822.o
    0x20002488   0x00000120   Zero   RW          902    .bss                bsp.o
    0x200025a8   0x000000b3   Zero   RW         1351    .bss                ble_advertising.o
    0x2000265b   0x00000001   PAD
    0x2000265c   0x0000003c   Zero   RW         1475    .bss                ble_conn_params.o
    0x20002698   0x000000b8   Zero   RW         1570    .bss                ble_conn_state.o
    0x20002750   0x000002a0   Zero   RW         1723    .bss                ble_db_discovery.o
    0x200029f0   0x00000100   Zero   RW         2028    .bss                id_manager.o
    0x20002af0   0x00000330   Zero   RW         2509    .bss                peer_database.o
    0x20002e20   0x0000000c   Zero   RW         2799    .bss                peer_manager.o
    0x20002e2c   0x00000040   Zero   RW         3159    .bss                security_dispatcher.o
    0x20002e6c   0x00000120   Zero   RW         3936    .bss                ancs_tx_buffer.o
    0x20002f8c   0x00000014   Zero   RW         4002    .bss                nrf_drv_clock.o
    0x20002fa0   0x00000058   Zero   RW         4272    .bss                nrf_drv_gpiote.o
    0x20002ff8   0x00000020   Zero   RW         4565    .bss                nrf_drv_uart.o
    0x20003018   0x00000020   Zero   RW         5134    .bss                app_button.o
    0x20003038   0x0000010c   Zero   RW         5371    .bss                app_timer.o
    0x20003144   0x0000000c   Zero   RW         5638    .bss                app_util_platform.o
    0x20003150   0x00000068   Zero   RW         5727    .bss                fstorage.o
    0x200031b8   0x0000011c   Zero   RW         6038    .bss                fds.o
    0x200032d4   0x00000030   Zero   RW         6468    .bss                nrf_drv_saadc.o
    0x20003304   0x00000048   Zero   RW         6638    .bss                nrf_drv_spi.o
    0x2000334c   0x00000488   Zero   RW         6868    .bss                segger_rtt.o
    0x200037d4   0x00000080   Zero   RW         7003    .bss                segger_rtt_printf.o
    0x20003854   0x0000050c   Zero   RW         7237    .bss                s132config.o
    0x20003d60   0x00000060   Zero   RW         7460    .bss                rfid52.o
    0x20003dc0   0x00000060   Zero   RW         7579    .bss                upfile.o
    0x20003e20   0x00000012   Zero   RW         7738    .bss                protocol.o
    0x20003e32   0x000000d2   Zero   RW         7858    .bss                ble_fifo.o
    0x20003f04   0x0000000e   Zero   RW         7890    .bss                pedometer_klx.o
    0x20003f12   0x00000002   PAD
    0x20003f14   0x00000020   Zero   RW         8981    .bss                ui_time.o
    0x20003f34   0x0000002c   Zero   RW         9201    .bss                hr_app.o
    0x20003f60   0x000013e4   Zero   RW         9547    .bss                m4_keil_20170828_v19_15d..lib(hrs3300_alg_dynamic.o)
    0x20005344   0x00000558   Zero   RW         9643    .bss                m4_keil_20170828_v19_15d..lib(hrs3300_alg_bp.o)
    0x2000589c   0x00000004   PAD
    0x200058a0   0x00002000   Zero   RW         1130    STACK               arm_startup_nrf52.o
    0x200078a0   0x00000560   PAD
    0x20007e00   0x00000200   Zero   RW          489    .ARM.__AT_0x20007E00  in_flash_manage.o


==============================================================================

Image component sizes


      Code (inc. data)   RO Data    RW Data    ZI Data      Debug   Object Name

       562         44          0          1          0       3616   alarm.o
       932         10          0          0          0      28752   ancs_attr_parser.o
       388         28          0          8        288       2568   ancs_tx_buffer.o
        80          6         12          0         32       4349   app_button.o
         0          0          0          0          0      20580   app_scheduler.o
      2060        238          0         20        268      48724   app_timer.o
       200         24          0          0         12       9090   app_util_platform.o
        36          8        512          0       8192        840   arm_startup_nrf52.o
      1030        154         33         19          0      20220   battery_adc.o
      1818          0          0          0          0      36136   ble_advdata.o
      1496        238          0         31        179      12647   ble_advertising.o
       742        128          4         22         60       7201   ble_conn_params.o
       776        120          0          0        184      10938   ble_conn_state.o
      2232        124          0         13        672      15419   ble_db_discovery.o
       224         28          0          3        210       1763   ble_fifo.o
       938          4         16          0          0       7330   ble_nus.o
        30          0          0          0          0      22238   ble_srv_common.o
       220         24          0          0          0       1919   boot.o
      2546        390         12         40        288      52333   bsp.o
      1242         36          0          4         16       6532   data_use_api.o
      1188         86          0         10          0       7889   ex_flash.o
      4834        436         20         42        284      47826   fds.o
         0          0      10134          0          0       1530   font_band.o
      1280         82          0          2        104      12535   fstorage.o
      1388         96          0          9          0      11328   gatt_cache_manager.o
       686         46         24         10          0      10363   gatts_cache_manager.o
      1564        256          4          8         44      17946   hr_app.o
       898        128         48         10          0       7572   hrs3300.o
      1642         82          8          3        256      19614   id_manager.o
       778          8          0          1          0      12535   iic_gpio.o
      2466         78          0          4        512      45841   in_flash_manage.o
      2486         28          0          5          0      16405   lcd.o
      3084         58          0          3          0      25322   lis3dh_driver.o
       296         58          8          0          0     157817   main.o
      1334         16         64          0          0      39386   nrf_ble_ancs_c.o
       770         16         22          0          0      31866   nrf_ble_gatt.o
       474         50          0          0         20      14060   nrf_drv_clock.o
        96         12          0          0          0      29111   nrf_drv_common.o
      1610        104          4          0         88      27289   nrf_drv_gpiote.o
      1120         76          4          0         48      17151   nrf_drv_saadc.o
      1178         34          0          0         72      19208   nrf_drv_spi.o
       910          8          0          0         32      49441   nrf_drv_uart.o
       112          4          0          0          0       6245   nrf_saadc.o
       642         56          0         24         14       4732   pedometer_klx.o
      1412         50          4         12          0      17160   peer_data_storage.o
      1826         70         20          9        816      21435   peer_database.o
       404         44          0          2          0       7887   peer_id.o
      2014        192          0         17         12      17385   peer_manager.o
       264          0          0          0          0       3639   pm_buffer.o
       244          0          0          0          0       4525   pm_mutex.o
      7620        274          0         14         18      18727   protocol.o
       628         36          0         24         16       6204   queueu51822.o
      1404        180          0         32         96      35010   rfid52.o
      4940       1310          4         26       1292      30324   s132config.o
       316          0          0          0          0       5356   sdk_mapped_flags.o
      2194        102         68          4         64      20272   security_dispatcher.o
      1586        168          4         19          0      16825   security_manager.o
       554         54          0          0       1160       7644   segger_rtt.o
      1098         12         16          0        128       6077   segger_rtt_printf.o
       132         30          0         22          0       1885   sem.o
      3068        300        139         36          0      13554   sleep.o
       810        108         72         24          0      41648   softdevice_handler.o
       850         34          0          8          0       4043   softwarertc.o
       268         58         32          1          0       2647   spi52.o
      1184        122          0          4          0       6163   system_nrf52.o
      3810        584         18         78          0      18521   ui_app.o
      5478        486         48         13          0      16664   ui_support.o
       260         70          4          4         32       2508   ui_time.o
      3666        624          0         26         96      16383   upfile.o
        60          0          0          0          0       1034   utility.o
       140         30          0          0          0       1401   wdt.o

    ----------------------------------------------------------------------
     94760       8360      11400        708      16984    1291128   Object Totals
         0          0         32          0          0          0   (incl. Generated)
       142          0         10         41       1379          0   (incl. Padding)

    ----------------------------------------------------------------------

      Code (inc. data)   RO Data    RW Data    ZI Data      Debug   Library Member Name

      3544        104          0         14       1368       9711   hrs3300_alg_bp.o
      5870        128        375         12       5092      20419   hrs3300_alg_dynamic.o
       122          0          0          0          0        148   sqrt.o
        86          0          0          0          0          0   __dczerorl2.o
         0          0          0          0          0          0   entry.o
         0          0          0          0          0          0   entry10a.o
         0          0          0          0          0          0   entry11a.o
         8          4          0          0          0          0   entry2.o
         4          0          0          0          0          0   entry5.o
         0          0          0          0          0          0   entry7b.o
         0          0          0          0          0          0   entry8b.o
         8          4          0          0          0          0   entry9a.o
        12          6          0          4          0         68   errno.o
        30          0          0          0          0          0   handlers.o
        36          8          0          0          0         68   init.o
         0          0          0          0          0          0   iusefp.o
        30          0          0          0          0         68   llshl.o
        32          0          0          0          0         68   llushr.o
        26          0          0          0          0         80   memcmp.o
        36          0          0          0          0         68   memcpya.o
        36          0          0          0          0        108   memseta.o
      1172         50          0          0          0        420   printf8.o
        36         10          0          4          0        136   rand.o
        18          0          0          0          0         68   strcpy.o
        98          0          0          0          0         92   uldiv.o
       186          0          0          0          0        176   depilogue.o
        50          0          0          0          0         76   dfixui.o
        34          0          0          0          0         76   dflti.o
       162          0          0          0          0        100   dsqrt.o

    ----------------------------------------------------------------------
     11644        314        376         36       6464      31950   Library Totals
         8          0          1          2          4          0   (incl. Padding)

    ----------------------------------------------------------------------

      Code (inc. data)   RO Data    RW Data    ZI Data      Debug   Library Name

      9414        232        375         26       6460      30130   m4_keil_20170828_v19_15d..lib
       122          0          0          0          0        148   m_wm.l
      1668         82          0          8          0       1244   mc_w.l
       432          0          0          0          0        428   mf_w.l

    ----------------------------------------------------------------------
     11644        314        376         36       6464      31950   Library Totals

    ----------------------------------------------------------------------

==============================================================================


      Code (inc. data)   RO Data    RW Data    ZI Data      Debug   

    106404       8674      11776        744      23448    1229530   Grand Totals
    106404       8674      11776        164      23448    1229530   ELF Image Totals (compressed)
    106404       8674      11776        164          0          0   ROM Totals

==============================================================================

    Total RO  Size (Code + RO Data)               118180 ( 115.41kB)
    Total RW  Size (RW Data + ZI Data)             24192 (  23.63kB)
    Total ROM Size (Code + RO Data + RW Data)     118344 ( 115.57kB)

==============================================================================

