Component: ARM Compiler 5.05 update 1 (build 106) Tool: armlink [4d0efa]

==============================================================================

Section Cross References

    main.o(i.init_all) refers to segger_rtt.o(i.SEGGER_RTT_Init) for SEGGER_RTT_Init
    main.o(i.init_all) refers to segger_rtt_printf.o(i.SEGGER_RTT_printf) for SEGGER_RTT_printf
    main.o(i.init_all) refers to boot.o(i.boot_to_new_appilacation) for boot_to_new_appilacation
    main.o(i.init_all) refers to s132config.o(i.close_all_gpio) for close_all_gpio
    main.o(i.init_all) refers to in_flash_manage.o(i.InitEEprom) for InitEEprom
    main.o(i.init_all) refers to ex_flash.o(i.InitExFlash) for InitExFlash
    main.o(i.init_all) refers to upfile.o(i.InitUiFileCrc) for InitUiFileCrc
    main.o(i.init_all) refers to battery_adc.o(i.InitAdc) for InitAdc
    main.o(i.init_all) refers to lcd.o(i.LCD_Init) for LCD_Init
    main.o(i.init_all) refers to battery_adc.o(i.InitPower) for InitPower
    main.o(i.init_all) refers to wdt.o(i.V_InitWdt) for V_InitWdt
    main.o(i.init_all) refers to app_timer.o(i.app_timer_init) for app_timer_init
    main.o(i.init_all) refers to bsp.o(i.RtcTimeInit) for RtcTimeInit
    main.o(i.init_all) refers to ui_time.o(i.init_ui_time) for init_ui_time
    main.o(i.init_all) refers to hr_app.o(i.InitHeatRate) for InitHeatRate
    main.o(i.init_all) refers to bsp.o(i.InitMotor) for InitMotor
    main.o(i.init_all) refers to rfid52.o(i.Open32768) for Open32768
    main.o(i.init_all) refers to sleep.o(i.SleepInit) for SleepInit
    main.o(i.init_all) refers to lis3dh_driver.o(i.AccSensorConfig) for AccSensorConfig
    main.o(i.init_all) refers to lis3dh_driver.o(i.SetAccPowerOff) for SetAccPowerOff
    main.o(i.init_all) refers to bsp.o(i.ManagePowerOn) for ManagePowerOn
    main.o(i.init_all) refers to bsp.o(i.init_acc_time) for init_acc_time
    main.o(i.init_all) refers to bsp.o(i.start_acc_time) for start_acc_time
    main.o(i.init_all) refers to rfid52.o(i.InitRfid) for InitRfid
    main.o(i.init_all) refers to pedometer_klx.o(i.InitStep) for InitStep
    main.o(i.init_all) refers to rfid52.o(i.ChangeToRfid) for ChangeToRfid
    main.o(i.init_all) refers to hr_app.o(i.HrCheckWear) for HrCheckWear
    main.o(i.init_all) refers to in_flash_manage.o(.ARM.__AT_0x20007E00) for StuEeprom
    main.o(i.init_all) refers to in_flash_manage.o(i.Flash_ReadData) for Flash_ReadData
    main.o(i.init_all) refers to in_flash_manage.o(i.Flash_Erase_Page) for Flash_Erase_Page
    main.o(i.init_all) refers to in_flash_manage.o(i.Flash_Write_World) for Flash_Write_World
    main.o(i.init_all) refers to bsp.o(.data) for g_sensor_ok
    main.o(i.init_all) refers to utility.o(i.delay_ms) for delay_ms
    main.o(i.init_all) refers to s132config.o(i.s132_config_enable) for s132_config_enable
    main.o(i.main) refers to main.o(i.init_all) for init_all
    main.o(i.main) refers to s132config.o(i.power_manage) for power_manage
    main.o(i.main) refers to wdt.o(i.V_FeedWdog) for V_FeedWdog
    main.o(i.main) refers to protocol.o(i.task_and_ble_data) for task_and_ble_data
    main.o(i.main) refers to ui_app.o(i.task_ui) for task_ui
    main.o(i.main) refers to upfile.o(i.TaskBleUpfile) for TaskBleUpfile
    utility.o(i.delay_ms) refers to utility.o(i.delay_us) for delay_us
    data_use_api.o(i.ble_send_current_step) refers to data_use_api.o(i.ble_send_wait_to_success) for ble_send_wait_to_success
    data_use_api.o(i.ble_send_current_step) refers to softwarertc.o(.data) for time
    data_use_api.o(i.ble_send_current_step) refers to in_flash_manage.o(.ARM.__AT_0x20007E00) for StuEeprom
    data_use_api.o(i.ble_send_history_step) refers to softwarertc.o(i.ConvertToUTCTime) for ConvertToUTCTime
    data_use_api.o(i.ble_send_history_step) refers to data_use_api.o(i.ble_send_wait_to_success) for ble_send_wait_to_success
    data_use_api.o(i.ble_send_history_step) refers to in_flash_manage.o(.ARM.__AT_0x20007E00) for StuEeprom
    data_use_api.o(i.ble_send_hr) refers to softwarertc.o(i.ConvertToUTCTime) for ConvertToUTCTime
    data_use_api.o(i.ble_send_hr) refers to data_use_api.o(i.ble_send_wait_to_success) for ble_send_wait_to_success
    data_use_api.o(i.ble_send_hr) refers to memseta.o(.text) for __aeabi_memclr
    data_use_api.o(i.ble_send_hr) refers to data_use_api.o(.data) for len
    data_use_api.o(i.ble_send_step) refers to softwarertc.o(i.ConvertToUTCTime) for ConvertToUTCTime
    data_use_api.o(i.ble_send_step) refers to data_use_api.o(i.ble_send_wait_to_success) for ble_send_wait_to_success
    data_use_api.o(i.ble_send_wait_to_success) refers to s132config.o(i.power_manage) for power_manage
    data_use_api.o(i.ble_send_wait_to_success) refers to wdt.o(i.V_FeedWdog) for V_FeedWdog
    data_use_api.o(i.ble_send_wait_to_success) refers to ui_app.o(i.task_ui) for task_ui
    data_use_api.o(i.ble_send_wait_to_success) refers to s132config.o(i.is_ble_tx_enable) for is_ble_tx_enable
[...]
    0x0002acf4   0x000000ac   Code   RO         8881    i.SPI_FLASH_WriteCont  ex_flash.o
    0x0002ada0   0x00000008   Code   RO         5645    i.SWI0_EGU0_IRQHandler  app_timer.o
    0x0002ada8   0x00000038   Code   RO         7360    i.SWI2_EGU2_IRQHandler  softdevice_handler.o
    0x0002ade0   0x00000014   Code   RO          840    i.SemEmpty          sem.o
    0x0002adf4   0x000000c8   Code   RO         8029    i.SendAlarm         protocol.o
    0x0002aebc   0x0000003c   Code   RO         8030    i.SendItems         protocol.o
    0x0002aef8   0x00000034   Code   RO         8031    i.SendMsg           protocol.o
    0x0002af2c   0x00000038   Code   RO         7881    i.SendPack          upfile.o
    0x0002af64   0x00000014   Code   RO         8817    i.SendPower20Notice  alarm.o
    0x0002af78   0x00000014   Code   RO         8818    i.SendSedentaryNotice  alarm.o
    0x0002af8c   0x0000002c   Code   RO          841    i.SendSem           sem.o
    0x0002afb8   0x000001e8   Code   RO         8032    i.SendSleepIndex    protocol.o
    0x0002b1a0   0x0000018c   Code   RO         8033    i.SendSleepRecord   protocol.o
    0x0002b32c   0x00000044   Code   RO         8457    i.SetAccPowerOff    lis3dh_driver.o
    0x0002b370   0x00000094   Code   RO         8034    i.SetBandPara       protocol.o
    0x0002b404   0x00000144   Code   RO         8035    i.SetBandParaAlarm  protocol.o
    0x0002b548   0x0000014c   Code   RO         8036    i.SetBandParaAlarm_new  protocol.o
    0x0002b694   0x00000178   Code   RO         8037    i.SetBandParaSendentary  protocol.o
    0x0002b80c   0x00000028   Code   RO         8038    i.SetHighSpeed      protocol.o
    0x0002b834   0x0000002c   Code   RO         8458    i.SetPowerMode      lis3dh_driver.o
    0x0002b860   0x00000014   Code   RO         7764    i.SetRssi           rfid52.o
    0x0002b874   0x0000004c   Code   RO         8039    i.SetSendentarypara  protocol.o
    0x0002b8c0   0x00000084   Code   RO         8040    i.SetTime           protocol.o
    0x0002b944   0x00000158   Code   RO         8995    i.ShowIcon          lcd.o
    0x0002ba9c   0x00000058   Code   RO         9157    i.ShowPowerLow      ui_app.o
    0x0002baf4   0x00000064   Code   RO         8257    i.SleepInit         sleep.o
    0x0002bb58   0x0000002c   Code   RO         8882    i.SpiSend           ex_flash.o
    0x0002bb84   0x000000e8   Code   RO         8197    i.SportsProcess     pedometer_klx.o
    0x0002bc6c   0x00000098   Code   RO         5324    i.StartAdc          battery_adc.o
    0x0002bd04   0x000000a0   Code   RO         7507    i.StartAdv          s132config.o
    0x0002bda4   0x000000d4   Code   RO         8883    i.StartFlashSpi     ex_flash.o
    0x0002be78   0x00000074   Code   RO         9516    i.StartHeatRate     hr_app.o
    0x0002beec   0x00000010   Code   RO         1433    i.SystemCoreClockUpdate  system_nrf52.o
    0x0002befc   0x00000250   Code   RO         1434    i.SystemInit        system_nrf52.o
    0x0002c14c   0x000000b4   Code   RO         8999    i.TFT_ShowBmp_Flash  lcd.o
    0x0002c200   0x00000100   Code   RO         9000    i.TFT_ShowBmp_Flash_POINT  lcd.o
    0x0002c300   0x000000d4   Code   RO         8819    i.TaskAlarmCheck    alarm.o
    0x0002c3d4   0x00000050   Code   RO         9517    i.TaskAutoDetectHeartRate  hr_app.o
    0x0002c424   0x00000228   Code   RO         7882    i.TaskBleUpfile     upfile.o
    0x0002c64c   0x00000070   Code   RO         9518    i.TaskCheckWearAndTestHr  hr_app.o
    0x0002c6bc   0x000000c0   Code   RO         5325    i.TaskGetPower      battery_adc.o
    0x0002c77c   0x00000284   Code   RO         7883    i.TaskP24UpdataFile  upfile.o
    0x0002ca00   0x000000e0   Code   RO         7884    i.TaskPrintfFile    upfile.o
    0x0002cae0   0x00000070   Code   RO         8820    i.TaskSendentaryCheck  alarm.o
    0x0002cb50   0x00000198   Code   RO         8258    i.TaskSleep         sleep.o
    0x0002cce8   0x000000fc   Code   RO          882    i.TaskSport         bsp.o
    0x0002cde4   0x00000034   Code   RO         7885    i.TaskUpFile        upfile.o
    0x0002ce18   0x00000108   Code   RO         8259    i.TestPrintfSleep   sleep.o
    0x0002cf20   0x0000028c   Code   RO         8260    i.TestPrintfaddr    sleep.o
    0x0002d1ac   0x00000024   Code   RO         4810    i.UARTE0_UART0_IRQHandler  nrf_drv_uart.o
    0x0002d1d0   0x00000020   Code   RO          800    i.V_FeedWdog        wdt.o
    0x0002d1f0   0x00000058   Code   RO          801    i.V_InitWdt         wdt.o
    0x0002d248   0x00000044   Code   RO         7886    i.WriteBvkFlash     upfile.o
    0x0002d28c   0x00000034   Code   RO          627    i.WriteDataToQueue  queueu51822.o
    0x0002d2c0   0x00000028   Code   RO         8884    i.WriteEn           ex_flash.o
    0x0002d2e8   0x000000a4   Code   RO         7887    i.WriteFlgBootSys   upfile.o
    0x0002d38c   0x0000005c   Code   RO         9519    i.WriteHeatRate     hr_app.o
    0x0002d3e8   0x00000070   Code   RO         7169    i._DoInit           segger_rtt.o
    0x0002d458   0x0000001c   Code   RO         7170    i._GetAvailWriteSpace  segger_rtt.o
    0x0002d474   0x000000ec   Code   RO         7306    i._PrintInt         segger_rtt_printf.o
    0x0002d560   0x000000ec   Code   RO         7307    i._PrintUnsigned    segger_rtt_printf.o
    0x0002d64c   0x00000044   Code   RO         7308    i._StoreChar        segger_rtt_printf.o
    0x0002d690   0x00000072   Code   RO         7172    i._WriteBlocking    segger_rtt.o
    0x0002d702   0x0000004c   Code   RO         7173    i._WriteNoCheck     segger_rtt.o
    0x0002d74e   0x00000002   PAD
    0x0002d750   0x00000028   Code   RO        10271    i.__0sprintf$8      mc_w.l(printf8.o)
    0x0002d778   0x0000007a   Code   RO        10025    i.__hardfp_sqrt     m_wm.l(sqrt.o)
    0x0002d7f2   0x0000000e   Code   RO        10381    i.__scatterload_copy  mc_w.l(handlers.o)
    0x0002d800   0x00000002   Code   RO        10382    i.__scatterload_null  mc_w.l(handlers.o)
    0x0002d802   0x0000000e   Code   RO        10383    i.__scatterload_zeroinit  mc_w.l(handlers.o)
    0x0002d810   0x00000038   Code   RO          484    i.__sd_nvic_app_accessible_irq  in_flash_manage.o
    0x0002d848   0x00000038   Code   RO         7361    i.__sd_nvic_app_accessible_irq  softdevice_handler.o
    0x0002d880   0x0000000c   Code   RO         5936    i.__sd_nvic_irq_disable  app_util_platform.o
    0x0002d88c   0x0000000c   Code   RO        10354    i.__set_errno       mc_w.l(errno.o)
    0x0002d898   0x00000410   Code   RO        10276    i._printf_core      mc_w.l(printf8.o)
    0x0002dca8   0x00000024   Code   RO        10277    i._printf_post_padding  mc_w.l(printf8.o)
    0x0002dccc   0x0000002e   Code   RO        10278    i._printf_pre_padding  mc_w.l(printf8.o)
    0x0002dcfa   0x0000000a   Code   RO        10280    i._sputc            mc_w.l(printf8.o)
    0x0002dd04   0x0000001c   Code   RO          883    i.acc_time_event_handler  bsp.o
    0x0002dd20   0x00000032   Code   RO         2295    i.addr_compare      id_manager.o
    0x0002dd52   0x00000018   Code   RO         1628    i.addr_is_valid     ble_advertising.o
    0x0002dd6a   0x00000002   PAD
    0x0002dd6c   0x0000002c   Code   RO         6268    i.address_is_valid  fds.o
    0x0002dd98   0x0000016c   Code   RO         1518    i.adv_data_encode   ble_advdata.o
    0x0002df04   0x00000060   Code   RO         1629    i.adv_mode_next_avail_get  ble_advertising.o
    0x0002df64   0x00000012   Code   RO         1630    i.adv_mode_next_get  ble_advertising.o
    0x0002df76   0x00000012   Code   RO         1519    i.advdata_check     ble_advdata.o
    0x0002df88   0x00000110   Code   RO         7508    i.advertising_init  s132config.o
    0x0002e098   0x00000056   Code   RO         2296    i.ah                id_manager.o
    0x0002e0ee   0x00000010   Code   RO         4152    i.all_req_attrs_parsed  ancs_attr_parser.o
    0x0002e0fe   0x00000002   PAD
    0x0002e100   0x00000050   Code   RO          884    i.ana_step_datas_in_500ms  bsp.o
    0x0002e150   0x00000154   Code   RO         8041    i.ana_time_point    protocol.o
    0x0002e2a4   0x000000ba   Code   RO         4153    i.ancs_parse_get_attrs_response  ancs_attr_parser.o
    0x0002e35e   0x00000008   Code   RO         7509    i.app_attr_print    s132config.o
    0x0002e366   0x00000002   PAD
    0x0002e368   0x0000002c   Code   RO         5431    i.app_button_enable  app_button.o
    0x0002e394   0x000000a8   Code   RO         5432    i.app_button_init   app_button.o
    0x0002e43c   0x00000038   Code   RO          885    i.app_error_fault_handler  bsp.o
    0x0002e474   0x0000009c   Code   RO          886    i.app_error_handler  bsp.o
    0x0002e510   0x00000034   Code   RO         4154    i.app_id_parse      ancs_attr_parser.o
    0x0002e544   0x0000003c   Code   RO         5648    i.app_timer_create  app_timer.o
    0x0002e580   0x0000005c   Code   RO         5649    i.app_timer_init    app_timer.o
    0x0002e5dc   0x00000054   Code   RO         5652    i.app_timer_start   app_timer.o
    0x0002e630   0x00000030   Code   RO         5653    i.app_timer_stop    app_timer.o
    0x0002e660   0x0000000c   Code   RO         5937    i.app_util_critical_region_enter  app_util_platform.o
    0x0002e66c   0x00000048   Code   RO         5938    i.app_util_critical_region_exit  app_util_platform.o
    0x0002e6b4   0x00000052   Code   RO         1520    i.appearance_encode  ble_advdata.o
    0x0002e706   0x00000002   PAD
    0x0002e708   0x00000038   Code   RO         7510    i.apple_notification_error_handler  s132config.o
    0x0002e740   0x00000070   Code   RO         7511    i.apple_notification_setup  s132config.o
    0x0002e7b0   0x00000058   Code   RO         3721    i.apply_pending_flags_check  gatt_cache_manager.o
    0x0002e808   0x000000c2   Code   RO         4155    i.attr_data_parse   ancs_attr_parser.o
    0x0002e8ca   0x00000060   Code   RO         4156    i.attr_id_parse     ancs_attr_parser.o
    0x0002e92a   0x0000001c   Code   RO         4157    i.attr_is_requested  ancs_attr_parser.o
    0x0002e946   0x00000014   Code   RO         4158    i.attr_len1_parse   ancs_attr_parser.o
    0x0002e95a   0x00000078   Code   RO         4159    i.attr_len2_parse   ancs_attr_parser.o
    0x0002e9d2   0x0000005e   Code   RO         4160    i.attr_skip         ancs_attr_parser.o
    0x0002ea30   0x00000014   Code   RO         3432    i.auth_status_failure_process  security_dispatcher.o
    0x0002ea44   0x0000001c   Code   RO         3433    i.auth_status_process  security_dispatcher.o
    0x0002ea60   0x000000bc   Code   RO         3434    i.auth_status_success_process  security_dispatcher.o
    0x0002eb1c   0x00000094   Code   RO         1521    i.ble_advdata_set   ble_advdata.o
    0x0002ebb0   0x0000017c   Code   RO         1632    i.ble_advertising_init  ble_advertising.o
    0x0002ed2c   0x00000032   Code   RO         1633    i.ble_advertising_on_ble_evt  ble_advertising.o
    0x0002ed5e   0x00000002   PAD
    0x0002ed60   0x0000004c   Code   RO         1634    i.ble_advertising_on_sys_evt  ble_advertising.o
    0x0002edac   0x00000170   Code   RO         1637    i.ble_advertising_start  ble_advertising.o
    0x0002ef1c   0x00000030   Code   RO         1638    i.ble_advertising_whitelist_reply  ble_advertising.o
    0x0002ef4c   0x00000010   Code   RO         3906    i.ble_ancs_c_data_source_notif_enable  nrf_ble_ancs_c.o
    0x0002ef5c   0x000000d0   Code   RO         3907    i.ble_ancs_c_init   nrf_ble_ancs_c.o
    0x0002f02c   0x00000010   Code   RO         3910    i.ble_ancs_c_notif_source_notif_enable  nrf_ble_ancs_c.o
    0x0002f03c   0x0000003a   Code   RO         3911    i.ble_ancs_c_on_ble_evt  nrf_ble_ancs_c.o
    0x0002f076   0x000000ee   Code   RO         3912    i.ble_ancs_c_on_db_disc_evt  nrf_ble_ancs_c.o
    0x0002f164   0x000000b8   Code   RO         3913    i.ble_ancs_get_notif_attrs  nrf_ble_ancs_c.o
    0x0002f21c   0x00000016   Code   RO         3914    i.ble_ancs_verify_notification_format  nrf_ble_ancs_c.o
    0x0002f232   0x00000002   PAD
    0x0002f234   0x00000084   Code   RO         1762    i.ble_conn_params_init  ble_conn_params.o
    0x0002f2b8   0x0000003e   Code   RO         1763    i.ble_conn_params_on_ble_evt  ble_conn_params.o
    0x0002f2f6   0x00000002   PAD
    0x0002f2f8   0x00000010   Code   RO         1764    i.ble_conn_params_stop  ble_conn_params.o
    0x0002f308   0x00000018   Code   RO         1845    i.ble_conn_state_conn_handles  ble_conn_state.o
    0x0002f320   0x00000018   Code   RO         1846    i.ble_conn_state_encrypted  ble_conn_state.o
    0x0002f338   0x00000018   Code   RO         1848    i.ble_conn_state_mitm_protected  ble_conn_state.o
    0x0002f350   0x000000cc   Code   RO         1852    i.ble_conn_state_on_ble_evt  ble_conn_state.o
    0x0002f41c   0x00000038   Code   RO         1854    i.ble_conn_state_role  ble_conn_state.o
    0x0002f454   0x0000003c   Code   RO         1855    i.ble_conn_state_status  ble_conn_state.o
    0x0002f490   0x00000024   Code   RO         1856    i.ble_conn_state_user_flag_acquire  ble_conn_state.o
    0x0002f4b4   0x0000001c   Code   RO         1857    i.ble_conn_state_user_flag_collection  ble_conn_state.o
    0x0002f4d0   0x00000028   Code   RO         1858    i.ble_conn_state_user_flag_get  ble_conn_state.o
    0x0002f4f8   0x00000028   Code   RO         1859    i.ble_conn_state_user_flag_set  ble_conn_state.o
    0x0002f520   0x00000034   Code   RO         2002    i.ble_db_discovery_evt_register  ble_db_discovery.o
    0x0002f554   0x00000038   Code   RO         2003    i.ble_db_discovery_init  ble_db_discovery.o
    0x0002f58c   0x0000006c   Code   RO         2004    i.ble_db_discovery_on_ble_evt  ble_db_discovery.o
    0x0002f5f8   0x0000009c   Code   RO         2005    i.ble_db_discovery_start  ble_db_discovery.o
    0x0002f694   0x00000076   Code   RO         1522    i.ble_device_addr_encode  ble_advdata.o
    0x0002f70a   0x00000002   PAD
    0x0002f70c   0x00000054   Code   RO         7513    i.ble_evt_dispatch  s132config.o
    0x0002f760   0x00000098   Code   RO         3839    i.ble_nus_init      ble_nus.o
    0x0002f7f8   0x00000042   Code   RO         3840    i.ble_nus_on_ble_evt  ble_nus.o
    0x0002f83a   0x00000056   Code   RO         3841    i.ble_nus_string_send  ble_nus.o
    0x0002f890   0x000000fc   Code   RO          395    i.ble_send_current_step  data_use_api.o
    0x0002f98c   0x00000178   Code   RO          396    i.ble_send_history_step  data_use_api.o
    0x0002fb04   0x000000e4   Code   RO          397    i.ble_send_hr       data_use_api.o
    0x0002fbe8   0x00000062   Code   RO          398    i.ble_send_step     data_use_api.o
    0x0002fc4a   0x00000002   PAD
    0x0002fc4c   0x00000060   Code   RO          399    i.ble_send_wait_to_success  data_use_api.o
    0x0002fcac   0x00000012   Code   RO         2130    i.ble_srv_is_notification_enabled  ble_srv_common.o
    0x0002fcbe   0x00000002   PAD
    0x0002fcc0   0x00000128   Code   RO         7514    i.ble_stack_init    s132config.o
    0x0002fde8   0x000000e4   Code   RO         9680    i.blood_presure_meas_timeout_handler  hrs3300.o
    0x0002fecc   0x00000068   Code   RO          722    i.boot_to_new_appilacation  boot.o
    0x0002ff34   0x00000028   Code   RO          887    i.button_event_handler  bsp.o
    0x0002ff5c   0x00000044   Code   RO          888    i.buttons_init      bsp.o
    0x0002ffa0   0x00000078   Code   RO         5326    i.cal_percentage    battery_adc.o
    0x00030018   0x00000050   Code   RO          889    i.calc_step_time    bsp.o
    0x00030068   0x00000054   Code   RO         3915    i.cccd_configure    nrf_ble_ancs_c.o
    0x000300bc   0x00000020   Code   RO         3722    i.cccd_written      gatt_cache_manager.o
    0x000300dc   0x00000020   Code   RO         4524    i.channel_free      nrf_drv_gpiote.o
    0x000300fc   0x00000010   Code   RO         4525    i.channel_handler_get  nrf_drv_gpiote.o
    0x0003010c   0x00000080   Code   RO         4526    i.channel_port_alloc  nrf_drv_gpiote.o
    0x0003018c   0x0000000c   Code   RO         4527    i.channel_port_get  nrf_drv_gpiote.o
    0x00030198   0x00000060   Code   RO         2006    i.characteristics_discover  ble_db_discovery.o
    0x000301f8   0x0000004c   Code   RO         5327    i.charger_status    battery_adc.o
    0x00030244   0x00000020   Code   RO         6014    i.check_config      fstorage.o
    0x00030264   0x000000a4   Code   RO         8821    i.check_in_sedentary  alarm.o
    0x00030308   0x00000090   Code   RO         8042    i.check_send_hr_real_time  protocol.o
    0x00030398   0x00000022   Code   RO         6269    i.chunk_is_aligned  fds.o
    0x000303ba   0x00000002   PAD
    0x000303bc   0x00000030   Code   RO         6270    i.chunk_queue_get_and_advance  fds.o
    0x000303ec   0x00000020   Code   RO         6271    i.chunk_queue_next  fds.o
    0x0003040c   0x0000002c   Code   RO         6272    i.chunk_queue_skip  fds.o
    0x00030438   0x00000046   Code   RO         2959    i.claim             peer_id.o
    0x0003047e   0x00000002   PAD
    0x00030480   0x00000030   Code   RO         4270    i.clock_clk_started_notify  nrf_drv_clock.o
    0x000304b0   0x00000038   Code   RO         7515    i.close_all_gpio    s132config.o
    0x000304e8   0x00000052   Code   RO         4161    i.command_id_parse  ancs_attr_parser.o
    0x0003053a   0x00000002   PAD
    0x0003053c   0x00000090   Code   RO         5655    i.compare_reg_update  app_timer.o
    0x000305cc   0x0000005a   Code   RO         1523    i.conn_int_check    ble_advdata.o
    0x00030626   0x00000068   Code   RO         1524    i.conn_int_encode   ble_advdata.o
    0x0003068e   0x00000002   PAD
    0x00030690   0x00000038   Code   RO         7516    i.conn_params_error_handler  s132config.o
    0x000306c8   0x0000007c   Code   RO         7517    i.conn_params_init  s132config.o
    0x00030744   0x00000084   Code   RO         1765    i.conn_params_negotiation  ble_conn_params.o
    0x000307c8   0x00000058   Code   RO         3435    i.conn_sec_update_process  security_dispatcher.o
    0x00030820   0x000000f0   Code   RO          762    i.convert_time_to_Second  softwarertc.o
    0x00030910   0x00000030   Code   RO         2496    i.data_length_update  nrf_ble_gatt.o
    0x00030940   0x000000d0   Code   RO          890    i.data_process_if_change_day  bsp.o
    0x00030a10   0x0000003c   Code   RO          400    i.data_use_packet_data  data_use_api.o
    0x00030a4c   0x00000014   Code   RO         7518    i.db_disc_handler   s132config.o
    0x00030a60   0x00000048   Code   RO         7519    i.db_discovery_init  s132config.o
    0x00030aa8   0x00000018   Code   RO          365    i.delay_ms          utility.o
    0x00030ac0   0x00000024   Code   RO          366    i.delay_us          utility.o
    0x00030ae4   0x00000044   Code   RO         7520    i.delete_bonds      s132config.o
    0x00030b28   0x0000004a   Code   RO         6273    i.delete_execute    fds.o
    0x00030b72   0x00000002   PAD
    0x00030b74   0x00000064   Code   RO          891    i.delete_history_data_same_to_today  bsp.o
    0x00030bd8   0x000000b6   Code   RO         2007    i.descriptors_discover  ble_db_discovery.o
    0x00030c8e   0x00000002   PAD
    0x00030c90   0x0000008c   Code   RO         5434    i.detection_delay_timeout_handler  app_button.o
    0x00030d1c   0x00000022   Code   RO         3436    i.disconnect_process  security_dispatcher.o
    0x00030d3e   0x00000002   PAD
    0x00030d40   0x000000c8   Code   RO         2008    i.discovery_complete_evt_trigger  ble_db_discovery.o
    0x00030e08   0x0000003e   Code   RO         2009    i.discovery_error_evt_trigger  ble_db_discovery.o
    0x00030e46   0x00000002   PAD
    0x00030e48   0x000000b8   Code   RO         9158    i.display_in_sleep_mode  ui_app.o
    0x00030f00   0x00000064   Code   RO         5656    i.elapsed_ticks_acquire  app_timer.o
    0x00030f64   0x00000038   Code   RO         3437    i.encryption_failure  security_dispatcher.o
    0x00030f9c   0x0000000a   Code   RO         6015    i.erase_execute     fstorage.o
    0x00030fa6   0x00000002   PAD
    0x00030fa8   0x00000020   Code   RO         8261    i.erase_sleep_flash  sleep.o
    0x00030fc8   0x00000024   Code   RO         7521    i.err_code_print    s132config.o
    0x00030fec   0x00000054   Code   RO         1435    i.errata_108        system_nrf52.o
    0x00031040   0x00000054   Code   RO         1436    i.errata_12         system_nrf52.o
    0x00031094   0x00000030   Code   RO         1437    i.errata_16         system_nrf52.o
    0x000310c4   0x00000054   Code   RO         1438    i.errata_31         system_nrf52.o
    0x00031118   0x00000030   Code   RO         1439    i.errata_32         system_nrf52.o
    0x00031148   0x00000054   Code   RO         1440    i.errata_36         system_nrf52.o
    0x0003119c   0x00000030   Code   RO         1441    i.errata_37         system_nrf52.o
    0x000311cc   0x00000030   Code   RO         1442    i.errata_57         system_nrf52.o
    0x000311fc   0x00000030   Code   RO         1443    i.errata_66         system_nrf52.o
    0x0003122c   0x00000076   Code   RO         6275    i.event_prepare     fds.o
    0x000312a2   0x00000002   PAD
    0x000312a4   0x00000028   Code   RO         6276    i.event_send        fds.o
    0x000312cc   0x00000042   Code   RO         3582    i.events_send_from_err_code  security_manager.o
    0x0003130e   0x00000002   PAD
    0x00031310   0x00000020   Code   RO         2196    i.evt_send          gatts_cache_manager.o
    0x00031330   0x00000020   Code   RO         2297    i.evt_send          id_manager.o
    0x00031350   0x00000028   Code   RO         3054    i.evt_send          peer_manager.o
    0x00031378   0x00000020   Code   RO         3438    i.evt_send          security_dispatcher.o
    0x00031398   0x00000020   Code   RO         3583    i.evt_send          security_manager.o
    0x000313b8   0x00000020   Code   RO         3723    i.evt_send          gatt_cache_manager.o
    0x000313d8   0x00000058   Code   RO         5657    i.expired_timers_handler  app_timer.o
    0x00031430   0x0000013c   Code   RO         2612    i.fds_evt_handler   peer_data_storage.o
    0x0003156c   0x00000048   Code   RO         6278    i.fds_file_delete   fds.o
    0x000315b4   0x00000040   Code   RO         6279    i.fds_gc            fds.o
    0x000315f4   0x000000ae   Code   RO         6280    i.fds_init          fds.o
    0x000316a2   0x00000002   PAD
    0x000316a4   0x00000058   Code   RO         6281    i.fds_record_close  fds.o
    0x000316fc   0x00000016   Code   RO         6283    i.fds_record_find   fds.o
    0x00031712   0x00000014   Code   RO         6284    i.fds_record_find_by_key  fds.o
    0x00031726   0x00000014   Code   RO         6285    i.fds_record_find_in_file  fds.o
    0x0003173a   0x00000012   Code   RO         6286    i.fds_record_id_from_desc  fds.o
    0x0003174c   0x0000004c   Code   RO         6288    i.fds_record_open   fds.o
    0x00031798   0x0000001a   Code   RO         6289    i.fds_record_update  fds.o
    0x000317b2   0x00000014   Code   RO         6290    i.fds_record_write  fds.o
    0x000317c6   0x0000001c   Code   RO         6291    i.fds_record_write_reserved  fds.o
    0x000317e2   0x00000002   PAD
    0x000317e4   0x00000030   Code   RO         6292    i.fds_register      fds.o
    0x00031814   0x00000030   Code   RO         6293    i.fds_reserve       fds.o
    0x00031844   0x00000050   Code   RO         6294    i.fds_reserve_cancel  fds.o
    0x00031894   0x00000034   Code   RO         6296    i.file_find_and_delete  fds.o
    0x000318c8   0x0000000a   Code   RO         2613    i.file_id_to_peer_id  peer_data_storage.o
    0x000318d2   0x00000018   Code   RO         2614    i.file_id_within_pm_range  peer_data_storage.o
    0x000318ea   0x00000022   Code   RO         6927    i.finish_transfer   nrf_drv_spi.o
    0x0003190c   0x00000010   Code   RO         6297    i.flag_clear        fds.o
    0x0003191c   0x00000012   Code   RO         3439    i.flag_id_init      security_dispatcher.o
    0x0003192e   0x00000012   Code   RO         3584    i.flag_id_init      security_manager.o
    0x00031940   0x00000018   Code   RO         6298    i.flag_is_set       fds.o
    0x00031958   0x00000010   Code   RO         6299    i.flag_set          fds.o
    0x00031968   0x00000036   Code   RO         1525    i.flags_encode      ble_advdata.o
    0x0003199e   0x00000002   PAD
    0x000319a0   0x0000009c   Code   RO         3585    i.flags_set_from_err_code  security_manager.o
    0x00031a3c   0x00000014   Code   RO         1639    i.flash_access_in_progress  ble_advertising.o
    0x00031a50   0x00000038   Code   RO          724    i.flash_nvic_word_write  boot.o
    0x00031a88   0x00000080   Code   RO         6016    i.fs_erase          fstorage.o
    0x00031b08   0x0000000e   Code   RO         6300    i.fs_event_handler  fds.o
    0x00031b16   0x00000018   Code   RO         6018    i.fs_flash_page_end_addr  fstorage.o
    0x00031b2e   0x00000002   PAD
    0x00031b30   0x000000c0   Code   RO         6019    i.fs_init           fstorage.o
    0x00031bf0   0x00000018   Code   RO         6022    i.fs_queued_op_count_get  fstorage.o
    0x00031c08   0x00000094   Code   RO         6023    i.fs_store          fstorage.o
    0x00031c9c   0x0000006c   Code   RO         6024    i.fs_sys_event_handler  fstorage.o
    0x00031d08   0x00000078   Code   RO         7522    i.gap_params_init   s132config.o
    0x00031d80   0x0000004c   Code   RO         7523    i.gatt_init         s132config.o
    0x00031dcc   0x00000070   Code   RO         6301    i.gc_execute        fds.o
    0x00031e3c   0x0000003c   Code   RO         6302    i.gc_init           fds.o
    0x00031e78   0x00000028   Code   RO         6303    i.gc_next_page      fds.o
    0x00031ea0   0x00000044   Code   RO         6304    i.gc_page_erase     fds.o
    0x00031ee4   0x00000048   Code   RO         6305    i.gc_page_next      fds.o
    0x00031f2c   0x00000040   Code   RO         6306    i.gc_record_copy    fds.o
    0x00031f6c   0x00000024   Code   RO         6307    i.gc_record_find_next  fds.o
    0x00031f90   0x00000058   Code   RO         6308    i.gc_state_advance  fds.o
    0x00031fe8   0x0000002c   Code   RO         6309    i.gc_swap_erase     fds.o
    0x00032014   0x00000044   Code   RO         6310    i.gc_swap_pages     fds.o
    0x00032058   0x00000020   Code   RO         6311    i.gc_swap_promote   fds.o
    0x00032078   0x00000018   Code   RO         6312    i.gc_tag_new_swap   fds.o
    0x00032090   0x00000020   Code   RO         6313    i.gc_update_swap_offset  fds.o
    0x000320b0   0x00000074   Code   RO         3724    i.gcm_ble_evt_handler  gatt_cache_manager.o
    0x00032124   0x00000078   Code   RO         3725    i.gcm_gscm_evt_handler  gatt_cache_manager.o
    0x0003219c   0x00000030   Code   RO         3726    i.gcm_im_evt_handler  gatt_cache_manager.o
    0x000321cc   0x00000068   Code   RO         3727    i.gcm_init          gatt_cache_manager.o
    0x00032234   0x0000004c   Code   RO         3728    i.gcm_local_database_has_changed  gatt_cache_manager.o
    0x00032280   0x00000018   Code   RO         3731    i.gcm_smd_evt_handler  gatt_cache_manager.o
    0x00032298   0x00000038   Code   RO          892    i.get_acc_data      bsp.o
    0x000322d0   0x0000003c   Code   RO         2298    i.get_connection_by_conn_handle  id_manager.o
    0x0003230c   0x00000034   Code   RO         2299    i.get_free_connection  id_manager.o
    0x00032340   0x00000030   Code   RO         9351    i.get_int           ui_support.o
    0x00032370   0x00000010   Code   RO         7524    i.get_mac           s132config.o
    0x00032380   0x00000010   Code   RO         5658    i.get_time_escape_ms  app_timer.o
    0x00032390   0x00000080   Code   RO         5435    i.gpiote_event_handler  app_button.o
    0x00032410   0x0000001c   Code   RO         2197    i.gscm_db_change_notification_done  gatts_cache_manager.o
    0x0003242c   0x00000014   Code   RO         2198    i.gscm_init         gatts_cache_manager.o
    0x00032440   0x00000018   Code   RO         2199    i.gscm_local_database_has_changed  gatts_cache_manager.o
    0x00032458   0x00000090   Code   RO         2200    i.gscm_local_db_cache_apply  gatts_cache_manager.o
    0x000324e8   0x00000096   Code   RO         2202    i.gscm_local_db_cache_update  gatts_cache_manager.o
    0x0003257e   0x00000002   PAD
    0x00032580   0x00000058   Code   RO         2203    i.gscm_pdb_evt_handler  gatts_cache_manager.o
    0x000325d8   0x00000024   Code   RO         2204    i.gscm_service_changed_ind_needed  gatts_cache_manager.o
    0x000325fc   0x0000003c   Code   RO         2205    i.gscm_service_changed_ind_send  gatts_cache_manager.o
    0x00032638   0x00000018   Code   RO         6314    i.header_is_valid   fds.o
    0x00032650   0x000000d0   Code   RO         9681    i.heart_rate_meas_timeout_handler  hrs3300.o
    0x00032720   0x00000060   Code   RO         9521    i.hr_bp_event_handler  hr_app.o
    0x00032780   0x0000006c   Code   RO         9522    i.hr_data_in        hr_app.o
    0x000327ec   0x00000030   Code   RO         9523    i.hrs3300_power_on  hr_app.o
    0x0003281c   0x0000004c   Code   RO         2300    i.im_address_resolve  id_manager.o
    0x00032868   0x00000034   Code   RO         2301    i.im_ble_addr_get   id_manager.o
    0x0003289c   0x000000ce   Code   RO         2302    i.im_ble_evt_handler  id_manager.o
    0x0003296a   0x00000002   PAD
    0x0003296c   0x00000030   Code   RO         2303    i.im_conn_handle_get  id_manager.o
    0x0003299c   0x0000002c   Code   RO         2307    i.im_init           id_manager.o
    0x000329c8   0x00000044   Code   RO         2308    i.im_is_duplicate_bonding_data  id_manager.o
    0x00032a0c   0x00000022   Code   RO         2309    i.im_master_id_is_valid  id_manager.o
    0x00032a2e   0x00000032   Code   RO         2310    i.im_master_ids_compare  id_manager.o
    0x00032a60   0x00000010   Code   RO         2311    i.im_new_peer_id    id_manager.o
    0x00032a70   0x0000007c   Code   RO         2312    i.im_pdb_evt_handler  id_manager.o
    0x00032aec   0x0000002a   Code   RO         2313    i.im_peer_free      id_manager.o
    0x00032b16   0x00000002   PAD
    0x00032b18   0x00000028   Code   RO         2314    i.im_peer_id_get_by_conn_handle  id_manager.o
    0x00032b40   0x00000040   Code   RO         2315    i.im_peer_id_get_by_master_id  id_manager.o
    0x00032b80   0x00000048   Code   RO         2318    i.im_whitelist_get  id_manager.o
    0x00032bc8   0x00000022   Code   RO         8822    i.in_hour_min       alarm.o
    0x00032bea   0x00000002   PAD
    0x00032bec   0x00000034   Code   RO          893    i.init_acc_time     bsp.o
    0x00032c20   0x0000010c   Code   RO            4    i.init_all          main.o
    0x00032d2c   0x00000118   Code   RO         6315    i.init_execute      fds.o
    0x00032e44   0x00000050   Code   RO         9302    i.init_ui_time      ui_time.o
    0x00032e94   0x000000c4   Code   RO         7362    i.intern_softdevice_events_execute  softdevice_handler.o
    0x00032f58   0x00000018   Code   RO         2206    i.internal_state_reset  gatts_cache_manager.o
    0x00032f70   0x0000002c   Code   RO         2320    i.internal_state_reset  id_manager.o
    0x00032f9c   0x00000020   Code   RO         2780    i.internal_state_reset  peer_database.o
    0x00032fbc   0x00000006   Code   RO         2960    i.internal_state_reset  peer_id.o
    0x00032fc2   0x00000002   PAD
    0x00032fc4   0x0000002c   Code   RO         3055    i.internal_state_reset  peer_manager.o
    0x00032ff0   0x0000000c   Code   RO         3732    i.internal_state_reset  gatt_cache_manager.o
    0x00032ffc   0x00000022   Code   RO         6928    i.irq_handler_spi   nrf_drv_spi.o
    0x0003301e   0x00000002   PAD
    0x00033020   0x0000000c   Code   RO         7525    i.is_ble_tx_enable  s132config.o
    0x0003302c   0x00000024   Code   RO         2010    i.is_char_discovery_reqd  ble_db_discovery.o
    0x00033050   0x00000024   Code   RO         1766    i.is_conn_params_ok  ble_conn_params.o
    0x00033074   0x0000005e   Code   RO         2011    i.is_desc_discovery_reqd  ble_db_discovery.o
    0x000330d2   0x00000018   Code   RO         2321    i.is_valid_irk      id_manager.o
    0x000330ea   0x00000010   Code   RO         6316    i.is_word_aligned   fds.o
    0x000330fa   0x0000000c   Code   RO         4273    i.item_dequeue      nrf_drv_clock.o
    0x00033106   0x00000002   PAD
    0x00033108   0x00000080   Code   RO         9159    i.key_press_jump_index  ui_app.o
    0x00033188   0x000000ca   Code   RO         8460    i.kx023Init         lis3dh_driver.o
    0x00033252   0x000000be   Code   RO         8461    i.kx023softInit     lis3dh_driver.o
    0x00033310   0x000001ec   Code   RO         9352    i.lcd_show_HR       ui_support.o
    0x000334fc   0x0000008c   Code   RO         9353    i.lcd_show_K        ui_support.o
    0x00033588   0x00000164   Code   RO         9354    i.lcd_show_alarm    ui_support.o
    0x000336ec   0x000000e8   Code   RO         9355    i.lcd_show_battery  ui_support.o
    0x000337d4   0x00000026   Code   RO         9356    i.lcd_show_battery_charging  ui_support.o
    0x000337fa   0x00000002   PAD
    0x000337fc   0x0000016c   Code   RO         9357    i.lcd_show_distance  ui_support.o
    0x00033968   0x00000098   Code   RO         9358    i.lcd_show_pair     ui_support.o
    0x00033a00   0x00000144   Code   RO         9359    i.lcd_show_sleep    ui_support.o
    0x00033b44   0x00000118   Code   RO         9360    i.lcd_show_sport_time  ui_support.o
    0x00033c5c   0x00000118   Code   RO         9361    i.lcd_show_step     ui_support.o
    0x00033d74   0x000003bc   Code   RO         9362    i.lcd_show_time     ui_support.o
    0x00034130   0x0000003a   Code   RO         9001    i.lcd_spi_send      lcd.o
    0x0003416a   0x00000030   Code   RO         9002    i.lcd_swap_buf      lcd.o
    0x0003419a   0x00000002   PAD
    0x0003419c   0x0000001c   Code   RO         4276    i.lfclk_stop        nrf_drv_clock.o
    0x000341b8   0x00000014   Code   RO         2497    i.link_init         nrf_ble_gatt.o
    0x000341cc   0x000000c4   Code   RO         3586    i.link_secure       security_manager.o
    0x00034290   0x0000008e   Code   RO         3440    i.link_secure_central  security_dispatcher.o
    0x0003431e   0x000000e8   Code   RO         3441    i.link_secure_central_existing_peer  security_dispatcher.o
    0x00034406   0x0000007c   Code   RO         3442    i.link_secure_central_new_peer  security_dispatcher.o
    0x00034482   0x00000002   PAD
    0x00034484   0x00000058   Code   RO         3443    i.link_secure_failure  security_dispatcher.o
    0x000344dc   0x00000080   Code   RO         3587    i.link_secure_pending_process  security_manager.o
    0x0003455c   0x00000012   Code   RO         3444    i.link_secure_peripheral  security_dispatcher.o
    0x0003456e   0x00000002   PAD
    0x00034570   0x0000013c   Code   RO         5659    i.list_insertions_handler  app_timer.o
    0x000346ac   0x000000a0   Code   RO         3733    i.local_db_apply_in_evt  gatt_cache_manager.o
    0x0003474c   0x000000b8   Code   RO         3734    i.local_db_update_in_evt  gatt_cache_manager.o
    0x00034804   0x00000034   Code   RO         3379    i.lock_by_mask      pm_mutex.o
    0x00034838   0x0000001c   Code   RO            5    i.main              main.o
    0x00034854   0x00000076   Code   RO         1526    i.manuf_specific_data_encode  ble_advdata.o
    0x000348ca   0x00000022   Code   RO          763    i.monthLength       softwarertc.o
    0x000348ec   0x000000b8   Code   RO          894    i.motor_timeout_handler  bsp.o
    0x000349a4   0x000000c2   Code   RO         1527    i.name_encode       ble_advdata.o
    0x00034a66   0x00000002   PAD
    0x00034a68   0x00000070   Code   RO         2322    i.new_connection    id_manager.o
    0x00034ad8   0x00000034   Code   RO         2961    i.next_id_get       peer_id.o
    0x00034b0c   0x00000310   Code   RO         7526    i.notif_attr_print  s132config.o
    0x00034e1c   0x000000d8   Code   RO         7527    i.notif_print       s132config.o
    0x00034ef4   0x0000002c   Code   RO         4162    i.notif_uid_parse   ancs_attr_parser.o
    0x00034f20   0x00000016   Code   RO         4528    i.nrf_bitmask_bit_is_set  nrf_drv_gpiote.o
    0x00034f36   0x0000003c   Code   RO         3920    i.nrf_ble_ancs_c_attr_add  nrf_ble_ancs_c.o
    0x00034f72   0x0000002a   Code   RO         3922    i.nrf_ble_ancs_c_handles_assign  nrf_ble_ancs_c.o
    0x00034f9c   0x00000036   Code   RO         3923    i.nrf_ble_ancs_c_request_attrs  nrf_ble_ancs_c.o
    0x00034fd2   0x00000034   Code   RO         2503    i.nrf_ble_gatt_init  nrf_ble_gatt.o
    0x00035006   0x000000a8   Code   RO         2504    i.nrf_ble_gatt_on_ble_evt  nrf_ble_gatt.o
    0x000350ae   0x00000012   Code   RO         4277    i.nrf_clock_event_check  nrf_drv_clock.o
    0x000350c0   0x00000012   Code   RO         4278    i.nrf_clock_event_clear  nrf_drv_clock.o
    0x000350d2   0x00000002   PAD
    0x000350d4   0x0000000c   Code   RO         4280    i.nrf_clock_int_disable  nrf_drv_clock.o
    0x000350e0   0x00000010   Code   RO         4282    i.nrf_clock_lf_is_running  nrf_drv_clock.o
    0x000350f0   0x00000008   Code   RO         4283    i.nrf_clock_task_trigger  nrf_drv_clock.o
    0x000350f8   0x00000068   Code   RO         4289    i.nrf_drv_clock_init  nrf_drv_clock.o
    0x00035160   0x00000030   Code   RO         4293    i.nrf_drv_clock_lfclk_release  nrf_drv_clock.o
    0x00035190   0x00000010   Code   RO         4295    i.nrf_drv_clock_on_sd_disable  nrf_drv_clock.o
    0x000351a0   0x00000034   Code   RO         4296    i.nrf_drv_clock_on_sd_enable  nrf_drv_clock.o
    0x000351d4   0x0000000e   Code   RO         4297    i.nrf_drv_clock_on_soc_event  nrf_drv_clock.o
    0x000351e2   0x00000002   PAD
    0x000351e4   0x00000060   Code   RO         4477    i.nrf_drv_common_irq_enable  nrf_drv_common.o
    0x00035244   0x000000ac   Code   RO         4533    i.nrf_drv_gpiote_in_event_enable  nrf_drv_gpiote.o
    0x000352f0   0x000000dc   Code   RO         4534    i.nrf_drv_gpiote_in_init  nrf_drv_gpiote.o
    0x000353cc   0x00000014   Code   RO         4535    i.nrf_drv_gpiote_in_is_set  nrf_drv_gpiote.o
    0x000353e0   0x00000060   Code   RO         4537    i.nrf_drv_gpiote_init  nrf_drv_gpiote.o
    0x00035440   0x00000014   Code   RO         4538    i.nrf_drv_gpiote_is_init  nrf_drv_gpiote.o
    0x00035454   0x000000c0   Code   RO         6755    i.nrf_drv_saadc_buffer_convert  nrf_drv_saadc.o
    0x00035514   0x00000088   Code   RO         6757    i.nrf_drv_saadc_channel_init  nrf_drv_saadc.o
    0x0003559c   0x000000a4   Code   RO         6759    i.nrf_drv_saadc_init  nrf_drv_saadc.o
    0x00035640   0x00000030   Code   RO         6762    i.nrf_drv_saadc_sample  nrf_drv_saadc.o
    0x00035670   0x00000164   Code   RO         6930    i.nrf_drv_spi_init  nrf_drv_spi.o
    0x000357d4   0x0000002c   Code   RO         6931    i.nrf_drv_spi_transfer  nrf_drv_spi.o
    0x00035800   0x00000058   Code   RO         6932    i.nrf_drv_spi_uninit  nrf_drv_spi.o
    0x00035858   0x00000088   Code   RO         6933    i.nrf_drv_spi_xfer  nrf_drv_spi.o
    0x000358e0   0x00000028   Code   RO         4552    i.nrf_gpio_cfg      nrf_drv_gpiote.o
    0x00035908   0x00000028   Code   RO         6934    i.nrf_gpio_cfg      nrf_drv_spi.o
    0x00035930   0x00000028   Code   RO         9767    i.nrf_gpio_cfg      iic_gpio.o
    0x00035958   0x0000002e   Code   RO         5328    i.nrf_gpio_cfg_input  battery_adc.o
    0x00035986   0x0000001a   Code   RO         9768    i.nrf_gpio_cfg_input  iic_gpio.o
    0x000359a0   0x00000018   Code   RO         6935    i.nrf_gpio_cfg_output  nrf_drv_spi.o
    0x000359b8   0x00000030   Code   RO         7528    i.nrf_gpio_cfg_output  s132config.o
    0x000359e8   0x00000030   Code   RO         8462    i.nrf_gpio_cfg_output  lis3dh_driver.o
    0x00035a18   0x00000030   Code   RO         9003    i.nrf_gpio_cfg_output  lcd.o
    0x00035a48   0x00000030   Code   RO         9524    i.nrf_gpio_cfg_output  hr_app.o
    0x00035a78   0x00000018   Code   RO         9769    i.nrf_gpio_cfg_output  iic_gpio.o
    0x00035a90   0x00000032   Code   RO         4554    i.nrf_gpio_cfg_sense_set  nrf_drv_gpiote.o
    0x00035ac2   0x00000016   Code   RO          895    i.nrf_gpio_pin_clear  bsp.o
    0x00035ad8   0x00000016   Code   RO         6936    i.nrf_gpio_pin_clear  nrf_drv_spi.o
    0x00035aee   0x00000016   Code   RO         7529    i.nrf_gpio_pin_clear  s132config.o
    0x00035b04   0x00000016   Code   RO         8463    i.nrf_gpio_pin_clear  lis3dh_driver.o
    0x00035b1a   0x00000016   Code   RO         8885    i.nrf_gpio_pin_clear  ex_flash.o
    0x00035b30   0x00000016   Code   RO         9004    i.nrf_gpio_pin_clear  lcd.o
    0x00035b46   0x00000016   Code   RO         9525    i.nrf_gpio_pin_clear  hr_app.o
    0x00035b5c   0x00000016   Code   RO         9770    i.nrf_gpio_pin_clear  iic_gpio.o
    0x00035b72   0x00000018   Code   RO          896    i.nrf_gpio_pin_read  bsp.o
    0x00035b8a   0x00000018   Code   RO         4556    i.nrf_gpio_pin_read  nrf_drv_gpiote.o
    0x00035ba2   0x00000018   Code   RO         5329    i.nrf_gpio_pin_read  battery_adc.o
    0x00035bba   0x00000018   Code   RO         9160    i.nrf_gpio_pin_read  ui_app.o
    0x00035bd2   0x00000018   Code   RO         9526    i.nrf_gpio_pin_read  hr_app.o
    0x00035bea   0x00000018   Code   RO         9771    i.nrf_gpio_pin_read  iic_gpio.o
    0x00035c02   0x00000016   Code   RO          897    i.nrf_gpio_pin_set  bsp.o
    0x00035c18   0x00000016   Code   RO         6937    i.nrf_gpio_pin_set  nrf_drv_spi.o
    0x00035c2e   0x00000016   Code   RO         8464    i.nrf_gpio_pin_set  lis3dh_driver.o
    0x00035c44   0x00000016   Code   RO         8886    i.nrf_gpio_pin_set  ex_flash.o
    0x00035c5a   0x00000016   Code   RO         9005    i.nrf_gpio_pin_set  lcd.o
    0x00035c70   0x00000016   Code   RO         9527    i.nrf_gpio_pin_set  hr_app.o
    0x00035c86   0x00000016   Code   RO         9772    i.nrf_gpio_pin_set  iic_gpio.o
    0x00035c9c   0x00000028   Code   RO         4558    i.nrf_gpio_ports_read  nrf_drv_gpiote.o
    0x00035cc4   0x0000000c   Code   RO         4559    i.nrf_gpiote_event_addr_get  nrf_drv_gpiote.o
    0x00035cd0   0x0000001c   Code   RO         4560    i.nrf_gpiote_event_clear  nrf_drv_gpiote.o
    0x00035cec   0x00000016   Code   RO         4561    i.nrf_gpiote_event_is_set  nrf_drv_gpiote.o
    0x00035d02   0x00000002   PAD
    0x00035d04   0x0000000c   Code   RO         4562    i.nrf_gpiote_int_enable  nrf_drv_gpiote.o
    0x00035d10   0x00000010   Code   RO         6766    i.nrf_saadc_buffer_init  nrf_drv_saadc.o
    0x00035d20   0x00000070   Code   RO         6898    i.nrf_saadc_channel_init  nrf_saadc.o
    0x00035d90   0x00000018   Code   RO         6767    i.nrf_saadc_channel_input_set  nrf_drv_saadc.o
    0x00035da8   0x00000014   Code   RO         6768    i.nrf_saadc_event_check  nrf_drv_saadc.o
    0x00035dbc   0x00000018   Code   RO         6769    i.nrf_saadc_event_clear  nrf_drv_saadc.o
    0x00035dd4   0x0000000c   Code   RO         6770    i.nrf_saadc_int_disable  nrf_drv_saadc.o
    0x00035de0   0x0000000c   Code   RO         6771    i.nrf_saadc_int_enable  nrf_drv_saadc.o
    0x00035dec   0x0000000c   Code   RO         6773    i.nrf_saadc_task_trigger  nrf_drv_saadc.o
    0x00035df8   0x0000000e   Code   RO         6938    i.nrf_spi_event_clear  nrf_drv_spi.o
    0x00035e06   0x00000006   Code   RO         6939    i.nrf_spi_int_disable  nrf_drv_spi.o
    0x00035e0c   0x00000006   Code   RO         6940    i.nrf_spi_int_enable  nrf_drv_spi.o
    0x00035e12   0x00000006   Code   RO         6941    i.nrf_spi_txd_set   nrf_drv_spi.o
    0x00035e18   0x0000000c   Code   RO         4836    i.nrf_uart_errorsrc_get_and_clear  nrf_drv_uart.o
    0x00035e24   0x0000000e   Code   RO         4837    i.nrf_uart_event_check  nrf_drv_uart.o
    0x00035e32   0x0000000e   Code   RO         4838    i.nrf_uart_event_clear  nrf_drv_uart.o
    0x00035e40   0x00000006   Code   RO         4840    i.nrf_uart_int_disable  nrf_drv_uart.o
    0x00035e46   0x00000012   Code   RO         4842    i.nrf_uart_int_enable_check  nrf_drv_uart.o
    0x00035e58   0x00000006   Code   RO         4843    i.nrf_uart_task_trigger  nrf_drv_uart.o
    0x00035e5e   0x0000000c   Code   RO         4845    i.nrf_uarte_errorsrc_get_and_clear  nrf_drv_uart.o
    0x00035e6a   0x0000000e   Code   RO         4846    i.nrf_uarte_event_check  nrf_drv_uart.o
    0x00035e78   0x0000000e   Code   RO         4847    i.nrf_uarte_event_clear  nrf_drv_uart.o
    0x00035e86   0x0000000a   Code   RO         4851    i.nrf_uarte_rx_amount_get  nrf_drv_uart.o
    0x00035e90   0x00000012   Code   RO         7530    i.nus_data_handler  s132config.o
    0x00035ea2   0x00000002   PAD
    0x00035ea4   0x00000060   Code   RO         9006    i.oled_display_on   lcd.o
    0x00035f04   0x0000005c   Code   RO         9364    i.oled_show_version  ui_support.o
    0x00035f60   0x000000a0   Code   RO         7531    i.on_adv_evt        s132config.o
    0x00036000   0x000000a0   Code   RO         7532    i.on_ancs_c_evt     s132config.o
    0x000360a0   0x000000e0   Code   RO         7533    i.on_ble_evt        s132config.o
    0x00036180   0x00000180   Code   RO         2012    i.on_characteristic_discovery_rsp  ble_db_discovery.o
    0x00036300   0x00000018   Code   RO         1767    i.on_conn_params_update  ble_conn_params.o
    0x00036318   0x00000038   Code   RO         1768    i.on_connect        ble_conn_params.o
    0x00036350   0x00000006   Code   RO         3842    i.on_connect        ble_nus.o
    0x00036356   0x00000002   PAD
    0x00036358   0x00000014   Code   RO         1640    i.on_connected      ble_advertising.o
    0x0003636c   0x00000066   Code   RO         2505    i.on_connected_evt  nrf_ble_gatt.o
    0x000363d2   0x0000001e   Code   RO         3924    i.on_ctrlpt_error_rsp  nrf_ble_ancs_c.o
    0x000363f0   0x00000054   Code   RO         2506    i.on_data_length_update_evt  nrf_ble_gatt.o
    0x00036444   0x00000044   Code   RO         2507    i.on_data_length_update_request_evt  nrf_ble_gatt.o
    0x00036488   0x00000130   Code   RO         2013    i.on_descriptor_discovery_rsp  ble_db_discovery.o
    0x000365b8   0x00000040   Code   RO         1769    i.on_disconnect     ble_conn_params.o
    0x000365f8   0x00000008   Code   RO         3843    i.on_disconnect     ble_nus.o
    0x00036600   0x0000003c   Code   RO         1641    i.on_disconnected   ble_advertising.o
    0x0003663c   0x00000012   Code   RO         2014    i.on_disconnected   ble_db_discovery.o
    0x0003664e   0x00000010   Code   RO         3925    i.on_disconnected   nrf_ble_ancs_c.o
    0x0003665e   0x00000014   Code   RO         2508    i.on_disconnected_evt  nrf_ble_gatt.o
    0x00036672   0x0000003e   Code   RO         3926    i.on_evt_gattc_notif  nrf_ble_ancs_c.o
    0x000366b0   0x0000006c   Code   RO         2509    i.on_exchange_mtu_request_evt  nrf_ble_gatt.o
    0x0003671c   0x00000064   Code   RO         2510    i.on_exchange_mtu_rsp_evt  nrf_ble_gatt.o
    0x00036780   0x0000002c   Code   RO         6025    i.on_operation_failure  fstorage.o
    0x000367ac   0x00000078   Code   RO         6026    i.on_operation_success  fstorage.o
    0x00036824   0x00000080   Code   RO         2015    i.on_primary_srv_discovery_rsp  ble_db_discovery.o
    0x000368a4   0x0000009c   Code   RO         2016    i.on_srv_disc_completion  ble_db_discovery.o
    0x00036940   0x00000038   Code   RO         1642    i.on_timeout        ble_advertising.o
    0x00036978   0x0000004c   Code   RO         1770    i.on_write          ble_conn_params.o
    0x000369c4   0x00000046   Code   RO         3844    i.on_write          ble_nus.o
    0x00036a0a   0x0000002c   Code   RO         3927    i.on_write_rsp      nrf_ble_ancs_c.o
    0x00036a36   0x00000002   PAD
    0x00036a38   0x000000a4   Code   RO         6317    i.op_enqueue        fds.o
    0x00036adc   0x00000040   Code   RO         6318    i.page_from_record  fds.o
    0x00036b1c   0x0000002c   Code   RO         6319    i.page_has_space    fds.o
    0x00036b48   0x0000002c   Code   RO         6320    i.page_identify     fds.o
    0x00036b74   0x0000001e   Code   RO         6321    i.page_is_erased    fds.o
    0x00036b92   0x00000012   Code   RO         6322    i.page_offsets_update  fds.o
    0x00036ba4   0x00000068   Code   RO         6323    i.page_scan         fds.o
    0x00036c0c   0x00000020   Code   RO         6324    i.page_tag_write_data  fds.o
    0x00036c2c   0x00000024   Code   RO         6325    i.page_tag_write_swap  fds.o
    0x00036c50   0x00000130   Code   RO         6326    i.pages_init        fds.o
    0x00036d80   0x00000084   Code   RO         3445    i.pairing_failure   security_dispatcher.o
    0x00036e04   0x00000048   Code   RO         3588    i.params_reply_pending_process  security_manager.o
    0x00036e4c   0x000000b4   Code   RO         3928    i.parse_notif       nrf_ble_ancs_c.o
    0x00036f00   0x00000020   Code   RO         2782    i.pdb_evt_send      peer_database.o
    0x00036f20   0x00000044   Code   RO         2783    i.pdb_init          peer_database.o
    0x00036f64   0x0000000c   Code   RO         2785    i.pdb_next_deleted_peer_id_get  peer_database.o
    0x00036f70   0x0000000c   Code   RO         2786    i.pdb_next_peer_id_get  peer_database.o
    0x00036f7c   0x000001bc   Code   RO         2787    i.pdb_pds_evt_handler  peer_database.o
    0x00037138   0x00000008   Code   RO         2788    i.pdb_peer_allocate  peer_database.o
    0x00037140   0x00000016   Code   RO         2790    i.pdb_peer_data_ptr_get  peer_database.o
    0x00037156   0x00000058   Code   RO         2791    i.pdb_peer_free     peer_database.o
    0x000371ae   0x00000016   Code   RO         2792    i.pdb_raw_store     peer_database.o
    0x000371c4   0x00000134   Code   RO         2793    i.pdb_write_buf_get  peer_database.o
    0x000372f8   0x00000036   Code   RO         2794    i.pdb_write_buf_release  peer_database.o
    0x0003732e   0x00000002   PAD
    0x00037330   0x00000104   Code   RO         2795    i.pdb_write_buf_store  peer_database.o
    0x00037434   0x00000078   Code   RO         2796    i.pdb_write_buf_store_prepare  peer_database.o
    0x000374ac   0x00000020   Code   RO         2615    i.pds_evt_send      peer_data_storage.o
    0x000374cc   0x00000038   Code   RO         2616    i.pds_init          peer_data_storage.o
    0x00037504   0x0000000c   Code   RO         2617    i.pds_next_deleted_peer_id_get  peer_data_storage.o
    0x00037510   0x0000000c   Code   RO         2618    i.pds_next_peer_id_get  peer_data_storage.o
    0x0003751c   0x0000005c   Code   RO         2621    i.pds_peer_data_iterate  peer_data_storage.o
    0x00037578   0x00000010   Code   RO         2622    i.pds_peer_data_iterate_prepare  peer_data_storage.o
    0x00037588   0x00000088   Code   RO         2623    i.pds_peer_data_read  peer_data_storage.o
    0x00037610   0x000000be   Code   RO         2624    i.pds_peer_data_store  peer_data_storage.o
    0x000376ce   0x0000000c   Code   RO         2625    i.pds_peer_id_allocate  peer_data_storage.o
    0x000376da   0x0000001e   Code   RO         2626    i.pds_peer_id_free  peer_data_storage.o
    0x000376f8   0x0000000c   Code   RO         2627    i.pds_peer_id_is_allocated  peer_data_storage.o
    0x00037704   0x0000003c   Code   RO         2628    i.pds_space_reserve  peer_data_storage.o
    0x00037740   0x00000014   Code   RO         2629    i.pds_space_reserve_cancel  peer_data_storage.o
    0x00037754   0x0000001c   Code   RO         2797    i.peer_data_const_point_to_buffer  peer_database.o
    0x00037770   0x000000a4   Code   RO         2630    i.peer_data_delete  peer_data_storage.o
    0x00037814   0x00000040   Code   RO         2631    i.peer_data_find    peer_data_storage.o
    0x00037854   0x00000022   Code   RO         2632    i.peer_data_id_is_valid  peer_data_storage.o
    0x00037876   0x0000000a   Code   RO         2633    i.peer_data_id_to_record_key  peer_data_storage.o
    0x00037880   0x0000001a   Code   RO         2798    i.peer_data_point_to_buffer  peer_database.o
    0x0003789a   0x00000002   PAD
    0x0003789c   0x00000014   Code   RO         2962    i.peer_id_allocate  peer_id.o
    0x000378b0   0x0000002c   Code   RO         2963    i.peer_id_delete    peer_id.o
    0x000378dc   0x0000001c   Code   RO         2964    i.peer_id_free      peer_id.o
    0x000378f8   0x00000014   Code   RO         2965    i.peer_id_get_next_deleted  peer_id.o
    0x0003790c   0x00000038   Code   RO         2966    i.peer_id_get_next_used  peer_id.o
    0x00037944   0x00000020   Code   RO         2967    i.peer_id_init      peer_id.o
    0x00037964   0x0000001c   Code   RO         2968    i.peer_id_is_allocated  peer_id.o
    0x00037980   0x0000001c   Code   RO         2969    i.peer_id_is_deleted  peer_id.o
    0x0003799c   0x00000024   Code   RO         2323    i.peer_id_set       id_manager.o
    0x000379c0   0x0000000a   Code   RO         2634    i.peer_id_to_file_id  peer_data_storage.o
    0x000379ca   0x00000046   Code   RO         2635    i.peer_ids_load     peer_data_storage.o
    0x00037a10   0x00000130   Code   RO         7534    i.peer_manager_init  s132config.o
    0x00037b40   0x000000d2   Code   RO         2324    i.peers_id_keys_get  id_manager.o
    0x00037c12   0x00000002   PAD
    0x00037c14   0x00000044   Code   RO         2017    i.pending_user_evts_send  ble_db_discovery.o
    0x00037c58   0x0000001c   Code   RO         4565    i.pin_in_use_by_gpiote  nrf_drv_gpiote.o
    0x00037c74   0x00000018   Code   RO         4566    i.pin_in_use_by_port  nrf_drv_gpiote.o
    0x00037c8c   0x00000020   Code   RO         4567    i.pin_in_use_by_te  nrf_drv_gpiote.o
    0x00037cac   0x0000000c   Code   RO         4568    i.pin_in_use_clear  nrf_drv_gpiote.o
    0x00037cb8   0x00000062   Code   RO         3337    i.pm_buffer_block_acquire  pm_buffer.o
    0x00037d1a   0x0000004e   Code   RO         3338    i.pm_buffer_init    pm_buffer.o
    0x00037d68   0x00000030   Code   RO         3339    i.pm_buffer_ptr_get  pm_buffer.o
    0x00037d98   0x00000028   Code   RO         3340    i.pm_buffer_release  pm_buffer.o
    0x00037dc0   0x00000010   Code   RO         3057    i.pm_conn_sec_config_reply  peer_manager.o
    0x00037dd0   0x0000007c   Code   RO         3058    i.pm_conn_sec_status_get  peer_manager.o
    0x00037e4c   0x00000028   Code   RO         3059    i.pm_conn_secure    peer_manager.o
    0x00037e74   0x00000128   Code   RO         7535    i.pm_evt_handler    s132config.o
    0x00037f9c   0x000000be   Code   RO         3061    i.pm_gcm_evt_handler  peer_manager.o
    0x0003805a   0x00000002   PAD
    0x0003805c   0x00000058   Code   RO         3064    i.pm_im_evt_handler  peer_manager.o
    0x000380b4   0x000000a4   Code   RO         3065    i.pm_init           peer_manager.o
    0x00038158   0x0000001c   Code   RO         3067    i.pm_local_database_has_changed  peer_manager.o
    0x00038174   0x00000014   Code   RO         3380    i.pm_mutex_init     pm_mutex.o
    0x00038188   0x00000020   Code   RO         3381    i.pm_mutex_lock     pm_mutex.o
    0x000381a8   0x00000030   Code   RO         3382    i.pm_mutex_lock_first_available  pm_mutex.o
    0x000381d8   0x00000024   Code   RO         3383    i.pm_mutex_lock_status_get  pm_mutex.o
    0x000381fc   0x00000038   Code   RO         3384    i.pm_mutex_unlock   pm_mutex.o
    0x00038234   0x0000002c   Code   RO         3069    i.pm_on_ble_evt     peer_manager.o
    0x00038260   0x000001c8   Code   RO         3070    i.pm_pdb_evt_handler  peer_manager.o
    0x00038428   0x00000020   Code   RO         3081    i.pm_peer_delete    peer_manager.o
    0x00038448   0x00000098   Code   RO         3086    i.pm_peers_delete   peer_manager.o
    0x000384e0   0x00000040   Code   RO         3089    i.pm_register       peer_manager.o
    0x00038520   0x00000024   Code   RO         3091    i.pm_sec_params_set  peer_manager.o
    0x00038544   0x000001b0   Code   RO         3092    i.pm_sm_evt_handler  peer_manager.o
    0x000386f4   0x00000040   Code   RO         3093    i.pm_whitelist_get  peer_manager.o
    0x00038734   0x0000003c   Code   RO         5330    i.power_charge_statues  battery_adc.o
    0x00038770   0x00000054   Code   RO         7536    i.power_manage      s132config.o
    0x000387c4   0x00000034   Code   RO         6027    i.queue_advance     fstorage.o
    0x000387f8   0x00000048   Code   RO         6327    i.queue_advance     fds.o
    0x00038840   0x00000068   Code   RO         6028    i.queue_get_next_free  fstorage.o
    0x000388a8   0x0000006c   Code   RO         6029    i.queue_process     fstorage.o
    0x00038914   0x000000a4   Code   RO         6328    i.queue_process     fds.o
    0x000389b8   0x0000002c   Code   RO         6030    i.queue_start       fstorage.o
    0x000389e4   0x00000018   Code   RO         6329    i.queue_start       fds.o
    0x000389fc   0x0000002c   Code   RO          485    i.read_history_items  in_flash_manage.o
    0x00038a28   0x00000048   Code   RO         1861    i.record_activate   ble_conn_state.o
    0x00038a70   0x00000088   Code   RO         6330    i.record_find       fds.o
    0x00038af8   0x0000003a   Code   RO         6331    i.record_find_and_delete  fds.o
    0x00038b32   0x00000002   PAD
    0x00038b34   0x0000007c   Code   RO         6332    i.record_find_by_desc  fds.o
    0x00038bb0   0x00000060   Code   RO         6333    i.record_find_next  fds.o
    0x00038c10   0x00000038   Code   RO         6334    i.record_header_flag_dirty  fds.o
    0x00038c48   0x0000002c   Code   RO         6335    i.record_header_write_begin  fds.o
    0x00038c74   0x00000038   Code   RO         6336    i.record_header_write_finalize  fds.o
    0x00038cac   0x00000038   Code   RO         6337    i.record_header_write_id  fds.o
    0x00038ce4   0x00000014   Code   RO         6338    i.record_id_new     fds.o
    0x00038cf8   0x0000001c   Code   RO         1862    i.record_invalidate  ble_conn_state.o
    0x00038d14   0x00000006   Code   RO         2636    i.record_key_to_peer_data_id  peer_data_storage.o
    0x00038d1a   0x00000018   Code   RO         2637    i.record_key_within_pm_range  peer_data_storage.o
    0x00038d32   0x00000002   PAD
    0x00038d34   0x00000044   Code   RO         1863    i.record_purge_disconnected  ble_conn_state.o
    0x00038d78   0x00000018   Code   RO         1864    i.record_set_disconnected  ble_conn_state.o
    0x00038d90   0x00000050   Code   RO         6339    i.record_write_chunk  fds.o
    0x00038de0   0x00000040   Code   RO         2018    i.registered_handler_get  ble_db_discovery.o
    0x00038e20   0x00000044   Code   RO         2019    i.registered_handler_set  ble_db_discovery.o
    0x00038e64   0x00000014   Code   RO         2971    i.release           peer_id.o
    0x00038e78   0x00000024   Code   RO         8043    i.return_to_normal_speed  protocol.o
    0x00038e9c   0x0000000c   Code   RO         5660    i.rtc1_compare0_set  app_timer.o
    0x00038ea8   0x0000000c   Code   RO         5661    i.rtc1_counter_get  app_timer.o
    0x00038eb4   0x00000018   Code   RO         5662    i.rtc1_init         app_timer.o
    0x00038ecc   0x0000003c   Code   RO         5663    i.rtc1_start        app_timer.o
    0x00038f08   0x00000058   Code   RO         5664    i.rtc1_stop         app_timer.o
    0x00038f60   0x00000058   Code   RO          898    i.rtc_event_handler  bsp.o
    0x00038fb8   0x0000003e   Code   RO         4855    i.rx_byte           nrf_drv_uart.o
    0x00038ff6   0x000000f0   Code   RO         3845    i.rx_char_add       ble_nus.o
    0x000390e6   0x0000001e   Code   RO         4856    i.rx_done_event     nrf_drv_uart.o
    0x00039104   0x000000a8   Code   RO         7537    i.s132_config_enable  s132config.o
    0x000391ac   0x0000000e   Code   RO         8262    i.s_abs             sleep.o
    0x000391ba   0x00000002   PAD
    0x000391bc   0x00000088   Code   RO         5331    i.saadc_callback    battery_adc.o
    0x00039244   0x0000005c   Code   RO         9528    i.save_hr_or_redetect  hr_app.o
    0x000392a0   0x000000a0   Code   RO          486    i.sd_nvic_EnableIRQ  in_flash_manage.o
    0x00039340   0x0000008c   Code   RO         7363    i.sd_nvic_EnableIRQ  softdevice_handler.o
    0x000393cc   0x00000068   Code   RO         5943    i.sd_nvic_critical_region_enter  app_util_platform.o
    0x00039434   0x0000000c   Code   RO         3589    i.sdk_mapped_flags_any_set  security_manager.o
    0x00039440   0x0000000c   Code   RO         3735    i.sdk_mapped_flags_any_set  gatt_cache_manager.o
    0x0003944c   0x0000007c   Code   RO         6694    i.sdk_mapped_flags_bulk_update_by_key  sdk_mapped_flags.o
    0x000394c8   0x00000024   Code   RO         6695    i.sdk_mapped_flags_first_key_index_get  sdk_mapped_flags.o
    0x000394ec   0x00000012   Code   RO         6696    i.sdk_mapped_flags_get_by_index  sdk_mapped_flags.o
    0x000394fe   0x0000002e   Code   RO         6697    i.sdk_mapped_flags_get_by_key  sdk_mapped_flags.o
    0x0003952c   0x00000042   Code   RO         6698    i.sdk_mapped_flags_key_list_get  sdk_mapped_flags.o
    0x0003956e   0x0000001a   Code   RO         6700    i.sdk_mapped_flags_update_by_key  sdk_mapped_flags.o
    0x00039588   0x000000d8   Code   RO         3446    i.sec_info_request_process  security_dispatcher.o
    0x00039660   0x0000001a   Code   RO         3447    i.sec_params_request_process  security_dispatcher.o
    0x0003967a   0x000000e8   Code   RO         3590    i.sec_params_verify  security_manager.o
    0x00039762   0x00000002   PAD
    0x00039764   0x0000005c   Code   RO         3448    i.sec_proc_start    security_dispatcher.o
    0x000397c0   0x00000034   Code   RO         3449    i.sec_request_process  security_dispatcher.o
    0x000397f4   0x00000024   Code   RO         3450    i.sec_start_send    security_dispatcher.o
    0x00039818   0x00000020   Code   RO         7538    i.send_ble_data     s132config.o
    0x00039838   0x0000001e   Code   RO         3591    i.send_config_req   security_manager.o
    0x00039856   0x0000005c   Code   RO         6031    i.send_event        fstorage.o
    0x000398b2   0x00000002   PAD
    0x000398b4   0x00000120   Code   RO         8044    i.send_real_time_datas  protocol.o
    0x000399d4   0x000000bc   Code   RO         8045    i.send_time_point   protocol.o
    0x00039a90   0x0000006c   Code   RO         3736    i.service_changed_pending_flags_check  gatt_cache_manager.o
    0x00039afc   0x00000050   Code   RO         2207    i.service_changed_pending_set  gatts_cache_manager.o
    0x00039b4c   0x000000b8   Code   RO         3737    i.service_changed_send_in_evt  gatt_cache_manager.o
    0x00039c04   0x00000096   Code   RO         1528    i.service_data_encode  ble_advdata.o
    0x00039c9a   0x00000002   PAD
    0x00039c9c   0x000000e0   Code   RO         7539    i.services_init     s132config.o
    0x00039d7c   0x00000054   Code   RO         7540    i.services_nus_init  s132config.o
    0x00039dd0   0x00000024   Code   RO         7541    i.set_addr          s132config.o
    0x00039df4   0x00000020   Code   RO         1643    i.set_adv_mode_directed  ble_advertising.o
    0x00039e14   0x0000002c   Code   RO         1644    i.set_adv_mode_directed_slow  ble_advertising.o
    0x00039e40   0x00000060   Code   RO         1645    i.set_adv_mode_fast  ble_advertising.o
    0x00039ea0   0x00000060   Code   RO         1646    i.set_adv_mode_slow  ble_advertising.o
    0x00039f00   0x000001f4   Code   RO         9365    i.showUpgredePersent  ui_support.o
    0x0003a0f4   0x0000017c   Code   RO         9161    i.show_test_mode    ui_app.o
    0x0003a270   0x00000018   Code   RO         3592    i.sm_ble_evt_handler  security_manager.o
    0x0003a288   0x00000024   Code   RO         3593    i.sm_conn_sec_config_reply  security_manager.o
    0x0003a2ac   0x00000064   Code   RO         3594    i.sm_init           security_manager.o
    0x0003a310   0x00000018   Code   RO         3596    i.sm_link_secure    security_manager.o
    0x0003a328   0x00000060   Code   RO         3597    i.sm_pdb_evt_handler  security_manager.o
    0x0003a388   0x00000038   Code   RO         3599    i.sm_sec_params_set  security_manager.o
    0x0003a3c0   0x000000a4   Code   RO         3600    i.sm_smd_evt_handler  security_manager.o
    0x0003a464   0x00000058   Code   RO         3451    i.smd_ble_evt_handler  security_dispatcher.o
    0x0003a4bc   0x0000004c   Code   RO         3452    i.smd_init          security_dispatcher.o
    0x0003a508   0x00000038   Code   RO         3453    i.smd_link_secure   security_dispatcher.o
    0x0003a540   0x0000012c   Code   RO         3454    i.smd_params_reply  security_dispatcher.o
    0x0003a66c   0x00000090   Code   RO         3601    i.smd_params_reply_perform  security_manager.o
    0x0003a6fc   0x00000034   Code   RO         3455    i.smd_pdb_evt_handler  security_dispatcher.o
    0x0003a730   0x00000014   Code   RO         7364    i.softdevice_app_ram_start_get  softdevice_handler.o
    0x0003a744   0x00000018   Code   RO         7365    i.softdevice_ble_evt_handler_set  softdevice_handler.o
    0x0003a75c   0x0000001c   Code   RO         7366    i.softdevice_enable  softdevice_handler.o
    0x0003a778   0x00000014   Code   RO         7367    i.softdevice_fault_handler  softdevice_handler.o
    0x0003a78c   0x000000a0   Code   RO         7368    i.softdevice_handler_init  softdevice_handler.o
    0x0003a82c   0x0000000c   Code   RO         7369    i.softdevice_handler_is_enabled  softdevice_handler.o
    0x0003a838   0x0000001c   Code   RO         7372    i.softdevice_handler_sd_disable  softdevice_handler.o
    0x0003a854   0x00000018   Code   RO         7374    i.softdevice_sys_evt_handler_set  softdevice_handler.o
    0x0003a86c   0x0000000c   Code   RO         8365    i.spi_event_handler  spi52.o
    0x0003a878   0x00000070   Code   RO         8366    i.spi_send          spi52.o
    0x0003a8e8   0x000000a0   Code   RO         6942    i.spi_xfer          nrf_drv_spi.o
    0x0003a988   0x0000000e   Code   RO         1529    i.srdata_check      ble_advdata.o
    0x0003a996   0x00000002   PAD
    0x0003a998   0x00000058   Code   RO          899    i.start_acc_time    bsp.o
    0x0003a9f0   0x000000a4   Code   RO         9529    i.start_hr3300      hr_app.o
    0x0003aa94   0x0000005c   Code   RO         9530    i.start_hr_bp_time  hr_app.o
    0x0003aaf0   0x000000a8   Code   RO         9303    i.start_sys_time    ui_time.o
    0x0003ab98   0x00000024   Code   RO         9007    i.start_trancs_data  lcd.o
    0x0003abbc   0x0000012c   Code   RO         8198    i.step_counter      pedometer_klx.o
    0x0003ace8   0x00000032   Code   RO         6032    i.store_execute     fstorage.o
    0x0003ad1a   0x00000012   Code   RO         7542    i.sys_evt_dispatch  s132config.o
    0x0003ad2c   0x0000000c   Code   RO         9304    i.sys_time_event_handler  ui_time.o
    0x0003ad38   0x00000ec8   Code   RO         8046    i.task_and_ble_data  protocol.o
    0x0003bc00   0x000000ac   Code   RO          900    i.task_process_message  bsp.o
    0x0003bcac   0x0000009c   Code   RO         9162    i.task_ui           ui_app.o
    0x0003bd48   0x0000000a   Code   RO         5665    i.ticks_diff_get    app_timer.o
    0x0003bd52   0x0000000c   Code   RO         5666    i.timeout_handler_exec  app_timer.o
    0x0003bd5e   0x00000002   PAD
    0x0003bd60   0x00000050   Code   RO         5667    i.timer_list_handler  app_timer.o
    0x0003bdb0   0x0000000a   Code   RO         5668    i.timer_list_handler_sched  app_timer.o
    0x0003bdba   0x00000002   PAD
    0x0003bdbc   0x00000068   Code   RO         5669    i.timer_list_insert  app_timer.o
    0x0003be24   0x00000088   Code   RO         5670    i.timer_list_remove  app_timer.o
    0x0003beac   0x0000005e   Code   RO         5671    i.timer_start_op_schedule  app_timer.o
    0x0003bf0a   0x00000042   Code   RO         5672    i.timer_stop_op_schedule  app_timer.o
    0x0003bf4c   0x00000098   Code   RO         5673    i.timer_timeouts_check  app_timer.o
    0x0003bfe4   0x0000000a   Code   RO         5674    i.timer_timeouts_check_sched  app_timer.o
    0x0003bfee   0x0000008e   Code   RO         6943    i.transfer_byte     nrf_drv_spi.o
    0x0003c07c   0x00000014   Code   RO         4230    i.tx_buffer_init    ancs_tx_buffer.o
    0x0003c090   0x000000e0   Code   RO         4231    i.tx_buffer_insert  ancs_tx_buffer.o
    0x0003c170   0x00000090   Code   RO         4232    i.tx_buffer_process  ancs_tx_buffer.o
    0x0003c200   0x00000026   Code   RO         4858    i.tx_byte           nrf_drv_uart.o
    0x0003c226   0x00000136   Code   RO         3846    i.tx_char_add       ble_nus.o
    0x0003c35c   0x00000022   Code   RO         4859    i.tx_done_event     nrf_drv_uart.o
    0x0003c37e   0x00000036   Code   RO         1530    i.tx_power_level_encode  ble_advdata.o
    0x0003c3b4   0x00000024   Code   RO          487    i.u32equel          in_flash_manage.o
    0x0003c3d8   0x00000142   Code   RO         4860    i.uart_irq_handler  nrf_drv_uart.o
    0x0003c51a   0x0000010c   Code   RO         4861    i.uarte_irq_handler  nrf_drv_uart.o
    0x0003c626   0x0000000c   Code   RO         2135    i.uint16_decode     ble_srv_common.o
    0x0003c632   0x0000000c   Code   RO         1531    i.uint16_encode     ble_advdata.o
    0x0003c63e   0x00000014   Code   RO         3929    i.uint32_encode     nrf_ble_ancs_c.o
    0x0003c652   0x00000002   PAD
    0x0003c654   0x00000064   Code   RO          901    i.updateDateInMin   bsp.o
    0x0003c6b8   0x00000058   Code   RO         3738    i.update_pending_flags_check  gatt_cache_manager.o
    0x0003c710   0x00000090   Code   RO         1771    i.update_timeout_handler  ble_conn_params.o
    0x0003c7a0   0x00000014   Code   RO         1865    i.user_flag_acquire  ble_conn_state.o
    0x0003c7b4   0x0000001c   Code   RO         1866    i.user_flag_is_acquired  ble_conn_state.o
    0x0003c7d0   0x0000003c   Code   RO         5675    i.user_op_alloc     app_timer.o
    0x0003c80c   0x0000000c   Code   RO         5676    i.user_op_enque     app_timer.o
    0x0003c818   0x000000cc   Code   RO          628    i.usr_api_read      queueu51822.o
    0x0003c8e4   0x00000084   Code   RO          401    i.usr_api_write     data_use_api.o
    0x0003c968   0x0000004e   Code   RO         1532    i.uuid_list_encode  ble_advdata.o
    0x0003c9b6   0x000000dc   Code   RO         1533    i.uuid_list_sized_encode  ble_advdata.o
    0x0003ca92   0x00000002   PAD
    0x0003ca94   0x00000118   Code   RO         9163    i.wait_key_to_power_off  ui_app.o
    0x0003cbac   0x000000ac   Code   RO          902    i.wait_key_to_power_on  bsp.o
    0x0003cc58   0x0000000c   Code   RO         1647    i.whitelist_has_entries  ble_advertising.o
    0x0003cc64   0x00000038   Code   RO         2799    i.write_buf_length_words_set  peer_database.o
    0x0003cc9c   0x00000032   Code   RO         2800    i.write_buffer_record_find  peer_database.o
    0x0003ccce   0x00000002   PAD
    0x0003ccd0   0x00000030   Code   RO         2801    i.write_buffer_record_find_next  peer_database.o
    0x0003cd00   0x0000000e   Code   RO         2802    i.write_buffer_record_find_unused  peer_database.o
    0x0003cd0e   0x00000024   Code   RO         2803    i.write_buffer_record_get  peer_database.o
    0x0003cd32   0x0000002e   Code   RO         2804    i.write_buffer_record_invalidate  peer_database.o
    0x0003cd60   0x00000028   Code   RO         2805    i.write_buffer_record_release  peer_database.o
    0x0003cd88   0x00000104   Code   RO         6340    i.write_enqueue     fds.o
    0x0003ce8c   0x000000c0   Code   RO         6341    i.write_execute     fds.o
    0x0003cf4c   0x0000022c   Code   RO          488    i.write_para_history  in_flash_manage.o
    0x0003d178   0x0000001c   Code   RO         6342    i.write_space_free  fds.o
    0x0003d194   0x0000006c   Code   RO         6343    i.write_space_reserve  fds.o
    0x0003d200   0x0000000c   Data   RO          904    .constdata          bsp.o
    0x0003d20c   0x00000004   Data   RO         1773    .constdata          ble_conn_params.o
    0x0003d210   0x00000018   Data   RO         2208    .constdata          gatts_cache_manager.o
    0x0003d228   0x00000008   Data   RO         2326    .constdata          id_manager.o
    0x0003d230   0x00000016   Data   RO         2511    .constdata          nrf_ble_gatt.o
    0x0003d246   0x00000002   PAD
    0x0003d248   0x00000004   Data   RO         2638    .constdata          peer_data_storage.o
    0x0003d24c   0x00000014   Data   RO         2807    .constdata          peer_database.o
    0x0003d260   0x00000044   Data   RO         3457    .constdata          security_dispatcher.o
    0x0003d2a4   0x00000004   Data   RO         3602    .constdata          security_manager.o
    0x0003d2a8   0x00000010   Data   RO         3847    .constdata          ble_nus.o
    0x0003d2b8   0x00000040   Data   RO         3930    .constdata          nrf_ble_ancs_c.o
    0x0003d2f8   0x00000004   Data   RO         4570    .constdata          nrf_drv_gpiote.o
    0x0003d2fc   0x00000021   Data   RO         5332    .constdata          battery_adc.o
    0x0003d31d   0x00000003   PAD
    0x0003d320   0x0000000c   Data   RO         5438    .constdata          app_button.o
    0x0003d32c   0x00000014   Data   RO         6345    .constdata          fds.o
    0x0003d340   0x00000004   Data   RO         6775    .constdata          nrf_drv_saadc.o
    0x0003d344   0x00000010   Data   RO         7310    .constdata          segger_rtt_printf.o
    0x0003d354   0x00000004   Data   RO         7544    .constdata          s132config.o
    0x0003d358   0x00000020   Data   RO         8367    .constdata          spi52.o
    0x0003d378   0x00002796   Data   RO         8962    .constdata          font_band.o
    0x0003fb0e   0x00000002   PAD
    0x0003fb10   0x00000012   Data   RO         9164    .constdata          ui_app.o
    0x0003fb22   0x00000002   PAD
    0x0003fb24   0x00000004   Data   RO         9306    .constdata          ui_time.o
    0x0003fb28   0x00000030   Data   RO         9366    .constdata          ui_support.o
    0x0003fb58   0x00000004   Data   RO         9533    .constdata          hr_app.o
    0x0003fb5c   0x00000030   Data   RO         9682    .constdata          hrs3300.o
    0x0003fb8c   0x00000177   Data   RO         9879    .constdata          m4_keil_20170828_v19_15d..lib(hrs3300_alg_dynamic.o)
    0x0003fd03   0x00000001   PAD
    0x0003fd04   0x00000048   Data   RO         7375    .conststring        softdevice_handler.o
    0x0003fd4c   0x0000008b   Data   RO         8263    .conststring        sleep.o
    0x0003fdd7   0x00000001   PAD
    0x0003fdd8   0x00000020   Data   RO        10379    Region$$Table       anon$$obj.o


    Execution Region RW_IRAM1 (Base: 0x20002180, Size: 0x00005e80, Max: 0x00006000, ABSOLUTE, COMPRESSED[0x000000a0])

    Base Addr    Size         Type   Attr      Idx    E Section Name        Object

    0x20002180   0x00000004   Data   RW          403    .data               data_use_api.o
    0x20002184   0x00000004   Data   RW          490    .data               in_flash_manage.o
    0x20002188   0x00000018   Data   RW          630    .data               queueu51822.o
    0x200021a0   0x00000008   Data   RW          764    .data               softwarertc.o
    0x200021a8   0x00000016   Data   RW          842    .data               sem.o
    0x200021be   0x00000002   PAD
    0x200021c0   0x00000028   Data   RW          905    .data               bsp.o
    0x200021e8   0x00000004   Data   RW         1444    .data               system_nrf52.o
    0x200021ec   0x0000001f   Data   RW         1649    .data               ble_advertising.o
    0x2000220b   0x00000001   PAD
    0x2000220c   0x00000016   Data   RW         1774    .data               ble_conn_params.o
    0x20002222   0x00000002   PAD
    0x20002224   0x0000000d   Data   RW         2021    .data               ble_db_discovery.o
    0x20002231   0x00000003   PAD
    0x20002234   0x0000000a   Data   RW         2209    .data               gatts_cache_manager.o
    0x2000223e   0x00000003   Data   RW         2327    .data               id_manager.o
    0x20002241   0x00000003   PAD
    0x20002244   0x0000000c   Data   RW         2639    .data               peer_data_storage.o
    0x20002250   0x00000009   Data   RW         2808    .data               peer_database.o
    0x20002259   0x00000002   Data   RW         2972    .data               peer_id.o
    0x2000225b   0x00000001   PAD
    0x2000225c   0x00000011   Data   RW         3098    .data               peer_manager.o
    0x2000226d   0x00000004   Data   RW         3458    .data               security_dispatcher.o
    0x20002271   0x00000003   PAD
    0x20002274   0x00000013   Data   RW         3603    .data               security_manager.o
    0x20002287   0x00000001   PAD
    0x20002288   0x00000009   Data   RW         3739    .data               gatt_cache_manager.o
    0x20002291   0x00000003   PAD
    0x20002294   0x00000008   Data   RW         4234    .data               ancs_tx_buffer.o
    0x2000229c   0x00000013   Data   RW         5333    .data               battery_adc.o
    0x200022af   0x00000001   PAD
    0x200022b0   0x00000014   Data   RW         5439    .data               app_button.o
    0x200022c4   0x00000014   Data   RW         5678    .data               app_timer.o
    0x200022d8   0x00000002   Data   RW         6034    .data               fstorage.o
    0x200022da   0x00000002   PAD
    0x200022dc   0x0000001a   Data   RW         6346    .data               fds.o
    0x200022f6   0x00000002   PAD
    0x200022f8   0x00000018   Data   RW         7376    .data               softdevice_handler.o
    0x20002310   0x0000001a   Data   RW         7545    .data               s132config.o
    0x2000232a   0x00000002   PAD
    0x2000232c   0x00000020   Data   RW         7767    .data               rfid52.o
    0x2000234c   0x0000001a   Data   RW         7889    .data               upfile.o
    0x20002366   0x00000002   PAD
    0x20002368   0x0000000e   Data   RW         8048    .data               protocol.o
    0x20002376   0x00000003   Data   RW         8168    .data               ble_fifo.o
    0x20002379   0x00000003   PAD
    0x2000237c   0x00000018   Data   RW         8200    .data               pedometer_klx.o
    0x20002394   0x00000024   Data   RW         8264    .data               sleep.o
    0x200023b8   0x00000001   Data   RW         8368    .data               spi52.o
    0x200023b9   0x00000003   Data   RW         8466    .data               lis3dh_driver.o
    0x200023bc   0x00000001   Data   RW         8823    .data               alarm.o
    0x200023bd   0x00000003   PAD
    0x200023c0   0x0000000a   Data   RW         8887    .data               ex_flash.o
    0x200023ca   0x00000005   Data   RW         9009    .data               lcd.o
    0x200023cf   0x00000001   PAD
    0x200023d0   0x0000004e   Data   RW         9165    .data               ui_app.o
    0x2000241e   0x00000002   PAD
    0x20002420   0x00000004   Data   RW         9307    .data               ui_time.o
    0x20002424   0x0000000d   Data   RW         9367    .data               ui_support.o
    0x20002431   0x00000001   PAD
    0x20002432   0x00000008   Data   RW         9534    .data               hr_app.o
    0x2000243a   0x0000000a   Data   RW         9683    .data               hrs3300.o
    0x20002444   0x00000001   Data   RW         9773    .data               iic_gpio.o
    0x20002445   0x00000003   PAD
    0x20002448   0x0000000c   Data   RW         9880    .data               m4_keil_20170828_v19_15d..lib(hrs3300_alg_dynamic.o)
    0x20002454   0x0000000e   Data   RW         9975    .data               m4_keil_20170828_v19_15d..lib(hrs3300_alg_bp.o)
    0x20002462   0x00000002   PAD
    0x20002464   0x00000004   Data   RW        10046    .data               mc_w.l(rand.o)
    0x20002468   0x00000004   Data   RW        10355    .data               mc_w.l(errno.o)
    0x2000246c   0x00000010   Data   RW         6347    fs_data             fds.o
    0x2000247c   0x00000010   Zero   RW          402    .bss                data_use_api.o
    0x2000248c   0x00000010   Zero   RW          629    .bss                queueu51822.o
    0x2000249c   0x00000120   Zero   RW          903    .bss                bsp.o
    0x200025bc   0x000000b3   Zero   RW         1648    .bss                ble_advertising.o
    0x2000266f   0x00000001   PAD
    0x20002670   0x0000003c   Zero   RW         1772    .bss                ble_conn_params.o
    0x200026ac   0x000000b8   Zero   RW         1867    .bss                ble_conn_state.o
    0x20002764   0x000002a0   Zero   RW         2020    .bss                ble_db_discovery.o
    0x20002a04   0x00000100   Zero   RW         2325    .bss                id_manager.o
    0x20002b04   0x00000330   Zero   RW         2806    .bss                peer_database.o
    0x20002e34   0x0000000c   Zero   RW         3096    .bss                peer_manager.o
    0x20002e40   0x00000040   Zero   RW         3456    .bss                security_dispatcher.o
    0x20002e80   0x00000120   Zero   RW         4233    .bss                ancs_tx_buffer.o
    0x20002fa0   0x00000014   Zero   RW         4299    .bss                nrf_drv_clock.o
    0x20002fb4   0x00000058   Zero   RW         4569    .bss                nrf_drv_gpiote.o
    0x2000300c   0x00000020   Zero   RW         4862    .bss                nrf_drv_uart.o
    0x2000302c   0x00000020   Zero   RW         5437    .bss                app_button.o
    0x2000304c   0x0000010c   Zero   RW         5677    .bss                app_timer.o
    0x20003158   0x0000000c   Zero   RW         5944    .bss                app_util_platform.o
    0x20003164   0x00000068   Zero   RW         6033    .bss                fstorage.o
    0x200031cc   0x0000011c   Zero   RW         6344    .bss                fds.o
    0x200032e8   0x00000030   Zero   RW         6774    .bss                nrf_drv_saadc.o
    0x20003318   0x00000048   Zero   RW         6944    .bss                nrf_drv_spi.o
    0x20003360   0x00000488   Zero   RW         7174    .bss                segger_rtt.o
    0x200037e8   0x00000080   Zero   RW         7309    .bss                segger_rtt_printf.o
    0x20003868   0x0000050c   Zero   RW         7543    .bss                s132config.o
    0x20003d74   0x00000060   Zero   RW         7766    .bss                rfid52.o
    0x20003dd4   0x00000060   Zero   RW         7888    .bss                upfile.o
    0x20003e34   0x00000012   Zero   RW         8047    .bss                protocol.o
    0x20003e46   0x000000d2   Zero   RW         8167    .bss                ble_fifo.o
    0x20003f18   0x0000000e   Zero   RW         8199    .bss                pedometer_klx.o
    0x20003f26   0x00000002   PAD
    0x20003f28   0x00000020   Zero   RW         9305    .bss                ui_time.o
    0x20003f48   0x0000002c   Zero   RW         9532    .bss                hr_app.o
    0x20003f74   0x000013e4   Zero   RW         9878    .bss                m4_keil_20170828_v19_15d..lib(hrs3300_alg_dynamic.o)
    0x20005358   0x00000558   Zero   RW         9974    .bss                m4_keil_20170828_v19_15d..lib(hrs3300_alg_bp.o)
    0x200058b0   0x00002000   Zero   RW         1423    STACK               arm_startup_nrf52.o
    0x200078b0   0x00000550   PAD
    0x20007e00   0x00000200   Zero   RW          489    .ARM.__AT_0x20007E00  in_flash_manage.o


==============================================================================

Image component sizes


      Code (inc. data)   RO Data    RW Data    ZI Data      Debug   Object Name

       562         44          0          1          0       3616   alarm.o
       932         10          0          0          0      28752   ancs_attr_parser.o
       388         28          0          8        288       2568   ancs_tx_buffer.o
       480         80         12         20         32       9874   app_button.o
         0          0          0          0          0      20580   app_scheduler.o
      2060        238          0         20        268      48724   app_timer.o
       200         24          0          0         12       9090   app_util_platform.o
        36          8        512          0       8192        840   arm_startup_nrf52.o
      1030        154         33         19          0      20220   battery_adc.o
      1818          0          0          0          0      36136   ble_advdata.o
      1496        238          0         31        179      12647   ble_advertising.o
       742        128          4         22         60       7201   ble_conn_params.o
       776        120          0          0        184      10938   ble_conn_state.o
      2232        124          0         13        672      15419   ble_db_discovery.o
       224         28          0          3        210       1763   ble_fifo.o
       938          4         16          0          0       7330   ble_nus.o
        30          0          0          0          0      22238   ble_srv_common.o
       220         24          0          0          0       1919   boot.o
      2840        426         12         40        288      89556   bsp.o
      1242         36          0          4         16       6532   data_use_api.o
      1188         86          0         10          0       7889   ex_flash.o
      4834        436         20         42        284      47826   fds.o
         0          0      10134          0          0       1530   font_band.o
      1280         82          0          2        104      12535   fstorage.o
      1388         96          0          9          0      11328   gatt_cache_manager.o
       686         46         24         10          0      10363   gatts_cache_manager.o
      1564        256          4          8         44      17946   hr_app.o
       898        128         48         10          0       7572   hrs3300.o
      1642         82          8          3        256      19614   id_manager.o
       778          8          0          1          0      12535   iic_gpio.o
      2466         78          0          4        512      45841   in_flash_manage.o
      2486         28          0          5          0      19757   lcd.o
      2450         22          0          3          0      18449   lis3dh_driver.o
       296         58          8          0          0     157817   main.o
      1334         16         64          0          0      39386   nrf_ble_ancs_c.o
       770         16         22          0          0      31866   nrf_ble_gatt.o
       474         50          0          0         20      14060   nrf_drv_clock.o
        96         12          0          0          0      29111   nrf_drv_common.o
         0          0          0          0          0       3400   nrf_drv_csense.o
      1630        104          4          0         88      27920   nrf_drv_gpiote.o
      1120         76          4          0         48      17151   nrf_drv_saadc.o
      1178         34          0          0         72      19208   nrf_drv_spi.o
       910          8          0          0         32      49441   nrf_drv_uart.o
       112          4          0          0          0       6245   nrf_saadc.o
       642         56          0         24         14       4732   pedometer_klx.o
      1412         50          4         12          0      17160   peer_data_storage.o
      1826         70         20          9        816      21435   peer_database.o
       404         44          0          2          0       7887   peer_id.o
      2014        192          0         17         12      17385   peer_manager.o
       264          0          0          0          0       3639   pm_buffer.o
       244          0          0          0          0       4525   pm_mutex.o
      7620        274          0         14         18      18727   protocol.o
       628         36          0         24         16       6204   queueu51822.o
      1404        180          0         32         96      35506   rfid52.o
      4940       1310          4         26       1292      30324   s132config.o
       316          0          0          0          0       5356   sdk_mapped_flags.o
      2194        102         68          4         64      20272   security_dispatcher.o
      1586        168          4         19          0      16825   security_manager.o
       554         54          0          0       1160       7644   segger_rtt.o
      1098         12         16          0        128       6077   segger_rtt_printf.o
       132         30          0         22          0       1885   sem.o
      3068        300        139         36          0      13554   sleep.o
       810        108         72         24          0      41648   softdevice_handler.o
       850         34          0          8          0       4043   softwarertc.o
       268         58         32          1          0       2647   spi52.o
      1184        122          0          4          0      32822   system_nrf52.o
      3814        586         18         78          0      18573   ui_app.o
      5478        486         48         13          0      16664   ui_support.o
       260         70          4          4         32       2508   ui_time.o
      3666        624          0         26         96      16383   upfile.o
        60          0          0          0          0       1034   utility.o
       140         30          0          0          0       1401   wdt.o

    ----------------------------------------------------------------------
     94844       8436      11400        728      16968    1361593   Object Totals
         0          0         32          0          0          0   (incl. Generated)
       142          0         10         41       1363          0   (incl. Padding)

    ----------------------------------------------------------------------

      Code (inc. data)   RO Data    RW Data    ZI Data      Debug   Library Member Name

      3544        104          0         14       1368       9711   hrs3300_alg_bp.o
      5870        128        375         12       5092      20419   hrs3300_alg_dynamic.o
       122          0          0          0          0        148   sqrt.o
        86          0          0          0          0          0   __dczerorl2.o
         0          0          0          0          0          0   entry.o
         0          0          0          0          0          0   entry10a.o
         0          0          0          0          0          0   entry11a.o
         8          4          0          0          0          0   entry2.o
         4          0          0          0          0          0   entry5.o
         0          0          0          0          0          0   entry7b.o
         0          0          0          0          0          0   entry8b.o
         8          4          0          0          0          0   entry9a.o
        12          6          0          4          0         68   errno.o
        30          0          0          0          0          0   handlers.o
        36          8          0          0          0         68   init.o
         0          0          0          0          0          0   iusefp.o
        30          0          0          0          0         68   llshl.o
        32          0          0          0          0         68   llushr.o
        26          0          0          0          0         80   memcmp.o
        36          0          0          0          0         68   memcpya.o
        36          0          0          0          0        108   memseta.o
      1172         50          0          0          0        420   printf8.o
        36         10          0          4          0        136   rand.o
        18          0          0          0          0         68   strcpy.o
        98          0          0          0          0         92   uldiv.o
       186          0          0          0          0        176   depilogue.o
        50          0          0          0          0         76   dfixui.o
        34          0          0          0          0         76   dflti.o
       162          0          0          0          0        100   dsqrt.o

    ----------------------------------------------------------------------
     11644        314        376         36       6460      31950   Library Totals
         8          0          1          2          0          0   (incl. Padding)

    ----------------------------------------------------------------------

      Code (inc. data)   RO Data    RW Data    ZI Data      Debug   Library Name

      9414        232        375         26       6460      30130   m4_keil_20170828_v19_15d..lib
       122          0          0          0          0        148   m_wm.l
      1668         82          0          8          0       1244   mc_w.l
       432          0          0          0          0        428   mf_w.l

    ----------------------------------------------------------------------
     11644        314        376         36       6460      31950   Library Totals

    ----------------------------------------------------------------------

==============================================================================


      Code (inc. data)   RO Data    RW Data    ZI Data      Debug   

    106488       8750      11776        764      23428    1300295   Grand Totals
    106488       8750      11776        160      23428    1300295   ELF Image Totals (compressed)
    106488       8750      11776        160          0          0   ROM Totals

==============================================================================

    Total RO  Size (Code + RO Data)               118264 ( 115.49kB)
    Total RW  Size (RW Data + ZI Data)             24192 (  23.63kB)
    Total ROM Size (Code + RO Data + RW Data)     118424 ( 115.65kB)

==============================================================================

