ARM Linker, 5.03 [Build 24] [MDK-ARM Standard]

==============================================================================

Section Cross References

    main.o(i.CleanUpflg) refers to boot.o(i.boot_to_new_appilacation) for boot_to_new_appilacation
    main.o(i.IsNeedUpdata) refers to main.o(.data) for size
    main.o(i.WriteToFlash) refers to boot.o(i.flash_nvic_page_erase) for flash_nvic_page_erase
    main.o(i.WriteToFlash) refers to boot.o(i.flash_nvic_word_write) for flash_nvic_word_write
    main.o(i.WriteToFlash) refers to main.o(.data) for size
    main.o(i.checkok) refers to main.o(i.CalcCrc16) for CalcCrc16
    main.o(i.checkok) refers to main.o(.data) for size
    main.o(i.main) refers to main.o(i.IsNeedUpdata) for IsNeedUpdata
    main.o(i.main) refers to main.o(i.WriteToFlash) for WriteToFlash
    main.o(i.main) refers to main.o(i.checkok) for checkok
    main.o(i.main) refers to main.o(i.CleanUpflg) for CleanUpflg
    main.o(i.main) refers to nrf_bootloader_app_start.o(i.nrf_bootloader_app_start) for nrf_bootloader_app_start
    nrf_bootloader_app_start.o(i.nrf_bootloader_app_start) refers to nrf_dfu_mbr.o(i.nrf_dfu_mbr_init_sd) for nrf_dfu_mbr_init_sd
    nrf_bootloader_app_start.o(i.nrf_bootloader_app_start) refers to nrf_bootloader_app_start_asm.o(.emb_text) for nrf_bootloader_app_start_impl
    nrf_dfu_mbr.o(i.nrf_dfu_mbr_compare) refers to nrf_dfu_mbr.o(.constdata) for .constdata
    nrf_dfu_mbr.o(i.nrf_dfu_mbr_copy_sd) refers to nrf_dfu_mbr.o(.constdata) for .constdata
    nrf_dfu_mbr.o(i.nrf_dfu_mbr_init_sd) refers to nrf_dfu_mbr.o(.constdata) for .constdata
    nrf_dfu_mbr.o(i.nrf_dfu_mbr_vector_table_set) refers to nrf_dfu_mbr.o(.constdata) for .constdata
    boot.o(i.boot_to_new_appilacation) refers to boot.o(i.EraseBoot) for EraseBoot
    boot.o(i.boot_to_new_appilacation) refers to boot.o(i.flash_nvic_word_write) for flash_nvic_word_write
    arm_startup_nrf52.o(RESET) refers to arm_startup_nrf52.o(STACK) for __initial_sp
    arm_startup_nrf52.o(RESET) refers to arm_startup_nrf52.o(.text) for Reset_Handler
    arm_startup_nrf52.o(.text) refers to system_nrf52.o(i.SystemInit) for SystemInit
    arm_startup_nrf52.o(.text) refers to entry.o(.ARM.Collect$$$$00000000) for __main
    system_nrf52.o(i.SystemCoreClockUpdate) refers to system_nrf52.o(.data) for SystemCoreClock
    system_nrf52.o(i.SystemInit) refers to system_nrf52.o(i.errata_12) for errata_12
    system_nrf52.o(i.SystemInit) refers to system_nrf52.o(i.errata_16) for errata_16
    system_nrf52.o(i.SystemInit) refers to system_nrf52.o(i.errata_31) for errata_31
    system_nrf52.o(i.SystemInit) refers to system_nrf52.o(i.errata_32) for errata_32
    system_nrf52.o(i.SystemInit) refers to system_nrf52.o(i.errata_36) for errata_36
    system_nrf52.o(i.SystemInit) refers to system_nrf52.o(i.errata_37) for errata_37
    system_nrf52.o(i.SystemInit) refers to system_nrf52.o(i.errata_57) for errata_57
    system_nrf52.o(i.SystemInit) refers to system_nrf52.o(i.errata_66) for errata_66
    system_nrf52.o(i.SystemInit) refers to system_nrf52.o(i.errata_108) for errata_108
    system_nrf52.o(i.SystemInit) refers to system_nrf52.o(i.SystemCoreClockUpdate) for SystemCoreClockUpdate
    entry.o(.ARM.Collect$$$$00000000) refers (Special) to entry10a.o(.ARM.Collect$$$$0000000D) for __rt_final_cpp
    entry.o(.ARM.Collect$$$$00000000) refers (Special) to entry11a.o(.ARM.Collect$$$$0000000F) for __rt_final_exit
    entry.o(.ARM.Collect$$$$00000000) refers (Special) to entry7b.o(.ARM.Collect$$$$00000008) for _main_clock
    entry.o(.ARM.Collect$$$$00000000) refers (Special) to entry8b.o(.ARM.Collect$$$$0000000A) for _main_cpp_init
    entry.o(.ARM.Collect$$$$00000000) refers (Special) to entry9a.o(.ARM.Collect$$$$0000000B) for _main_init
    entry.o(.ARM.Collect$$$$00000000) refers (Special) to entry5.o(.ARM.Collect$$$$00000004) for _main_scatterload
    entry.o(.ARM.Collect$$$$00000000) refers (Special) to entry2.o(.ARM.Collect$$$$00000001) for _main_stk
    entry2.o(.ARM.Collect$$$$00000001) refers to entry2.o(.ARM.Collect$$$$00002712) for __lit__00000000
    entry2.o(.ARM.Collect$$$$00002712) refers to arm_startup_nrf52.o(STACK) for __initial_sp
    entry2.o(__vectab_stack_and_reset_area) refers to arm_startup_nrf52.o(STACK) for __initial_sp
    entry2.o(__vectab_stack_and_reset_area) refers to entry.o(.ARM.Collect$$$$00000000) for __main
    entry5.o(.ARM.Collect$$$$00000004) refers to init.o(.text) for __scatterload
    entry9a.o(.ARM.Collect$$$$0000000B) refers to main.o(i.main) for main
    entry9b.o(.ARM.Collect$$$$0000000C) refers to main.o(i.main) for main
    init.o(.text) refers to entry5.o(.ARM.Collect$$$$00000004) for __main_after_scatterload


==============================================================================

Removing Unused input sections from the image.

    Removing main.o(.rev16_text), (4 bytes).
    Removing main.o(.revsh_text), (4 bytes).
    Removing nrf_bootloader_app_start.o(.rev16_text), (4 bytes).
    Removing nrf_bootloader_app_start.o(.revsh_text), (4 bytes).
    Removing nrf_dfu_mbr.o(.rev16_text), (4 bytes).
    Removing nrf_dfu_mbr.o(.revsh_text), (4 bytes).
    Removing nrf_dfu_mbr.o(i.nrf_dfu_mbr_compare), (48 bytes).
    Removing nrf_dfu_mbr.o(i.nrf_dfu_mbr_copy_bl), (38 bytes).
    Removing nrf_dfu_mbr.o(i.nrf_dfu_mbr_copy_sd), (56 bytes).
    Removing nrf_dfu_mbr.o(i.nrf_dfu_mbr_vector_table_set), (32 bytes).
    Removing boot.o(.rev16_text), (4 bytes).
    Removing boot.o(.revsh_text), (4 bytes).
    Removing arm_startup_nrf52.o(HEAP), (8192 bytes).
    Removing system_nrf52.o(.rev16_text), (4 bytes).
    Removing system_nrf52.o(.revsh_text), (4 bytes).

15 unused section(s) (total 8406 bytes) removed from the image.

==============================================================================

Image Symbol Table

    Local Symbols

    Symbol Name                              Value     Ov Type        Size  Object(Section)

    ../clib/microlib/init/entry.s            0x00000000   Number         0  entry10a.o ABSOLUTE
    ../clib/microlib/init/entry.s            0x00000000   Number         0  entry10b.o ABSOLUTE
    ../clib/microlib/init/entry.s            0x00000000   Number         0  entry5.o ABSOLUTE
    ../clib/microlib/init/entry.s            0x00000000   Number         0  entry7a.o ABSOLUTE
    ../clib/microlib/init/entry.s            0x00000000   Number         0  entry2.o ABSOLUTE
    ../clib/microlib/init/entry.s            0x00000000   Number         0  entry7b.o ABSOLUTE
    ../clib/microlib/init/entry.s            0x00000000   Number         0  entry.o ABSOLUTE
    ../clib/microlib/init/entry.s            0x00000000   Number         0  entry8a.o ABSOLUTE
    ../clib/microlib/init/entry.s            0x00000000   Number         0  entry8b.o ABSOLUTE
    ../clib/microlib/init/entry.s            0x00000000   Number         0  entry9a.o ABSOLUTE
    ../clib/microlib/init/entry.s            0x00000000   Number         0  entry9b.o ABSOLUTE
    ../clib/microlib/init/entry.s            0x00000000   Number         0  entry11b.o ABSOLUTE
    ../clib/microlib/init/entry.s            0x00000000   Number         0  entry11a.o ABSOLUTE
    ..\\components\\libraries\\bootloader\\dfu\\nrf_dfu_mbr.c 0x00000000   Number         0  nrf_dfu_mbr.o ABSOLUTE
    ..\\components\\libraries\\bootloader\\nrf_bootloader_app_start.c 0x00000000   Number         0  nrf_bootloader_app_start.o ABSOLUTE
    ..\\components\\libraries\\bootloader\\nrf_bootloader_app_start_asm.c 0x00000000   Number         0  nrf_bootloader_app_start_asm.o ABSOLUTE
    ..\\components\\toolchain\\system_nrf52.c 0x00000000   Number         0  system_nrf52.o ABSOLUTE
    ..\\moudle\\boot\\boot.c                 0x00000000   Number         0  boot.o ABSOLUTE
    ..\components\libraries\bootloader\dfu\nrf_dfu_mbr.c 0x00000000   Number         0  nrf_dfu_mbr.o ABSOLUTE
    ..\components\libraries\bootloader\nrf_bootloader_app_start.c 0x00000000   Number         0  nrf_bootloader_app_start.o ABSOLUTE
    ..\components\libraries\bootloader\nrf_bootloader_app_start_asm.c 0x00000000   Number         0  nrf_bootloader_app_start_asm.o ABSOLUTE
    ..\components\toolchain\arm\arm_startup_nrf52.s 0x00000000   Number         0  arm_startup_nrf52.o ABSOLUTE
    ..\components\toolchain\system_nrf52.c   0x00000000   Number         0  system_nrf52.o ABSOLUTE
    ..\moudle\boot\boot.c                    0x00000000   Number         0  boot.o ABSOLUTE
    dc.s                                     0x00000000   Number         0  dc.o ABSOLUTE
    handlers.s                               0x00000000   Number         0  handlers.o ABSOLUTE
    init.s                                   0x00000000   Number         0  init.o ABSOLUTE
    main.c                                   0x00000000   Number         0  main.o ABSOLUTE
    main.c                                   0x00000000   Number         0  main.o ABSOLUTE
    RESET                                    0x0007f000   Section      512  arm_startup_nrf52.o(RESET)
    .ARM.Collect$$$$00000000                 0x0007f200   Section        0  entry.o(.ARM.Collect$$$$00000000)
    .ARM.Collect$$$$00000001                 0x0007f200   Section        4  entry2.o(.ARM.Collect$$$$00000001)
    .ARM.Collect$$$$00000004                 0x0007f204   Section        4  entry5.o(.ARM.Collect$$$$00000004)
    .ARM.Collect$$$$00000008                 0x0007f208   Section        0  entry7b.o(.ARM.Collect$$$$00000008)
    .ARM.Collect$$$$0000000A                 0x0007f208   Section        0  entry8b.o(.ARM.Collect$$$$0000000A)
    .ARM.Collect$$$$0000000B                 0x0007f208   Section        8  entry9a.o(.ARM.Collect$$$$0000000B)
    .ARM.Collect$$$$0000000D                 0x0007f210   Section        0  entry10a.o(.ARM.Collect$$$$0000000D)
    .ARM.Collect$$$$0000000F                 0x0007f210   Section        0  entry11a.o(.ARM.Collect$$$$0000000F)
    .ARM.Collect$$$$00002712                 0x0007f210   Section        4  entry2.o(.ARM.Collect$$$$00002712)
    __lit__00000000                          0x0007f210   Data           4  entry2.o(.ARM.Collect$$$$00002712)
    .emb_text                                0x0007f214   Section       64  nrf_bootloader_app_start_asm.o(.emb_text)
    $v0                                      0x0007f214   Number         0  nrf_bootloader_app_start_asm.o(.emb_text)
    .text                                    0x0007f254   Section       36  arm_startup_nrf52.o(.text)
    $v0                                      0x0007f254   Number         0  arm_startup_nrf52.o(.text)
    .text                                    0x0007f278   Section       36  init.o(.text)
    i.CalcCrc16                              0x0007f29c   Section        0  main.o(i.CalcCrc16)
    i.CleanUpflg                             0x0007f2d8   Section        0  main.o(i.CleanUpflg)
    i.EraseBoot                              0x0007f2ec   Section        0  boot.o(i.EraseBoot)
    i.IsNeedUpdata                           0x0007f328   Section        0  main.o(i.IsNeedUpdata)
    i.SystemCoreClockUpdate                  0x0007f39c   Section        0  system_nrf52.o(i.SystemCoreClockUpdate)
    i.SystemInit                             0x0007f3ac   Section        0  system_nrf52.o(i.SystemInit)
    i.WriteToFlash                           0x0007f614   Section        0  main.o(i.WriteToFlash)
    i.__scatterload_copy                     0x0007f674   Section       14  handlers.o(i.__scatterload_copy)
    i.__scatterload_null                     0x0007f682   Section        2  handlers.o(i.__scatterload_null)
    i.__scatterload_zeroinit                 0x0007f684   Section       14  handlers.o(i.__scatterload_zeroinit)
    i.boot_to_new_appilacation               0x0007f694   Section        0  boot.o(i.boot_to_new_appilacation)
    i.checkok                                0x0007f6fc   Section        0  main.o(i.checkok)
    i.errata_108                             0x0007f72c   Section        0  system_nrf52.o(i.errata_108)
    errata_108                               0x0007f72d   Thumb Code    78  system_nrf52.o(i.errata_108)
    i.errata_12                              0x0007f780   Section        0  system_nrf52.o(i.errata_12)
    errata_12                                0x0007f781   Thumb Code    78  system_nrf52.o(i.errata_12)
    i.errata_16                              0x0007f7d4   Section        0  system_nrf52.o(i.errata_16)
    errata_16                                0x0007f7d5   Thumb Code    42  system_nrf52.o(i.errata_16)
    i.errata_31                              0x0007f804   Section        0  system_nrf52.o(i.errata_31)
    errata_31                                0x0007f805   Thumb Code    78  system_nrf52.o(i.errata_31)
    i.errata_32                              0x0007f858   Section        0  system_nrf52.o(i.errata_32)
    errata_32                                0x0007f859   Thumb Code    42  system_nrf52.o(i.errata_32)
    i.errata_36                              0x0007f888   Section        0  system_nrf52.o(i.errata_36)
    errata_36                                0x0007f889   Thumb Code    78  system_nrf52.o(i.errata_36)
    i.errata_37                              0x0007f8dc   Section        0  system_nrf52.o(i.errata_37)
    errata_37                                0x0007f8dd   Thumb Code    42  system_nrf52.o(i.errata_37)
    i.errata_57                              0x0007f90c   Section        0  system_nrf52.o(i.errata_57)
    errata_57                                0x0007f90d   Thumb Code    42  system_nrf52.o(i.errata_57)
    i.errata_66                              0x0007f93c   Section        0  system_nrf52.o(i.errata_66)
    errata_66                                0x0007f93d   Thumb Code    42  system_nrf52.o(i.errata_66)
    i.flash_nvic_page_erase                  0x0007f96c   Section        0  boot.o(i.flash_nvic_page_erase)
    i.flash_nvic_word_write                  0x0007f9a8   Section        0  boot.o(i.flash_nvic_word_write)
    i.main                                   0x0007f9e0   Section        0  main.o(i.main)
    i.nrf_bootloader_app_start               0x0007fa14   Section        0  nrf_bootloader_app_start.o(i.nrf_bootloader_app_start)
    i.nrf_dfu_mbr_init_sd                    0x0007fa50   Section        0  nrf_dfu_mbr.o(i.nrf_dfu_mbr_init_sd)
    .constdata                               0x0007fa6c   Section       64  nrf_dfu_mbr.o(.constdata)
    .data                                    0x20002180   Section        8  main.o(.data)
    .data                                    0x20002188   Section        4  system_nrf52.o(.data)
    __tagsym$$used                           0x20002188   Number         0  system_nrf52.o(.data)
    STACK                                    0x20002190   Section     8192  arm_startup_nrf52.o(STACK)

    Global Symbols

    Symbol Name                              Value     Ov Type        Size  Object(Section)

    BuildAttributes$$THM_ISAv4$E$P$D$K$B$S$7EM$VFPi3$EXTD16$VFPS$VFMA$PE$A:L22UL41UL21$X:L11$S22US41US21$IEEE1$IW$USESV6$~STKCKD$USESV7$~SHL$OSPACE$EBA8$MICROLIB$REQ8$PRES8$EABIv2 0x00000000   Number         0  anon$$obj.o ABSOLUTE
    __ARM_use_no_argv                        0x00000000   Number         0  main.o ABSOLUTE
    __cpp_initialize__aeabi_                  - Undefined Weak Reference
    __cxa_finalize                            - Undefined Weak Reference
    __decompress                              - Undefined Weak Reference
    _clock_init                               - Undefined Weak Reference
    _microlib_exit                            - Undefined Weak Reference
    __Vectors_Size                           0x00000200   Number         0  arm_startup_nrf52.o ABSOLUTE
    __Vectors                                0x0007f000   Data           4  arm_startup_nrf52.o(RESET)
    __Vectors_End                            0x0007f200   Data           0  arm_startup_nrf52.o(RESET)
    __main                                   0x0007f201   Thumb Code     0  entry.o(.ARM.Collect$$$$00000000)
    _main_stk                                0x0007f201   Thumb Code     0  entry2.o(.ARM.Collect$$$$00000001)
    _main_scatterload                        0x0007f205   Thumb Code     0  entry5.o(.ARM.Collect$$$$00000004)
    __main_after_scatterload                 0x0007f209   Thumb Code     0  entry5.o(.ARM.Collect$$$$00000004)
    _main_clock                              0x0007f209   Thumb Code     0  entry7b.o(.ARM.Collect$$$$00000008)
    _main_cpp_init                           0x0007f209   Thumb Code     0  entry8b.o(.ARM.Collect$$$$0000000A)
    _main_init                               0x0007f209   Thumb Code     0  entry9a.o(.ARM.Collect$$$$0000000B)
    __rt_final_cpp                           0x0007f211   Thumb Code     0  entry10a.o(.ARM.Collect$$$$0000000D)
    __rt_final_exit                          0x0007f211   Thumb Code     0  entry11a.o(.ARM.Collect$$$$0000000F)
    nrf_bootloader_app_start_impl            0x0007f215   Thumb Code    64  nrf_bootloader_app_start_asm.o(.emb_text)
    Reset_Handler                            0x0007f255   Thumb Code     8  arm_startup_nrf52.o(.text)
    NMI_Handler                              0x0007f25d   Thumb Code     2  arm_startup_nrf52.o(.text)
    HardFault_Handler                        0x0007f25f   Thumb Code     2  arm_startup_nrf52.o(.text)
    MemoryManagement_Handler                 0x0007f261   Thumb Code     2  arm_startup_nrf52.o(.text)
    BusFault_Handler                         0x0007f263   Thumb Code     2  arm_startup_nrf52.o(.text)
    UsageFault_Handler                       0x0007f265   Thumb Code     2  arm_startup_nrf52.o(.text)
    SVC_Handler                              0x0007f267   Thumb Code     2  arm_startup_nrf52.o(.text)
    DebugMon_Handler                         0x0007f269   Thumb Code     2  arm_startup_nrf52.o(.text)
    PendSV_Handler                           0x0007f26b   Thumb Code     2  arm_startup_nrf52.o(.text)
    SysTick_Handler                          0x0007f26d   Thumb Code     2  arm_startup_nrf52.o(.text)
    CCM_AAR_IRQHandler                       0x0007f26f   Thumb Code     0  arm_startup_nrf52.o(.text)
    COMP_LPCOMP_IRQHandler                   0x0007f26f   Thumb Code     0  arm_startup_nrf52.o(.text)
    ECB_IRQHandler                           0x0007f26f   Thumb Code     0  arm_startup_nrf52.o(.text)
    FPU_IRQHandler                           0x0007f26f   Thumb Code     0  arm_startup_nrf52.o(.text)
    GPIOTE_IRQHandler                        0x0007f26f   Thumb Code     0  arm_startup_nrf52.o(.text)
    I2S_IRQHandler                           0x0007f26f   Thumb Code     0  arm_startup_nrf52.o(.text)
    MWU_IRQHandler                           0x0007f26f   Thumb Code     0  arm_startup_nrf52.o(.text)
    NFCT_IRQHandler                          0x0007f26f   Thumb Code     0  arm_startup_nrf52.o(.text)
    PDM_IRQHandler                           0x0007f26f   Thumb Code     0  arm_startup_nrf52.o(.text)
    POWER_CLOCK_IRQHandler                   0x0007f26f   Thumb Code     0  arm_startup_nrf52.o(.text)
    PWM0_IRQHandler                          0x0007f26f   Thumb Code     0  arm_startup_nrf52.o(.text)
    PWM1_IRQHandler                          0x0007f26f   Thumb Code     0  arm_startup_nrf52.o(.text)
    PWM2_IRQHandler                          0x0007f26f   Thumb Code     0  arm_startup_nrf52.o(.text)
    QDEC_IRQHandler                          0x0007f26f   Thumb Code     0  arm_startup_nrf52.o(.text)
    RADIO_IRQHandler                         0x0007f26f   Thumb Code     0  arm_startup_nrf52.o(.text)
    RNG_IRQHandler                           0x0007f26f   Thumb Code     0  arm_startup_nrf52.o(.text)
    RTC0_IRQHandler                          0x0007f26f   Thumb Code     0  arm_startup_nrf52.o(.text)
    RTC1_IRQHandler                          0x0007f26f   Thumb Code     0  arm_startup_nrf52.o(.text)
    RTC2_IRQHandler                          0x0007f26f   Thumb Code     0  arm_startup_nrf52.o(.text)
    SAADC_IRQHandler                         0x0007f26f   Thumb Code     0  arm_startup_nrf52.o(.text)
    SPIM0_SPIS0_TWIM0_TWIS0_SPI0_TWI0_IRQHandler 0x0007f26f   Thumb Code     0  arm_startup_nrf52.o(.text)
    SPIM1_SPIS1_TWIM1_TWIS1_SPI1_TWI1_IRQHandler 0x0007f26f   Thumb Code     0  arm_startup_nrf52.o(.text)
    SPIM2_SPIS2_SPI2_IRQHandler              0x0007f26f   Thumb Code     0  arm_startup_nrf52.o(.text)
    SWI0_EGU0_IRQHandler                     0x0007f26f   Thumb Code     0  arm_startup_nrf52.o(.text)
    SWI1_EGU1_IRQHandler                     0x0007f26f   Thumb Code     0  arm_startup_nrf52.o(.text)
    SWI2_EGU2_IRQHandler                     0x0007f26f   Thumb Code     0  arm_startup_nrf52.o(.text)
    SWI3_EGU3_IRQHandler                     0x0007f26f   Thumb Code     0  arm_startup_nrf52.o(.text)
    SWI4_EGU4_IRQHandler                     0x0007f26f   Thumb Code     0  arm_startup_nrf52.o(.text)
    SWI5_EGU5_IRQHandler                     0x0007f26f   Thumb Code     0  arm_startup_nrf52.o(.text)
    TEMP_IRQHandler                          0x0007f26f   Thumb Code     0  arm_startup_nrf52.o(.text)
    TIMER0_IRQHandler                        0x0007f26f   Thumb Code     0  arm_startup_nrf52.o(.text)
    TIMER1_IRQHandler                        0x0007f26f   Thumb Code     0  arm_startup_nrf52.o(.text)
    TIMER2_IRQHandler                        0x0007f26f   Thumb Code     0  arm_startup_nrf52.o(.text)
    TIMER3_IRQHandler                        0x0007f26f   Thumb Code     0  arm_startup_nrf52.o(.text)
    TIMER4_IRQHandler                        0x0007f26f   Thumb Code     0  arm_startup_nrf52.o(.text)
    UARTE0_UART0_IRQHandler                  0x0007f26f   Thumb Code     0  arm_startup_nrf52.o(.text)
    WDT_IRQHandler                           0x0007f26f   Thumb Code     0  arm_startup_nrf52.o(.text)
    __scatterload                            0x0007f279   Thumb Code    28  init.o(.text)
    __scatterload_rt2                        0x0007f279   Thumb Code     0  init.o(.text)
    CalcCrc16                                0x0007f29d   Thumb Code    60  main.o(i.CalcCrc16)
    CleanUpflg                               0x0007f2d9   Thumb Code    20  main.o(i.CleanUpflg)
    EraseBoot                                0x0007f2ed   Thumb Code    52  boot.o(i.EraseBoot)
    IsNeedUpdata                             0x0007f329   Thumb Code   100  main.o(i.IsNeedUpdata)
    SystemCoreClockUpdate                    0x0007f39d   Thumb Code     8  system_nrf52.o(i.SystemCoreClockUpdate)
    SystemInit                               0x0007f3ad   Thumb Code   466  system_nrf52.o(i.SystemInit)
    WriteToFlash                             0x0007f615   Thumb Code    92  main.o(i.WriteToFlash)
    __scatterload_copy                       0x0007f675   Thumb Code    14  handlers.o(i.__scatterload_copy)
    __scatterload_null                       0x0007f683   Thumb Code     2  handlers.o(i.__scatterload_null)
    __scatterload_zeroinit                   0x0007f685   Thumb Code    14  handlers.o(i.__scatterload_zeroinit)
    boot_to_new_appilacation                 0x0007f695   Thumb Code    98  boot.o(i.boot_to_new_appilacation)
    checkok                                  0x0007f6fd   Thumb Code    38  main.o(i.checkok)
    flash_nvic_page_erase                    0x0007f96d   Thumb Code    50  boot.o(i.flash_nvic_page_erase)
    flash_nvic_word_write                    0x0007f9a9   Thumb Code    46  boot.o(i.flash_nvic_word_write)
    main                                     0x0007f9e1   Thumb Code    52  main.o(i.main)
    nrf_bootloader_app_start                 0x0007fa15   Thumb Code    50  nrf_bootloader_app_start.o(i.nrf_bootloader_app_start)
    nrf_dfu_mbr_init_sd                      0x0007fa51   Thumb Code    22  nrf_dfu_mbr.o(i.nrf_dfu_mbr_init_sd)
    Region$$Table$$Base                      0x0007faac   Number         0  anon$$obj.o(Region$$Table)
    Region$$Table$$Limit                     0x0007facc   Number         0  anon$$obj.o(Region$$Table)
    size                                     0x20002180   Data           4  main.o(.data)
    crc                                      0x20002184   Data           2  main.o(.data)
    version_boot                             0x20002186   Data           2  main.o(.data)
    SystemCoreClock                          0x20002188   Data           4  system_nrf52.o(.data)
    __initial_sp                             0x20004190   Data           0  arm_startup_nrf52.o(STACK)



==============================================================================

Memory Map of the image

  Image Entry point : 0x0007f201

  Load Region LR_IROM1 (Base: 0x0007f000, Size: 0x00000ad8, Max: 0x00001000, ABSOLUTE)

    Execution Region ER_IROM1 (Base: 0x0007f000, Size: 0x00000acc, Max: 0x00001000, ABSOLUTE)

    Base Addr    Size         Type   Attr      Idx    E Section Name        Object

    0x0007f000   0x00000200   Data   RO          456    RESET               arm_startup_nrf52.o
    0x0007f200   0x00000000   Code   RO          542  * .ARM.Collect$$$$00000000  mc_w.l(entry.o)
    0x0007f200   0x00000004   Code   RO          545    .ARM.Collect$$$$00000001  mc_w.l(entry2.o)
    0x0007f204   0x00000004   Code   RO          548    .ARM.Collect$$$$00000004  mc_w.l(entry5.o)
    0x0007f208   0x00000000   Code   RO          550    .ARM.Collect$$$$00000008  mc_w.l(entry7b.o)
    0x0007f208   0x00000000   Code   RO          552    .ARM.Collect$$$$0000000A  mc_w.l(entry8b.o)
    0x0007f208   0x00000008   Code   RO          553    .ARM.Collect$$$$0000000B  mc_w.l(entry9a.o)
    0x0007f210   0x00000000   Code   RO          555    .ARM.Collect$$$$0000000D  mc_w.l(entry10a.o)
    0x0007f210   0x00000000   Code   RO          557    .ARM.Collect$$$$0000000F  mc_w.l(entry11a.o)
    0x0007f210   0x00000004   Code   RO          546    .ARM.Collect$$$$00002712  mc_w.l(entry2.o)
    0x0007f214   0x00000040   Code   RO          403    .emb_text           nrf_bootloader_app_start_asm.o
    0x0007f254   0x00000024   Code   RO          457    .text               arm_startup_nrf52.o
    0x0007f278   0x00000024   Code   RO          559    .text               mc_w.l(init.o)
    0x0007f29c   0x0000003c   Code   RO            3    i.CalcCrc16         main.o
    0x0007f2d8   0x00000014   Code   RO            4    i.CleanUpflg        main.o
    0x0007f2ec   0x0000003c   Code   RO          415    i.EraseBoot         boot.o
    0x0007f328   0x00000074   Code   RO            5    i.IsNeedUpdata      main.o
    0x0007f39c   0x00000010   Code   RO          463    i.SystemCoreClockUpdate  system_nrf52.o
    0x0007f3ac   0x00000268   Code   RO          464    i.SystemInit        system_nrf52.o
    0x0007f614   0x00000060   Code   RO            6    i.WriteToFlash      main.o
    0x0007f674   0x0000000e   Code   RO          563    i.__scatterload_copy  mc_w.l(handlers.o)
    0x0007f682   0x00000002   Code   RO          564    i.__scatterload_null  mc_w.l(handlers.o)
    0x0007f684   0x0000000e   Code   RO          565    i.__scatterload_zeroinit  mc_w.l(handlers.o)
    0x0007f692   0x00000002   PAD
    0x0007f694   0x00000068   Code   RO          416    i.boot_to_new_appilacation  boot.o
    0x0007f6fc   0x00000030   Code   RO            7    i.checkok           main.o
    0x0007f72c   0x00000054   Code   RO          465    i.errata_108        system_nrf52.o
    0x0007f780   0x00000054   Code   RO          466    i.errata_12         system_nrf52.o
    0x0007f7d4   0x00000030   Code   RO          467    i.errata_16         system_nrf52.o
    0x0007f804   0x00000054   Code   RO          468    i.errata_31         system_nrf52.o
    0x0007f858   0x00000030   Code   RO          469    i.errata_32         system_nrf52.o
    0x0007f888   0x00000054   Code   RO          470    i.errata_36         system_nrf52.o
    0x0007f8dc   0x00000030   Code   RO          471    i.errata_37         system_nrf52.o
    0x0007f90c   0x00000030   Code   RO          472    i.errata_57         system_nrf52.o
    0x0007f93c   0x00000030   Code   RO          473    i.errata_66         system_nrf52.o
    0x0007f96c   0x0000003c   Code   RO          417    i.flash_nvic_page_erase  boot.o
    0x0007f9a8   0x00000038   Code   RO          418    i.flash_nvic_word_write  boot.o
    0x0007f9e0   0x00000034   Code   RO            8    i.main              main.o
    0x0007fa14   0x0000003c   Code   RO          315    i.nrf_bootloader_app_start  nrf_bootloader_app_start.o
    0x0007fa50   0x0000001c   Code   RO          344    i.nrf_dfu_mbr_init_sd  nrf_dfu_mbr.o
    0x0007fa6c   0x00000040   Data   RO          346    .constdata          nrf_dfu_mbr.o
    0x0007faac   0x00000020   Data   RO          561    Region$$Table       anon$$obj.o


    Execution Region RW_IRAM1 (Base: 0x20002180, Size: 0x00002010, Max: 0x00004000, ABSOLUTE)

    Base Addr    Size         Type   Attr      Idx    E Section Name        Object

    0x20002180   0x00000008   Data   RW            9    .data               main.o
    0x20002188   0x00000004   Data   RW          474    .data               system_nrf52.o
    0x2000218c   0x00000004   PAD
    0x20002190   0x00002000   Zero   RW          454    STACK               arm_startup_nrf52.o


==============================================================================

Image component sizes


      Code (inc. data)   RO Data    RW Data    ZI Data      Debug   Object Name

        36          8        512          0       8192        804   arm_startup_nrf52.o
       280         34          0          0          0       2291   boot.o
       392         30          0          8          0      36924   main.o
        60         10          0          0          0        643   nrf_bootloader_app_start.o
        64          2          0          0          0        456   nrf_bootloader_app_start_asm.o
        28          6         64          0          0       1890   nrf_dfu_mbr.o
      1208        212          0          4          0      32090   system_nrf52.o

    ----------------------------------------------------------------------
      2068        302        608         12       8196      75098   Object Totals
         0          0         32          0          0          0   (incl. Generated)
         0          0          0          0          4          0   (incl. Padding)

    ----------------------------------------------------------------------

      Code (inc. data)   RO Data    RW Data    ZI Data      Debug   Library Member Name

         0          0          0          0          0          0   entry.o
         0          0          0          0          0          0   entry10a.o
         0          0          0          0          0          0   entry11a.o
         8          4          0          0          0          0   entry2.o
         4          0          0          0          0          0   entry5.o
         0          0          0          0          0          0   entry7b.o
         0          0          0          0          0          0   entry8b.o
         8          4          0          0          0          0   entry9a.o
        30          0          0          0          0          0   handlers.o
        36          8          0          0          0         68   init.o

    ----------------------------------------------------------------------
        88         16          0          0          0         68   Library Totals
         2          0          0          0          0          0   (incl. Padding)

    ----------------------------------------------------------------------

      Code (inc. data)   RO Data    RW Data    ZI Data      Debug   Library Name

        86         16          0          0          0         68   mc_w.l

    ----------------------------------------------------------------------
        88         16          0          0          0         68   Library Totals

    ----------------------------------------------------------------------

==============================================================================


      Code (inc. data)   RO Data    RW Data    ZI Data      Debug   

      2156        318        608         12       8196      73166   Grand Totals
      2156        318        608         12       8196      73166   ELF Image Totals
      2156        318        608         12          0          0   ROM Totals

==============================================================================

    Total RO  Size (Code + RO Data)                 2764 (   2.70kB)
    Total RW  Size (RW Data + ZI Data)              8208 (   8.02kB)
    Total ROM Size (Code + RO Data + RW Data)       2776 (   2.71kB)

==============================================================================

